<!doctype html public "-//w3c//dtd html 4.0 transitional//en">
<html><head>
<title>Static Call Graph - [.\Objects\ncontroller.axf]</title></head>
<body><HR>
<H1>Static Call Graph for image .\Objects\ncontroller.axf</H1><HR>
<BR><P>#&#060CALLGRAPH&#062# ARM Linker, 6220000: Last Updated: Sat Aug  2 15:48:45 2025
<BR><P>
<H3>Maximum Stack Usage =       1528 bytes + Unknown(Cycles, Untraceable Function Pointers)</H3><H3>
Call chain for Maximum Stack Depth:</H3>
main &rArr; screen_display &rArr; WriteFlashParameter &rArr; W25QXX_Write_f &rArr; W25QXX_Write &rArr; W25QXX_Write_NoCheck &rArr; W25Q64_write_page &rArr; W25Q64_wait_busy &rArr; spi_read_write_byte &rArr; delay_us &rArr; delayMicroseconds &rArr; micros &rArr; __aeabi_uidiv
<P>
<H3>
Mutually Recursive functions
</H3> <LI><a href="#[3]">SVC_Handler</a>&nbsp;&nbsp;&nbsp;&rArr;&nbsp;&nbsp;&nbsp;<a href="#[3]">SVC_Handler</a><BR>
 <LI><a href="#[4]">PendSV_Handler</a>&nbsp;&nbsp;&nbsp;&rArr;&nbsp;&nbsp;&nbsp;<a href="#[4]">PendSV_Handler</a><BR>
</UL>
<P>
<H3>
Function Pointers
</H3><UL>
 <LI><a href="#[a]">ADC0_IRQHandler</a> from startup_mspm0g350x_uvision.o(.text) referenced from startup_mspm0g350x_uvision.o(RESET)
 <LI><a href="#[b]">ADC1_IRQHandler</a> from startup_mspm0g350x_uvision.o(.text) referenced from startup_mspm0g350x_uvision.o(RESET)
 <LI><a href="#[1b]">AES_IRQHandler</a> from startup_mspm0g350x_uvision.o(.text) referenced from startup_mspm0g350x_uvision.o(RESET)
 <LI><a href="#[c]">CANFD0_IRQHandler</a> from startup_mspm0g350x_uvision.o(.text) referenced from startup_mspm0g350x_uvision.o(RESET)
 <LI><a href="#[d]">DAC0_IRQHandler</a> from startup_mspm0g350x_uvision.o(.text) referenced from startup_mspm0g350x_uvision.o(RESET)
 <LI><a href="#[1d]">DMA_IRQHandler</a> from startup_mspm0g350x_uvision.o(.text) referenced from startup_mspm0g350x_uvision.o(RESET)
 <LI><a href="#[6]">GROUP0_IRQHandler</a> from startup_mspm0g350x_uvision.o(.text) referenced from startup_mspm0g350x_uvision.o(RESET)
 <LI><a href="#[7]">GROUP1_IRQHandler</a> from nppm.o(.text.GROUP1_IRQHandler) referenced from startup_mspm0g350x_uvision.o(RESET)
 <LI><a href="#[2]">HardFault_Handler</a> from system.o(.text.HardFault_Handler) referenced from startup_mspm0g350x_uvision.o(RESET)
 <LI><a href="#[19]">I2C0_IRQHandler</a> from startup_mspm0g350x_uvision.o(.text) referenced from startup_mspm0g350x_uvision.o(RESET)
 <LI><a href="#[1a]">I2C1_IRQHandler</a> from startup_mspm0g350x_uvision.o(.text) referenced from startup_mspm0g350x_uvision.o(RESET)
 <LI><a href="#[1]">NMI_Handler</a> from system.o(.text.NMI_Handler) referenced from startup_mspm0g350x_uvision.o(RESET)
 <LI><a href="#[4]">PendSV_Handler</a> from startup_mspm0g350x_uvision.o(.text) referenced from startup_mspm0g350x_uvision.o(RESET)
 <LI><a href="#[1c]">RTC_IRQHandler</a> from startup_mspm0g350x_uvision.o(.text) referenced from startup_mspm0g350x_uvision.o(RESET)
 <LI><a href="#[0]">Reset_Handler</a> from startup_mspm0g350x_uvision.o(.text) referenced from startup_mspm0g350x_uvision.o(RESET)
 <LI><a href="#[e]">SPI0_IRQHandler</a> from startup_mspm0g350x_uvision.o(.text) referenced from startup_mspm0g350x_uvision.o(RESET)
 <LI><a href="#[f]">SPI1_IRQHandler</a> from startup_mspm0g350x_uvision.o(.text) referenced from startup_mspm0g350x_uvision.o(RESET)
 <LI><a href="#[3]">SVC_Handler</a> from startup_mspm0g350x_uvision.o(.text) referenced from startup_mspm0g350x_uvision.o(RESET)
 <LI><a href="#[5]">SysTick_Handler</a> from system.o(.text.SysTick_Handler) referenced from startup_mspm0g350x_uvision.o(RESET)
 <LI><a href="#[15]">TIMA0_IRQHandler</a> from startup_mspm0g350x_uvision.o(.text) referenced from startup_mspm0g350x_uvision.o(RESET)
 <LI><a href="#[16]">TIMA1_IRQHandler</a> from startup_mspm0g350x_uvision.o(.text) referenced from startup_mspm0g350x_uvision.o(RESET)
 <LI><a href="#[13]">TIMG0_IRQHandler</a> from ntimer.o(.text.TIMG0_IRQHandler) referenced from startup_mspm0g350x_uvision.o(RESET)
 <LI><a href="#[18]">TIMG12_IRQHandler</a> from ntimer.o(.text.TIMG12_IRQHandler) referenced from startup_mspm0g350x_uvision.o(RESET)
 <LI><a href="#[14]">TIMG6_IRQHandler</a> from ntimer.o(.text.TIMG6_IRQHandler) referenced from startup_mspm0g350x_uvision.o(RESET)
 <LI><a href="#[17]">TIMG7_IRQHandler</a> from startup_mspm0g350x_uvision.o(.text) referenced from startup_mspm0g350x_uvision.o(RESET)
 <LI><a href="#[8]">TIMG8_IRQHandler</a> from ntimer.o(.text.TIMG8_IRQHandler) referenced from startup_mspm0g350x_uvision.o(RESET)
 <LI><a href="#[12]">UART0_IRQHandler</a> from nuart.o(.text.UART0_IRQHandler) referenced from startup_mspm0g350x_uvision.o(RESET)
 <LI><a href="#[10]">UART1_IRQHandler</a> from nuart.o(.text.UART1_IRQHandler) referenced from startup_mspm0g350x_uvision.o(RESET)
 <LI><a href="#[11]">UART2_IRQHandler</a> from nuart.o(.text.UART2_IRQHandler) referenced from startup_mspm0g350x_uvision.o(RESET)
 <LI><a href="#[9]">UART3_IRQHandler</a> from startup_mspm0g350x_uvision.o(.text) referenced from startup_mspm0g350x_uvision.o(RESET)
 <LI><a href="#[1f]">__main</a> from entry.o(.ARM.Collect$$$$00000000) referenced from startup_mspm0g350x_uvision.o(.text)
 <LI><a href="#[1e]">main</a> from main.o(.text.main) referenced from entry9a.o(.ARM.Collect$$$$0000000B)
</UL>
<P>
<H3>
Global Symbols
</H3>
<P><STRONG><a name="[1f]"></a>__main</STRONG> (Thumb, 0 bytes, Stack size unknown bytes, entry.o(.ARM.Collect$$$$00000000))
<BR>[Address Reference Count : 1]<UL><LI> startup_mspm0g350x_uvision.o(.text)
</UL>
<P><STRONG><a name="[1e5]"></a>_main_stk</STRONG> (Thumb, 0 bytes, Stack size unknown bytes, entry2.o(.ARM.Collect$$$$00000001))

<P><STRONG><a name="[20]"></a>_main_scatterload</STRONG> (Thumb, 0 bytes, Stack size unknown bytes, entry5.o(.ARM.Collect$$$$00000004))
<BR><BR>[Calls]<UL><LI><a href="#[21]">&gt;&gt;</a>&nbsp;&nbsp;&nbsp;__scatterload
</UL>

<P><STRONG><a name="[40]"></a>__main_after_scatterload</STRONG> (Thumb, 0 bytes, Stack size unknown bytes, entry5.o(.ARM.Collect$$$$00000004))
<BR><BR>[Called By]<UL><LI><a href="#[21]">&gt;&gt;</a>&nbsp;&nbsp;&nbsp;__scatterload
</UL>

<P><STRONG><a name="[1e6]"></a>_main_clock</STRONG> (Thumb, 0 bytes, Stack size unknown bytes, entry7b.o(.ARM.Collect$$$$00000008))

<P><STRONG><a name="[1e7]"></a>_main_cpp_init</STRONG> (Thumb, 0 bytes, Stack size unknown bytes, entry8b.o(.ARM.Collect$$$$0000000A))

<P><STRONG><a name="[1e8]"></a>_main_init</STRONG> (Thumb, 0 bytes, Stack size unknown bytes, entry9a.o(.ARM.Collect$$$$0000000B))

<P><STRONG><a name="[1e9]"></a>__rt_final_cpp</STRONG> (Thumb, 0 bytes, Stack size unknown bytes, entry10a.o(.ARM.Collect$$$$0000000D))

<P><STRONG><a name="[1ea]"></a>__rt_final_exit</STRONG> (Thumb, 0 bytes, Stack size unknown bytes, entry11a.o(.ARM.Collect$$$$0000000F))

<P><STRONG><a name="[0]"></a>Reset_Handler</STRONG> (Thumb, 4 bytes, Stack size 0 bytes, startup_mspm0g350x_uvision.o(.text))
<BR>[Address Reference Count : 1]<UL><LI> startup_mspm0g350x_uvision.o(RESET)
</UL>
<P><STRONG><a name="[3]"></a>SVC_Handler</STRONG> (Thumb, 2 bytes, Stack size 0 bytes, startup_mspm0g350x_uvision.o(.text))
<BR><BR>[Calls]<UL><LI><a href="#[3]">&gt;&gt;</a>&nbsp;&nbsp;&nbsp;SVC_Handler
</UL>
<BR>[Called By]<UL><LI><a href="#[3]">&gt;&gt;</a>&nbsp;&nbsp;&nbsp;SVC_Handler
</UL>
<BR>[Address Reference Count : 1]<UL><LI> startup_mspm0g350x_uvision.o(RESET)
</UL>
<P><STRONG><a name="[4]"></a>PendSV_Handler</STRONG> (Thumb, 2 bytes, Stack size 0 bytes, startup_mspm0g350x_uvision.o(.text))
<BR><BR>[Calls]<UL><LI><a href="#[4]">&gt;&gt;</a>&nbsp;&nbsp;&nbsp;PendSV_Handler
</UL>
<BR>[Called By]<UL><LI><a href="#[4]">&gt;&gt;</a>&nbsp;&nbsp;&nbsp;PendSV_Handler
</UL>
<BR>[Address Reference Count : 1]<UL><LI> startup_mspm0g350x_uvision.o(RESET)
</UL>
<P><STRONG><a name="[a]"></a>ADC0_IRQHandler</STRONG> (Thumb, 0 bytes, Stack size 0 bytes, startup_mspm0g350x_uvision.o(.text))
<BR>[Address Reference Count : 1]<UL><LI> startup_mspm0g350x_uvision.o(RESET)
</UL>
<P><STRONG><a name="[b]"></a>ADC1_IRQHandler</STRONG> (Thumb, 0 bytes, Stack size 0 bytes, startup_mspm0g350x_uvision.o(.text))
<BR>[Address Reference Count : 1]<UL><LI> startup_mspm0g350x_uvision.o(RESET)
</UL>
<P><STRONG><a name="[1b]"></a>AES_IRQHandler</STRONG> (Thumb, 0 bytes, Stack size 0 bytes, startup_mspm0g350x_uvision.o(.text))
<BR>[Address Reference Count : 1]<UL><LI> startup_mspm0g350x_uvision.o(RESET)
</UL>
<P><STRONG><a name="[c]"></a>CANFD0_IRQHandler</STRONG> (Thumb, 0 bytes, Stack size 0 bytes, startup_mspm0g350x_uvision.o(.text))
<BR>[Address Reference Count : 1]<UL><LI> startup_mspm0g350x_uvision.o(RESET)
</UL>
<P><STRONG><a name="[d]"></a>DAC0_IRQHandler</STRONG> (Thumb, 0 bytes, Stack size 0 bytes, startup_mspm0g350x_uvision.o(.text))
<BR>[Address Reference Count : 1]<UL><LI> startup_mspm0g350x_uvision.o(RESET)
</UL>
<P><STRONG><a name="[1d]"></a>DMA_IRQHandler</STRONG> (Thumb, 0 bytes, Stack size 0 bytes, startup_mspm0g350x_uvision.o(.text))
<BR>[Address Reference Count : 1]<UL><LI> startup_mspm0g350x_uvision.o(RESET)
</UL>
<P><STRONG><a name="[22]"></a>Default_Handler</STRONG> (Thumb, 2 bytes, Stack size 0 bytes, startup_mspm0g350x_uvision.o(.text), UNUSED)
<BR><BR>[Calls]<UL><LI><a href="#[22]">&gt;&gt;</a>&nbsp;&nbsp;&nbsp;Default_Handler
</UL>
<BR>[Called By]<UL><LI><a href="#[22]">&gt;&gt;</a>&nbsp;&nbsp;&nbsp;Default_Handler
</UL>

<P><STRONG><a name="[6]"></a>GROUP0_IRQHandler</STRONG> (Thumb, 0 bytes, Stack size 0 bytes, startup_mspm0g350x_uvision.o(.text))
<BR>[Address Reference Count : 1]<UL><LI> startup_mspm0g350x_uvision.o(RESET)
</UL>
<P><STRONG><a name="[19]"></a>I2C0_IRQHandler</STRONG> (Thumb, 0 bytes, Stack size 0 bytes, startup_mspm0g350x_uvision.o(.text))
<BR>[Address Reference Count : 1]<UL><LI> startup_mspm0g350x_uvision.o(RESET)
</UL>
<P><STRONG><a name="[1a]"></a>I2C1_IRQHandler</STRONG> (Thumb, 0 bytes, Stack size 0 bytes, startup_mspm0g350x_uvision.o(.text))
<BR>[Address Reference Count : 1]<UL><LI> startup_mspm0g350x_uvision.o(RESET)
</UL>
<P><STRONG><a name="[1c]"></a>RTC_IRQHandler</STRONG> (Thumb, 0 bytes, Stack size 0 bytes, startup_mspm0g350x_uvision.o(.text))
<BR>[Address Reference Count : 1]<UL><LI> startup_mspm0g350x_uvision.o(RESET)
</UL>
<P><STRONG><a name="[e]"></a>SPI0_IRQHandler</STRONG> (Thumb, 0 bytes, Stack size 0 bytes, startup_mspm0g350x_uvision.o(.text))
<BR>[Address Reference Count : 1]<UL><LI> startup_mspm0g350x_uvision.o(RESET)
</UL>
<P><STRONG><a name="[f]"></a>SPI1_IRQHandler</STRONG> (Thumb, 0 bytes, Stack size 0 bytes, startup_mspm0g350x_uvision.o(.text))
<BR>[Address Reference Count : 1]<UL><LI> startup_mspm0g350x_uvision.o(RESET)
</UL>
<P><STRONG><a name="[15]"></a>TIMA0_IRQHandler</STRONG> (Thumb, 0 bytes, Stack size 0 bytes, startup_mspm0g350x_uvision.o(.text))
<BR>[Address Reference Count : 1]<UL><LI> startup_mspm0g350x_uvision.o(RESET)
</UL>
<P><STRONG><a name="[16]"></a>TIMA1_IRQHandler</STRONG> (Thumb, 0 bytes, Stack size 0 bytes, startup_mspm0g350x_uvision.o(.text))
<BR>[Address Reference Count : 1]<UL><LI> startup_mspm0g350x_uvision.o(RESET)
</UL>
<P><STRONG><a name="[17]"></a>TIMG7_IRQHandler</STRONG> (Thumb, 0 bytes, Stack size 0 bytes, startup_mspm0g350x_uvision.o(.text))
<BR>[Address Reference Count : 1]<UL><LI> startup_mspm0g350x_uvision.o(RESET)
</UL>
<P><STRONG><a name="[9]"></a>UART3_IRQHandler</STRONG> (Thumb, 0 bytes, Stack size 0 bytes, startup_mspm0g350x_uvision.o(.text))
<BR>[Address Reference Count : 1]<UL><LI> startup_mspm0g350x_uvision.o(RESET)
</UL>
<P><STRONG><a name="[1eb]"></a>__aeabi_memcpy</STRONG> (Thumb, 36 bytes, Stack size 0 bytes, memcpya.o(.text), UNUSED)

<P><STRONG><a name="[175]"></a>__aeabi_memcpy4</STRONG> (Thumb, 0 bytes, Stack size 0 bytes, memcpya.o(.text))
<BR><BR>[Called By]<UL><LI><a href="#[19e]">&gt;&gt;</a>&nbsp;&nbsp;&nbsp;rc_range_init
<LI><a href="#[173]">&gt;&gt;</a>&nbsp;&nbsp;&nbsp;ctrl_params_init
</UL>

<P><STRONG><a name="[1ec]"></a>__aeabi_memcpy8</STRONG> (Thumb, 0 bytes, Stack size 0 bytes, memcpya.o(.text), UNUSED)

<P><STRONG><a name="[24]"></a>__aeabi_memset</STRONG> (Thumb, 14 bytes, Stack size 0 bytes, memseta.o(.text))
<BR><BR>[Called By]<UL><LI><a href="#[25]">&gt;&gt;</a>&nbsp;&nbsp;&nbsp;_memset$wrapper
<LI><a href="#[23]">&gt;&gt;</a>&nbsp;&nbsp;&nbsp;__aeabi_memclr
</UL>

<P><STRONG><a name="[1ed]"></a>__aeabi_memset4</STRONG> (Thumb, 0 bytes, Stack size 0 bytes, memseta.o(.text), UNUSED)

<P><STRONG><a name="[1ee]"></a>__aeabi_memset8</STRONG> (Thumb, 0 bytes, Stack size 0 bytes, memseta.o(.text), UNUSED)

<P><STRONG><a name="[23]"></a>__aeabi_memclr</STRONG> (Thumb, 4 bytes, Stack size 0 bytes, memseta.o(.text))
<BR><BR>[Calls]<UL><LI><a href="#[24]">&gt;&gt;</a>&nbsp;&nbsp;&nbsp;__aeabi_memset
</UL>
<BR>[Called By]<UL><LI><a href="#[1b1]">&gt;&gt;</a>&nbsp;&nbsp;&nbsp;ssd1306_clear_display
</UL>

<P><STRONG><a name="[1ef]"></a>__aeabi_memclr4</STRONG> (Thumb, 0 bytes, Stack size 0 bytes, memseta.o(.text), UNUSED)

<P><STRONG><a name="[1f0]"></a>__aeabi_memclr8</STRONG> (Thumb, 0 bytes, Stack size 0 bytes, memseta.o(.text), UNUSED)

<P><STRONG><a name="[25]"></a>_memset$wrapper</STRONG> (Thumb, 18 bytes, Stack size 8 bytes, memseta.o(.text), UNUSED)
<BR><BR>[Calls]<UL><LI><a href="#[24]">&gt;&gt;</a>&nbsp;&nbsp;&nbsp;__aeabi_memset
</UL>

<P><STRONG><a name="[26]"></a>__aeabi_fadd</STRONG> (Thumb, 162 bytes, Stack size 24 bytes, fadd.o(.text))
<BR><BR>[Stack]<UL><LI>Max Depth = 36<LI>Call Chain = __aeabi_fadd &rArr; _float_epilogue
</UL>
<BR>[Calls]<UL><LI><a href="#[28]">&gt;&gt;</a>&nbsp;&nbsp;&nbsp;_float_round
<LI><a href="#[27]">&gt;&gt;</a>&nbsp;&nbsp;&nbsp;_float_epilogue
</UL>
<BR>[Called By]<UL><LI><a href="#[29]">&gt;&gt;</a>&nbsp;&nbsp;&nbsp;__aeabi_fsub
<LI><a href="#[136]">&gt;&gt;</a>&nbsp;&nbsp;&nbsp;get_systime
<LI><a href="#[17e]">&gt;&gt;</a>&nbsp;&nbsp;&nbsp;gpio_input_check_channel_12_with_handle
<LI><a href="#[192]">&gt;&gt;</a>&nbsp;&nbsp;&nbsp;imu_temperature_ctrl
<LI><a href="#[1a8]">&gt;&gt;</a>&nbsp;&nbsp;&nbsp;trackless_ahrs_update
<LI><a href="#[18e]">&gt;&gt;</a>&nbsp;&nbsp;&nbsp;imu_data_sampling
<LI><a href="#[1a7]">&gt;&gt;</a>&nbsp;&nbsp;&nbsp;motor_output
<LI><a href="#[1a6]">&gt;&gt;</a>&nbsp;&nbsp;&nbsp;sdk_duty_run
<LI><a href="#[189]">&gt;&gt;</a>&nbsp;&nbsp;&nbsp;get_wheel_speed
<LI><a href="#[1a4]">&gt;&gt;</a>&nbsp;&nbsp;&nbsp;screen_display
<LI><a href="#[89]">&gt;&gt;</a>&nbsp;&nbsp;&nbsp;FusionAhrsGetEarthAcceleration
<LI><a href="#[191]">&gt;&gt;</a>&nbsp;&nbsp;&nbsp;kalman_filter
<LI><a href="#[16d]">&gt;&gt;</a>&nbsp;&nbsp;&nbsp;calculate_quaternion_init
<LI><a href="#[1ad]">&gt;&gt;</a>&nbsp;&nbsp;&nbsp;quaternion_to_cb2n
<LI><a href="#[170]">&gt;&gt;</a>&nbsp;&nbsp;&nbsp;euler_to_quaternion
<LI><a href="#[b2]">&gt;&gt;</a>&nbsp;&nbsp;&nbsp;FusionQuaternionToEuler
<LI><a href="#[18f]">&gt;&gt;</a>&nbsp;&nbsp;&nbsp;set_cutoff_frequency
<LI><a href="#[d1]">&gt;&gt;</a>&nbsp;&nbsp;&nbsp;LPButterworth
<LI><a href="#[18a]">&gt;&gt;</a>&nbsp;&nbsp;&nbsp;pid_control_run
<LI><a href="#[83]">&gt;&gt;</a>&nbsp;&nbsp;&nbsp;FastCos
<LI><a href="#[87]">&gt;&gt;</a>&nbsp;&nbsp;&nbsp;FastSin
<LI><a href="#[88]">&gt;&gt;</a>&nbsp;&nbsp;&nbsp;FastSinCos
<LI><a href="#[d7]">&gt;&gt;</a>&nbsp;&nbsp;&nbsp;constrain_float
<LI><a href="#[18b]">&gt;&gt;</a>&nbsp;&nbsp;&nbsp;imu_calibration
<LI><a href="#[c9]">&gt;&gt;</a>&nbsp;&nbsp;&nbsp;ICM206xx_Read_Data
<LI><a href="#[183]">&gt;&gt;</a>&nbsp;&nbsp;&nbsp;get_battery_voltage
<LI><a href="#[15c]">&gt;&gt;</a>&nbsp;&nbsp;&nbsp;auto_drive_smartcar_duty4
<LI><a href="#[15b]">&gt;&gt;</a>&nbsp;&nbsp;&nbsp;auto_drive_smartcar_duty3
<LI><a href="#[153]">&gt;&gt;</a>&nbsp;&nbsp;&nbsp;auto_drive_smartcar_duty2
<LI><a href="#[160]">&gt;&gt;</a>&nbsp;&nbsp;&nbsp;auto_parallel_park
<LI><a href="#[182]">&gt;&gt;</a>&nbsp;&nbsp;&nbsp;position_control
<LI><a href="#[184]">&gt;&gt;</a>&nbsp;&nbsp;&nbsp;get_distance_error
<LI><a href="#[154]">&gt;&gt;</a>&nbsp;&nbsp;&nbsp;steer_control
<LI><a href="#[1c6]">&gt;&gt;</a>&nbsp;&nbsp;&nbsp;steer_angle_ctrl
<LI><a href="#[155]">&gt;&gt;</a>&nbsp;&nbsp;&nbsp;speed_control_100hz
<LI><a href="#[158]">&gt;&gt;</a>&nbsp;&nbsp;&nbsp;gray_turn_control_200hz
<LI><a href="#[1df]">&gt;&gt;</a>&nbsp;&nbsp;&nbsp;__mathlib_rredf2
<LI><a href="#[1db]">&gt;&gt;</a>&nbsp;&nbsp;&nbsp;__mathlib_flt_infnan2
<LI><a href="#[1b7]">&gt;&gt;</a>&nbsp;&nbsp;&nbsp;tanf
<LI><a href="#[91]">&gt;&gt;</a>&nbsp;&nbsp;&nbsp;sinf
<LI><a href="#[94]">&gt;&gt;</a>&nbsp;&nbsp;&nbsp;powf
<LI><a href="#[90]">&gt;&gt;</a>&nbsp;&nbsp;&nbsp;cosf
<LI><a href="#[8e]">&gt;&gt;</a>&nbsp;&nbsp;&nbsp;atan2f
<LI><a href="#[2a]">&gt;&gt;</a>&nbsp;&nbsp;&nbsp;__aeabi_frsub
<LI><a href="#[a4]">&gt;&gt;</a>&nbsp;&nbsp;&nbsp;asinf
<LI><a href="#[b1]">&gt;&gt;</a>&nbsp;&nbsp;&nbsp;FusionVectorAdd
<LI><a href="#[b8]">&gt;&gt;</a>&nbsp;&nbsp;&nbsp;FusionVectorSum
<LI><a href="#[a9]">&gt;&gt;</a>&nbsp;&nbsp;&nbsp;FusionFastInverseSqrt
<LI><a href="#[8d]">&gt;&gt;</a>&nbsp;&nbsp;&nbsp;FusionAhrsSetHeading
<LI><a href="#[95]">&gt;&gt;</a>&nbsp;&nbsp;&nbsp;FusionAhrsUpdate
<LI><a href="#[92]">&gt;&gt;</a>&nbsp;&nbsp;&nbsp;FusionQuaternionMultiply
<LI><a href="#[b6]">&gt;&gt;</a>&nbsp;&nbsp;&nbsp;FusionVectorSum
<LI><a href="#[a8]">&gt;&gt;</a>&nbsp;&nbsp;&nbsp;FusionFastInverseSqrt
<LI><a href="#[a0]">&gt;&gt;</a>&nbsp;&nbsp;&nbsp;FusionQuaternionNormalise
<LI><a href="#[9f]">&gt;&gt;</a>&nbsp;&nbsp;&nbsp;FusionQuaternionAdd
<LI><a href="#[9e]">&gt;&gt;</a>&nbsp;&nbsp;&nbsp;FusionQuaternionMultiplyVector
<LI><a href="#[9d]">&gt;&gt;</a>&nbsp;&nbsp;&nbsp;FusionVectorAdd
<LI><a href="#[15e]">&gt;&gt;</a>&nbsp;&nbsp;&nbsp;firetruck_nav_ctrl
</UL>

<P><STRONG><a name="[29]"></a>__aeabi_fsub</STRONG> (Thumb, 8 bytes, Stack size 0 bytes, fadd.o(.text))
<BR><BR>[Stack]<UL><LI>Max Depth = 36<LI>Call Chain = __aeabi_fsub &rArr; __aeabi_fadd &rArr; _float_epilogue
</UL>
<BR>[Calls]<UL><LI><a href="#[26]">&gt;&gt;</a>&nbsp;&nbsp;&nbsp;__aeabi_fadd
</UL>
<BR>[Called By]<UL><LI><a href="#[1b0]">&gt;&gt;</a>&nbsp;&nbsp;&nbsp;write_6_8_number_f1
<LI><a href="#[17a]">&gt;&gt;</a>&nbsp;&nbsp;&nbsp;write_6_8_number
<LI><a href="#[136]">&gt;&gt;</a>&nbsp;&nbsp;&nbsp;get_systime
<LI><a href="#[17e]">&gt;&gt;</a>&nbsp;&nbsp;&nbsp;gpio_input_check_channel_12_with_handle
<LI><a href="#[192]">&gt;&gt;</a>&nbsp;&nbsp;&nbsp;imu_temperature_ctrl
<LI><a href="#[1a8]">&gt;&gt;</a>&nbsp;&nbsp;&nbsp;trackless_ahrs_update
<LI><a href="#[18e]">&gt;&gt;</a>&nbsp;&nbsp;&nbsp;imu_data_sampling
<LI><a href="#[1a7]">&gt;&gt;</a>&nbsp;&nbsp;&nbsp;motor_output
<LI><a href="#[1a6]">&gt;&gt;</a>&nbsp;&nbsp;&nbsp;sdk_duty_run
<LI><a href="#[1a5]">&gt;&gt;</a>&nbsp;&nbsp;&nbsp;step_motor_ctrl_dianshe
<LI><a href="#[1a4]">&gt;&gt;</a>&nbsp;&nbsp;&nbsp;screen_display
<LI><a href="#[89]">&gt;&gt;</a>&nbsp;&nbsp;&nbsp;FusionAhrsGetEarthAcceleration
<LI><a href="#[8b]">&gt;&gt;</a>&nbsp;&nbsp;&nbsp;FusionAhrsSetSettings
<LI><a href="#[191]">&gt;&gt;</a>&nbsp;&nbsp;&nbsp;kalman_filter
<LI><a href="#[16d]">&gt;&gt;</a>&nbsp;&nbsp;&nbsp;calculate_quaternion_init
<LI><a href="#[1ad]">&gt;&gt;</a>&nbsp;&nbsp;&nbsp;quaternion_to_cb2n
<LI><a href="#[170]">&gt;&gt;</a>&nbsp;&nbsp;&nbsp;euler_to_quaternion
<LI><a href="#[190]">&gt;&gt;</a>&nbsp;&nbsp;&nbsp;vector3f_sub
<LI><a href="#[b2]">&gt;&gt;</a>&nbsp;&nbsp;&nbsp;FusionQuaternionToEuler
<LI><a href="#[18f]">&gt;&gt;</a>&nbsp;&nbsp;&nbsp;set_cutoff_frequency
<LI><a href="#[d1]">&gt;&gt;</a>&nbsp;&nbsp;&nbsp;LPButterworth
<LI><a href="#[18a]">&gt;&gt;</a>&nbsp;&nbsp;&nbsp;pid_control_run
<LI><a href="#[83]">&gt;&gt;</a>&nbsp;&nbsp;&nbsp;FastCos
<LI><a href="#[87]">&gt;&gt;</a>&nbsp;&nbsp;&nbsp;FastSin
<LI><a href="#[88]">&gt;&gt;</a>&nbsp;&nbsp;&nbsp;FastSinCos
<LI><a href="#[16e]">&gt;&gt;</a>&nbsp;&nbsp;&nbsp;invSqrt
<LI><a href="#[18b]">&gt;&gt;</a>&nbsp;&nbsp;&nbsp;imu_calibration
<LI><a href="#[15c]">&gt;&gt;</a>&nbsp;&nbsp;&nbsp;auto_drive_smartcar_duty4
<LI><a href="#[15b]">&gt;&gt;</a>&nbsp;&nbsp;&nbsp;auto_drive_smartcar_duty3
<LI><a href="#[153]">&gt;&gt;</a>&nbsp;&nbsp;&nbsp;auto_drive_smartcar_duty2
<LI><a href="#[160]">&gt;&gt;</a>&nbsp;&nbsp;&nbsp;auto_parallel_park
<LI><a href="#[156]">&gt;&gt;</a>&nbsp;&nbsp;&nbsp;distance_control_with_speed_limit
<LI><a href="#[163]">&gt;&gt;</a>&nbsp;&nbsp;&nbsp;distance_control
<LI><a href="#[182]">&gt;&gt;</a>&nbsp;&nbsp;&nbsp;position_control
<LI><a href="#[184]">&gt;&gt;</a>&nbsp;&nbsp;&nbsp;get_distance_error
<LI><a href="#[154]">&gt;&gt;</a>&nbsp;&nbsp;&nbsp;steer_control
<LI><a href="#[1c6]">&gt;&gt;</a>&nbsp;&nbsp;&nbsp;steer_angle_ctrl
<LI><a href="#[1b9]">&gt;&gt;</a>&nbsp;&nbsp;&nbsp;set_duty_Y
<LI><a href="#[1b8]">&gt;&gt;</a>&nbsp;&nbsp;&nbsp;set_duty_X
<LI><a href="#[155]">&gt;&gt;</a>&nbsp;&nbsp;&nbsp;speed_control_100hz
<LI><a href="#[1df]">&gt;&gt;</a>&nbsp;&nbsp;&nbsp;__mathlib_rredf2
<LI><a href="#[1b7]">&gt;&gt;</a>&nbsp;&nbsp;&nbsp;tanf
<LI><a href="#[91]">&gt;&gt;</a>&nbsp;&nbsp;&nbsp;sinf
<LI><a href="#[94]">&gt;&gt;</a>&nbsp;&nbsp;&nbsp;powf
<LI><a href="#[90]">&gt;&gt;</a>&nbsp;&nbsp;&nbsp;cosf
<LI><a href="#[8e]">&gt;&gt;</a>&nbsp;&nbsp;&nbsp;atan2f
<LI><a href="#[ac]">&gt;&gt;</a>&nbsp;&nbsp;&nbsp;FusionVectorSubtract
<LI><a href="#[a5]">&gt;&gt;</a>&nbsp;&nbsp;&nbsp;FusionVectorCrossProduct
<LI><a href="#[8d]">&gt;&gt;</a>&nbsp;&nbsp;&nbsp;FusionAhrsSetHeading
<LI><a href="#[95]">&gt;&gt;</a>&nbsp;&nbsp;&nbsp;FusionAhrsUpdate
<LI><a href="#[92]">&gt;&gt;</a>&nbsp;&nbsp;&nbsp;FusionQuaternionMultiply
<LI><a href="#[9e]">&gt;&gt;</a>&nbsp;&nbsp;&nbsp;FusionQuaternionMultiplyVector
<LI><a href="#[98]">&gt;&gt;</a>&nbsp;&nbsp;&nbsp;FusionVectorCrossProduct
<LI><a href="#[15e]">&gt;&gt;</a>&nbsp;&nbsp;&nbsp;firetruck_nav_ctrl
</UL>

<P><STRONG><a name="[2a]"></a>__aeabi_frsub</STRONG> (Thumb, 8 bytes, Stack size 0 bytes, fadd.o(.text))
<BR><BR>[Stack]<UL><LI>Max Depth = 36<LI>Call Chain = __aeabi_frsub &rArr; __aeabi_fadd &rArr; _float_epilogue
</UL>
<BR>[Calls]<UL><LI><a href="#[26]">&gt;&gt;</a>&nbsp;&nbsp;&nbsp;__aeabi_fadd
</UL>
<BR>[Called By]<UL><LI><a href="#[1df]">&gt;&gt;</a>&nbsp;&nbsp;&nbsp;__mathlib_rredf2
<LI><a href="#[1b7]">&gt;&gt;</a>&nbsp;&nbsp;&nbsp;tanf
<LI><a href="#[91]">&gt;&gt;</a>&nbsp;&nbsp;&nbsp;sinf
<LI><a href="#[94]">&gt;&gt;</a>&nbsp;&nbsp;&nbsp;powf
<LI><a href="#[90]">&gt;&gt;</a>&nbsp;&nbsp;&nbsp;cosf
<LI><a href="#[8e]">&gt;&gt;</a>&nbsp;&nbsp;&nbsp;atan2f
<LI><a href="#[a4]">&gt;&gt;</a>&nbsp;&nbsp;&nbsp;asinf
</UL>

<P><STRONG><a name="[84]"></a>__aeabi_fmul</STRONG> (Thumb, 122 bytes, Stack size 16 bytes, fmul.o(.text))
<BR><BR>[Stack]<UL><LI>Max Depth = 16<LI>Call Chain = __aeabi_fmul
</UL>
<BR>[Called By]<UL><LI><a href="#[188]">&gt;&gt;</a>&nbsp;&nbsp;&nbsp;get_right_motor_speed
<LI><a href="#[187]">&gt;&gt;</a>&nbsp;&nbsp;&nbsp;get_left_motor_speed
<LI><a href="#[1b0]">&gt;&gt;</a>&nbsp;&nbsp;&nbsp;write_6_8_number_f1
<LI><a href="#[17a]">&gt;&gt;</a>&nbsp;&nbsp;&nbsp;write_6_8_number
<LI><a href="#[d9]">&gt;&gt;</a>&nbsp;&nbsp;&nbsp;NCLink_SEND_StateMachine
<LI><a href="#[17e]">&gt;&gt;</a>&nbsp;&nbsp;&nbsp;gpio_input_check_channel_12_with_handle
<LI><a href="#[194]">&gt;&gt;</a>&nbsp;&nbsp;&nbsp;laser_light_work
<LI><a href="#[192]">&gt;&gt;</a>&nbsp;&nbsp;&nbsp;imu_temperature_ctrl
<LI><a href="#[1a8]">&gt;&gt;</a>&nbsp;&nbsp;&nbsp;trackless_ahrs_update
<LI><a href="#[18e]">&gt;&gt;</a>&nbsp;&nbsp;&nbsp;imu_data_sampling
<LI><a href="#[1a7]">&gt;&gt;</a>&nbsp;&nbsp;&nbsp;motor_output
<LI><a href="#[1a6]">&gt;&gt;</a>&nbsp;&nbsp;&nbsp;sdk_duty_run
<LI><a href="#[189]">&gt;&gt;</a>&nbsp;&nbsp;&nbsp;get_wheel_speed
<LI><a href="#[1a4]">&gt;&gt;</a>&nbsp;&nbsp;&nbsp;screen_display
<LI><a href="#[19e]">&gt;&gt;</a>&nbsp;&nbsp;&nbsp;rc_range_init
<LI><a href="#[89]">&gt;&gt;</a>&nbsp;&nbsp;&nbsp;FusionAhrsGetEarthAcceleration
<LI><a href="#[8b]">&gt;&gt;</a>&nbsp;&nbsp;&nbsp;FusionAhrsSetSettings
<LI><a href="#[aa]">&gt;&gt;</a>&nbsp;&nbsp;&nbsp;FusionOffsetInitialise
<LI><a href="#[191]">&gt;&gt;</a>&nbsp;&nbsp;&nbsp;kalman_filter
<LI><a href="#[16d]">&gt;&gt;</a>&nbsp;&nbsp;&nbsp;calculate_quaternion_init
<LI><a href="#[1ad]">&gt;&gt;</a>&nbsp;&nbsp;&nbsp;quaternion_to_cb2n
<LI><a href="#[170]">&gt;&gt;</a>&nbsp;&nbsp;&nbsp;euler_to_quaternion
<LI><a href="#[b3]">&gt;&gt;</a>&nbsp;&nbsp;&nbsp;FusionRadiansToDegrees
<LI><a href="#[b2]">&gt;&gt;</a>&nbsp;&nbsp;&nbsp;FusionQuaternionToEuler
<LI><a href="#[18f]">&gt;&gt;</a>&nbsp;&nbsp;&nbsp;set_cutoff_frequency
<LI><a href="#[d1]">&gt;&gt;</a>&nbsp;&nbsp;&nbsp;LPButterworth
<LI><a href="#[18a]">&gt;&gt;</a>&nbsp;&nbsp;&nbsp;pid_control_run
<LI><a href="#[83]">&gt;&gt;</a>&nbsp;&nbsp;&nbsp;FastCos
<LI><a href="#[87]">&gt;&gt;</a>&nbsp;&nbsp;&nbsp;FastSin
<LI><a href="#[88]">&gt;&gt;</a>&nbsp;&nbsp;&nbsp;FastSinCos
<LI><a href="#[16e]">&gt;&gt;</a>&nbsp;&nbsp;&nbsp;invSqrt
<LI><a href="#[185]">&gt;&gt;</a>&nbsp;&nbsp;&nbsp;sq
<LI><a href="#[d7]">&gt;&gt;</a>&nbsp;&nbsp;&nbsp;constrain_float
<LI><a href="#[164]">&gt;&gt;</a>&nbsp;&nbsp;&nbsp;bling_process
<LI><a href="#[18b]">&gt;&gt;</a>&nbsp;&nbsp;&nbsp;imu_calibration
<LI><a href="#[c9]">&gt;&gt;</a>&nbsp;&nbsp;&nbsp;ICM206xx_Read_Data
<LI><a href="#[183]">&gt;&gt;</a>&nbsp;&nbsp;&nbsp;get_battery_voltage
<LI><a href="#[15c]">&gt;&gt;</a>&nbsp;&nbsp;&nbsp;auto_drive_smartcar_duty4
<LI><a href="#[15b]">&gt;&gt;</a>&nbsp;&nbsp;&nbsp;auto_drive_smartcar_duty3
<LI><a href="#[153]">&gt;&gt;</a>&nbsp;&nbsp;&nbsp;auto_drive_smartcar_duty2
<LI><a href="#[160]">&gt;&gt;</a>&nbsp;&nbsp;&nbsp;auto_parallel_park
<LI><a href="#[dc]">&gt;&gt;</a>&nbsp;&nbsp;&nbsp;NCLink_Send_3D_Track
<LI><a href="#[db]">&gt;&gt;</a>&nbsp;&nbsp;&nbsp;NCLink_Send_Status
<LI><a href="#[156]">&gt;&gt;</a>&nbsp;&nbsp;&nbsp;distance_control_with_speed_limit
<LI><a href="#[163]">&gt;&gt;</a>&nbsp;&nbsp;&nbsp;distance_control
<LI><a href="#[182]">&gt;&gt;</a>&nbsp;&nbsp;&nbsp;position_control
<LI><a href="#[1c6]">&gt;&gt;</a>&nbsp;&nbsp;&nbsp;steer_angle_ctrl
<LI><a href="#[1b9]">&gt;&gt;</a>&nbsp;&nbsp;&nbsp;set_duty_Y
<LI><a href="#[1b8]">&gt;&gt;</a>&nbsp;&nbsp;&nbsp;set_duty_X
<LI><a href="#[155]">&gt;&gt;</a>&nbsp;&nbsp;&nbsp;speed_control_100hz
<LI><a href="#[158]">&gt;&gt;</a>&nbsp;&nbsp;&nbsp;gray_turn_control_200hz
<LI><a href="#[1df]">&gt;&gt;</a>&nbsp;&nbsp;&nbsp;__mathlib_rredf2
<LI><a href="#[1b7]">&gt;&gt;</a>&nbsp;&nbsp;&nbsp;tanf
<LI><a href="#[91]">&gt;&gt;</a>&nbsp;&nbsp;&nbsp;sinf
<LI><a href="#[94]">&gt;&gt;</a>&nbsp;&nbsp;&nbsp;powf
<LI><a href="#[90]">&gt;&gt;</a>&nbsp;&nbsp;&nbsp;cosf
<LI><a href="#[8e]">&gt;&gt;</a>&nbsp;&nbsp;&nbsp;atan2f
<LI><a href="#[a4]">&gt;&gt;</a>&nbsp;&nbsp;&nbsp;asinf
<LI><a href="#[b0]">&gt;&gt;</a>&nbsp;&nbsp;&nbsp;FusionVectorMultiplyScalar
<LI><a href="#[b5]">&gt;&gt;</a>&nbsp;&nbsp;&nbsp;FusionVectorHadamardProduct
<LI><a href="#[b9]">&gt;&gt;</a>&nbsp;&nbsp;&nbsp;FusionVectorMultiplyScalar
<LI><a href="#[a9]">&gt;&gt;</a>&nbsp;&nbsp;&nbsp;FusionFastInverseSqrt
<LI><a href="#[a7]">&gt;&gt;</a>&nbsp;&nbsp;&nbsp;FusionRadiansToDegrees
<LI><a href="#[a5]">&gt;&gt;</a>&nbsp;&nbsp;&nbsp;FusionVectorCrossProduct
<LI><a href="#[8d]">&gt;&gt;</a>&nbsp;&nbsp;&nbsp;FusionAhrsSetHeading
<LI><a href="#[95]">&gt;&gt;</a>&nbsp;&nbsp;&nbsp;FusionAhrsUpdate
<LI><a href="#[92]">&gt;&gt;</a>&nbsp;&nbsp;&nbsp;FusionQuaternionMultiply
<LI><a href="#[b4]">&gt;&gt;</a>&nbsp;&nbsp;&nbsp;FusionVectorHadamardProduct
<LI><a href="#[a8]">&gt;&gt;</a>&nbsp;&nbsp;&nbsp;FusionFastInverseSqrt
<LI><a href="#[a0]">&gt;&gt;</a>&nbsp;&nbsp;&nbsp;FusionQuaternionNormalise
<LI><a href="#[9e]">&gt;&gt;</a>&nbsp;&nbsp;&nbsp;FusionQuaternionMultiplyVector
<LI><a href="#[9c]">&gt;&gt;</a>&nbsp;&nbsp;&nbsp;FusionVectorMultiplyScalar
<LI><a href="#[98]">&gt;&gt;</a>&nbsp;&nbsp;&nbsp;FusionVectorCrossProduct
<LI><a href="#[8f]">&gt;&gt;</a>&nbsp;&nbsp;&nbsp;FusionDegreesToRadians
<LI><a href="#[15e]">&gt;&gt;</a>&nbsp;&nbsp;&nbsp;firetruck_nav_ctrl
</UL>

<P><STRONG><a name="[2b]"></a>__aeabi_fdiv</STRONG> (Thumb, 124 bytes, Stack size 16 bytes, fdiv.o(.text))
<BR><BR>[Stack]<UL><LI>Max Depth = 16<LI>Call Chain = __aeabi_fdiv
</UL>
<BR>[Calls]<UL><LI><a href="#[28]">&gt;&gt;</a>&nbsp;&nbsp;&nbsp;_float_round
</UL>
<BR>[Called By]<UL><LI><a href="#[188]">&gt;&gt;</a>&nbsp;&nbsp;&nbsp;get_right_motor_speed
<LI><a href="#[187]">&gt;&gt;</a>&nbsp;&nbsp;&nbsp;get_left_motor_speed
<LI><a href="#[136]">&gt;&gt;</a>&nbsp;&nbsp;&nbsp;get_systime
<LI><a href="#[1a4]">&gt;&gt;</a>&nbsp;&nbsp;&nbsp;screen_display
<LI><a href="#[8b]">&gt;&gt;</a>&nbsp;&nbsp;&nbsp;FusionAhrsSetSettings
<LI><a href="#[aa]">&gt;&gt;</a>&nbsp;&nbsp;&nbsp;FusionOffsetInitialise
<LI><a href="#[191]">&gt;&gt;</a>&nbsp;&nbsp;&nbsp;kalman_filter
<LI><a href="#[18f]">&gt;&gt;</a>&nbsp;&nbsp;&nbsp;set_cutoff_frequency
<LI><a href="#[18b]">&gt;&gt;</a>&nbsp;&nbsp;&nbsp;imu_calibration
<LI><a href="#[c9]">&gt;&gt;</a>&nbsp;&nbsp;&nbsp;ICM206xx_Read_Data
<LI><a href="#[183]">&gt;&gt;</a>&nbsp;&nbsp;&nbsp;get_battery_voltage
<LI><a href="#[160]">&gt;&gt;</a>&nbsp;&nbsp;&nbsp;auto_parallel_park
<LI><a href="#[155]">&gt;&gt;</a>&nbsp;&nbsp;&nbsp;speed_control_100hz
<LI><a href="#[1dc]">&gt;&gt;</a>&nbsp;&nbsp;&nbsp;__mathlib_flt_invalid
<LI><a href="#[1d8]">&gt;&gt;</a>&nbsp;&nbsp;&nbsp;__mathlib_flt_divzero
<LI><a href="#[1b7]">&gt;&gt;</a>&nbsp;&nbsp;&nbsp;tanf
<LI><a href="#[94]">&gt;&gt;</a>&nbsp;&nbsp;&nbsp;powf
<LI><a href="#[8e]">&gt;&gt;</a>&nbsp;&nbsp;&nbsp;atan2f
</UL>

<P><STRONG><a name="[2c]"></a>__aeabi_dadd</STRONG> (Thumb, 328 bytes, Stack size 48 bytes, dadd.o(.text))
<BR><BR>[Stack]<UL><LI>Max Depth = 104<LI>Call Chain = __aeabi_dadd &rArr; _double_epilogue &rArr; __aeabi_llsr
</UL>
<BR>[Calls]<UL><LI><a href="#[2e]">&gt;&gt;</a>&nbsp;&nbsp;&nbsp;__aeabi_lasr
<LI><a href="#[2d]">&gt;&gt;</a>&nbsp;&nbsp;&nbsp;__aeabi_llsl
<LI><a href="#[30]">&gt;&gt;</a>&nbsp;&nbsp;&nbsp;_double_round
<LI><a href="#[2f]">&gt;&gt;</a>&nbsp;&nbsp;&nbsp;_double_epilogue
</UL>
<BR>[Called By]<UL><LI><a href="#[31]">&gt;&gt;</a>&nbsp;&nbsp;&nbsp;__aeabi_dsub
<LI><a href="#[c9]">&gt;&gt;</a>&nbsp;&nbsp;&nbsp;ICM206xx_Read_Data
<LI><a href="#[1d4]">&gt;&gt;</a>&nbsp;&nbsp;&nbsp;__kernel_poly
<LI><a href="#[32]">&gt;&gt;</a>&nbsp;&nbsp;&nbsp;__aeabi_drsub
<LI><a href="#[16f]">&gt;&gt;</a>&nbsp;&nbsp;&nbsp;atan
</UL>

<P><STRONG><a name="[31]"></a>__aeabi_dsub</STRONG> (Thumb, 12 bytes, Stack size 8 bytes, dadd.o(.text))
<BR><BR>[Stack]<UL><LI>Max Depth = 112<LI>Call Chain = __aeabi_dsub &rArr; __aeabi_dadd &rArr; _double_epilogue &rArr; __aeabi_llsr
</UL>
<BR>[Calls]<UL><LI><a href="#[2c]">&gt;&gt;</a>&nbsp;&nbsp;&nbsp;__aeabi_dadd
</UL>
<BR>[Called By]<UL><LI><a href="#[1a4]">&gt;&gt;</a>&nbsp;&nbsp;&nbsp;screen_display
<LI><a href="#[16f]">&gt;&gt;</a>&nbsp;&nbsp;&nbsp;atan
</UL>

<P><STRONG><a name="[32]"></a>__aeabi_drsub</STRONG> (Thumb, 12 bytes, Stack size 8 bytes, dadd.o(.text))
<BR><BR>[Stack]<UL><LI>Max Depth = 112<LI>Call Chain = __aeabi_drsub &rArr; __aeabi_dadd &rArr; _double_epilogue &rArr; __aeabi_llsr
</UL>
<BR>[Calls]<UL><LI><a href="#[2c]">&gt;&gt;</a>&nbsp;&nbsp;&nbsp;__aeabi_dadd
</UL>
<BR>[Called By]<UL><LI><a href="#[16f]">&gt;&gt;</a>&nbsp;&nbsp;&nbsp;atan
</UL>

<P><STRONG><a name="[33]"></a>__aeabi_dmul</STRONG> (Thumb, 202 bytes, Stack size 72 bytes, dmul.o(.text))
<BR><BR>[Stack]<UL><LI>Max Depth = 128<LI>Call Chain = __aeabi_dmul &rArr; _double_epilogue &rArr; __aeabi_llsr
</UL>
<BR>[Calls]<UL><LI><a href="#[2f]">&gt;&gt;</a>&nbsp;&nbsp;&nbsp;_double_epilogue
</UL>
<BR>[Called By]<UL><LI><a href="#[18e]">&gt;&gt;</a>&nbsp;&nbsp;&nbsp;imu_data_sampling
<LI><a href="#[1a4]">&gt;&gt;</a>&nbsp;&nbsp;&nbsp;screen_display
<LI><a href="#[16d]">&gt;&gt;</a>&nbsp;&nbsp;&nbsp;calculate_quaternion_init
<LI><a href="#[1d4]">&gt;&gt;</a>&nbsp;&nbsp;&nbsp;__kernel_poly
<LI><a href="#[16f]">&gt;&gt;</a>&nbsp;&nbsp;&nbsp;atan
</UL>

<P><STRONG><a name="[157]"></a>__aeabi_fcmple</STRONG> (Thumb, 28 bytes, Stack size 0 bytes, fcmple.o(.text))
<BR><BR>[Called By]<UL><LI><a href="#[17b]">&gt;&gt;</a>&nbsp;&nbsp;&nbsp;display_6_8_number_pro
<LI><a href="#[192]">&gt;&gt;</a>&nbsp;&nbsp;&nbsp;imu_temperature_ctrl
<LI><a href="#[1a7]">&gt;&gt;</a>&nbsp;&nbsp;&nbsp;motor_output
<LI><a href="#[18a]">&gt;&gt;</a>&nbsp;&nbsp;&nbsp;pid_control_run
<LI><a href="#[d7]">&gt;&gt;</a>&nbsp;&nbsp;&nbsp;constrain_float
<LI><a href="#[18b]">&gt;&gt;</a>&nbsp;&nbsp;&nbsp;imu_calibration
<LI><a href="#[15c]">&gt;&gt;</a>&nbsp;&nbsp;&nbsp;auto_drive_smartcar_duty4
<LI><a href="#[15b]">&gt;&gt;</a>&nbsp;&nbsp;&nbsp;auto_drive_smartcar_duty3
<LI><a href="#[153]">&gt;&gt;</a>&nbsp;&nbsp;&nbsp;auto_drive_smartcar_duty2
<LI><a href="#[160]">&gt;&gt;</a>&nbsp;&nbsp;&nbsp;auto_parallel_park
<LI><a href="#[182]">&gt;&gt;</a>&nbsp;&nbsp;&nbsp;position_control
<LI><a href="#[154]">&gt;&gt;</a>&nbsp;&nbsp;&nbsp;steer_control
<LI><a href="#[1c6]">&gt;&gt;</a>&nbsp;&nbsp;&nbsp;steer_angle_ctrl
<LI><a href="#[161]">&gt;&gt;</a>&nbsp;&nbsp;&nbsp;vision_turn_control_50hz
<LI><a href="#[158]">&gt;&gt;</a>&nbsp;&nbsp;&nbsp;gray_turn_control_200hz
</UL>

<P><STRONG><a name="[a3]"></a>__aeabi_fcmplt</STRONG> (Thumb, 28 bytes, Stack size 0 bytes, fcmplt.o(.text))
<BR><BR>[Called By]<UL><LI><a href="#[17b]">&gt;&gt;</a>&nbsp;&nbsp;&nbsp;display_6_8_number_pro
<LI><a href="#[1b0]">&gt;&gt;</a>&nbsp;&nbsp;&nbsp;write_6_8_number_f1
<LI><a href="#[17a]">&gt;&gt;</a>&nbsp;&nbsp;&nbsp;write_6_8_number
<LI><a href="#[17e]">&gt;&gt;</a>&nbsp;&nbsp;&nbsp;gpio_input_check_channel_12_with_handle
<LI><a href="#[1a7]">&gt;&gt;</a>&nbsp;&nbsp;&nbsp;motor_output
<LI><a href="#[1a5]">&gt;&gt;</a>&nbsp;&nbsp;&nbsp;step_motor_ctrl_dianshe
<LI><a href="#[1e]">&gt;&gt;</a>&nbsp;&nbsp;&nbsp;main
<LI><a href="#[a2]">&gt;&gt;</a>&nbsp;&nbsp;&nbsp;FusionAsin
<LI><a href="#[18a]">&gt;&gt;</a>&nbsp;&nbsp;&nbsp;pid_control_run
<LI><a href="#[15c]">&gt;&gt;</a>&nbsp;&nbsp;&nbsp;auto_drive_smartcar_duty4
</UL>

<P><STRONG><a name="[86]"></a>__aeabi_fcmpge</STRONG> (Thumb, 28 bytes, Stack size 0 bytes, fcmpge.o(.text))
<BR><BR>[Called By]<UL><LI><a href="#[1b0]">&gt;&gt;</a>&nbsp;&nbsp;&nbsp;write_6_8_number_f1
<LI><a href="#[17a]">&gt;&gt;</a>&nbsp;&nbsp;&nbsp;write_6_8_number
<LI><a href="#[192]">&gt;&gt;</a>&nbsp;&nbsp;&nbsp;imu_temperature_ctrl
<LI><a href="#[1a5]">&gt;&gt;</a>&nbsp;&nbsp;&nbsp;step_motor_ctrl_dianshe
<LI><a href="#[16d]">&gt;&gt;</a>&nbsp;&nbsp;&nbsp;calculate_quaternion_init
<LI><a href="#[83]">&gt;&gt;</a>&nbsp;&nbsp;&nbsp;FastCos
<LI><a href="#[87]">&gt;&gt;</a>&nbsp;&nbsp;&nbsp;FastSin
<LI><a href="#[88]">&gt;&gt;</a>&nbsp;&nbsp;&nbsp;FastSinCos
<LI><a href="#[d7]">&gt;&gt;</a>&nbsp;&nbsp;&nbsp;constrain_float
<LI><a href="#[15c]">&gt;&gt;</a>&nbsp;&nbsp;&nbsp;auto_drive_smartcar_duty4
<LI><a href="#[15b]">&gt;&gt;</a>&nbsp;&nbsp;&nbsp;auto_drive_smartcar_duty3
<LI><a href="#[153]">&gt;&gt;</a>&nbsp;&nbsp;&nbsp;auto_drive_smartcar_duty2
<LI><a href="#[160]">&gt;&gt;</a>&nbsp;&nbsp;&nbsp;auto_parallel_park
<LI><a href="#[182]">&gt;&gt;</a>&nbsp;&nbsp;&nbsp;position_control
<LI><a href="#[154]">&gt;&gt;</a>&nbsp;&nbsp;&nbsp;steer_control
<LI><a href="#[1c6]">&gt;&gt;</a>&nbsp;&nbsp;&nbsp;steer_angle_ctrl
<LI><a href="#[161]">&gt;&gt;</a>&nbsp;&nbsp;&nbsp;vision_turn_control_50hz
<LI><a href="#[158]">&gt;&gt;</a>&nbsp;&nbsp;&nbsp;gray_turn_control_200hz
<LI><a href="#[95]">&gt;&gt;</a>&nbsp;&nbsp;&nbsp;FusionAhrsUpdate
</UL>

<P><STRONG><a name="[9a]"></a>__aeabi_fcmpgt</STRONG> (Thumb, 28 bytes, Stack size 0 bytes, fcmpgt.o(.text))
<BR><BR>[Called By]<UL><LI><a href="#[194]">&gt;&gt;</a>&nbsp;&nbsp;&nbsp;laser_light_work
<LI><a href="#[a2]">&gt;&gt;</a>&nbsp;&nbsp;&nbsp;FusionAsin
<LI><a href="#[18f]">&gt;&gt;</a>&nbsp;&nbsp;&nbsp;set_cutoff_frequency
<LI><a href="#[18a]">&gt;&gt;</a>&nbsp;&nbsp;&nbsp;pid_control_run
<LI><a href="#[164]">&gt;&gt;</a>&nbsp;&nbsp;&nbsp;bling_process
<LI><a href="#[18b]">&gt;&gt;</a>&nbsp;&nbsp;&nbsp;imu_calibration
<LI><a href="#[182]">&gt;&gt;</a>&nbsp;&nbsp;&nbsp;position_control
<LI><a href="#[155]">&gt;&gt;</a>&nbsp;&nbsp;&nbsp;speed_control_100hz
<LI><a href="#[95]">&gt;&gt;</a>&nbsp;&nbsp;&nbsp;FusionAhrsUpdate
</UL>

<P><STRONG><a name="[93]"></a>__aeabi_fcmpeq</STRONG> (Thumb, 28 bytes, Stack size 0 bytes, fcmpeq.o(.text))
<BR><BR>[Called By]<UL><LI><a href="#[193]">&gt;&gt;</a>&nbsp;&nbsp;&nbsp;temperature_state_check
<LI><a href="#[8b]">&gt;&gt;</a>&nbsp;&nbsp;&nbsp;FusionAhrsSetSettings
<LI><a href="#[d1]">&gt;&gt;</a>&nbsp;&nbsp;&nbsp;LPButterworth
<LI><a href="#[154]">&gt;&gt;</a>&nbsp;&nbsp;&nbsp;steer_control
<LI><a href="#[96]">&gt;&gt;</a>&nbsp;&nbsp;&nbsp;FusionVectorIsZero
</UL>

<P><STRONG><a name="[af]"></a>__aeabi_dcmple</STRONG> (Thumb, 44 bytes, Stack size 8 bytes, dcmple.o(.text))
<BR><BR>[Stack]<UL><LI>Max Depth = 8<LI>Call Chain = __aeabi_dcmple
</UL>
<BR>[Called By]<UL><LI><a href="#[1a5]">&gt;&gt;</a>&nbsp;&nbsp;&nbsp;step_motor_ctrl_dianshe
<LI><a href="#[ab]">&gt;&gt;</a>&nbsp;&nbsp;&nbsp;FusionOffsetUpdate
</UL>

<P><STRONG><a name="[ae]"></a>__aeabi_dcmpgt</STRONG> (Thumb, 44 bytes, Stack size 8 bytes, dcmpgt.o(.text))
<BR><BR>[Stack]<UL><LI>Max Depth = 8<LI>Call Chain = __aeabi_dcmpgt
</UL>
<BR>[Called By]<UL><LI><a href="#[1a5]">&gt;&gt;</a>&nbsp;&nbsp;&nbsp;step_motor_ctrl_dianshe
<LI><a href="#[ab]">&gt;&gt;</a>&nbsp;&nbsp;&nbsp;FusionOffsetUpdate
</UL>

<P><STRONG><a name="[34]"></a>__aeabi_i2f</STRONG> (Thumb, 22 bytes, Stack size 8 bytes, fflti.o(.text))
<BR><BR>[Stack]<UL><LI>Max Depth = 20<LI>Call Chain = __aeabi_i2f &rArr; _float_epilogue
</UL>
<BR>[Calls]<UL><LI><a href="#[27]">&gt;&gt;</a>&nbsp;&nbsp;&nbsp;_float_epilogue
</UL>
<BR>[Called By]<UL><LI><a href="#[188]">&gt;&gt;</a>&nbsp;&nbsp;&nbsp;get_right_motor_speed
<LI><a href="#[187]">&gt;&gt;</a>&nbsp;&nbsp;&nbsp;get_left_motor_speed
<LI><a href="#[1b0]">&gt;&gt;</a>&nbsp;&nbsp;&nbsp;write_6_8_number_f1
<LI><a href="#[17a]">&gt;&gt;</a>&nbsp;&nbsp;&nbsp;write_6_8_number
<LI><a href="#[194]">&gt;&gt;</a>&nbsp;&nbsp;&nbsp;laser_light_work
<LI><a href="#[1a7]">&gt;&gt;</a>&nbsp;&nbsp;&nbsp;motor_output
<LI><a href="#[1a6]">&gt;&gt;</a>&nbsp;&nbsp;&nbsp;sdk_duty_run
<LI><a href="#[1a5]">&gt;&gt;</a>&nbsp;&nbsp;&nbsp;step_motor_ctrl_dianshe
<LI><a href="#[1a4]">&gt;&gt;</a>&nbsp;&nbsp;&nbsp;screen_display
<LI><a href="#[19e]">&gt;&gt;</a>&nbsp;&nbsp;&nbsp;rc_range_init
<LI><a href="#[83]">&gt;&gt;</a>&nbsp;&nbsp;&nbsp;FastCos
<LI><a href="#[87]">&gt;&gt;</a>&nbsp;&nbsp;&nbsp;FastSin
<LI><a href="#[88]">&gt;&gt;</a>&nbsp;&nbsp;&nbsp;FastSinCos
<LI><a href="#[164]">&gt;&gt;</a>&nbsp;&nbsp;&nbsp;bling_process
<LI><a href="#[18b]">&gt;&gt;</a>&nbsp;&nbsp;&nbsp;imu_calibration
<LI><a href="#[c9]">&gt;&gt;</a>&nbsp;&nbsp;&nbsp;ICM206xx_Read_Data
<LI><a href="#[183]">&gt;&gt;</a>&nbsp;&nbsp;&nbsp;get_battery_voltage
<LI><a href="#[15d]">&gt;&gt;</a>&nbsp;&nbsp;&nbsp;auto_nav_point
<LI><a href="#[160]">&gt;&gt;</a>&nbsp;&nbsp;&nbsp;auto_parallel_park
<LI><a href="#[d4]">&gt;&gt;</a>&nbsp;&nbsp;&nbsp;NCLink_Data_Prase_Process_Lite
<LI><a href="#[155]">&gt;&gt;</a>&nbsp;&nbsp;&nbsp;speed_control_100hz
<LI><a href="#[1df]">&gt;&gt;</a>&nbsp;&nbsp;&nbsp;__mathlib_rredf2
<LI><a href="#[94]">&gt;&gt;</a>&nbsp;&nbsp;&nbsp;powf
</UL>

<P><STRONG><a name="[35]"></a>__aeabi_ui2f</STRONG> (Thumb, 14 bytes, Stack size 8 bytes, ffltui.o(.text))
<BR><BR>[Stack]<UL><LI>Max Depth = 20<LI>Call Chain = __aeabi_ui2f &rArr; _float_epilogue
</UL>
<BR>[Calls]<UL><LI><a href="#[27]">&gt;&gt;</a>&nbsp;&nbsp;&nbsp;_float_epilogue
</UL>
<BR>[Called By]<UL><LI><a href="#[136]">&gt;&gt;</a>&nbsp;&nbsp;&nbsp;get_systime
<LI><a href="#[194]">&gt;&gt;</a>&nbsp;&nbsp;&nbsp;laser_light_work
<LI><a href="#[1a4]">&gt;&gt;</a>&nbsp;&nbsp;&nbsp;screen_display
<LI><a href="#[aa]">&gt;&gt;</a>&nbsp;&nbsp;&nbsp;FusionOffsetInitialise
<LI><a href="#[83]">&gt;&gt;</a>&nbsp;&nbsp;&nbsp;FastCos
<LI><a href="#[87]">&gt;&gt;</a>&nbsp;&nbsp;&nbsp;FastSin
<LI><a href="#[88]">&gt;&gt;</a>&nbsp;&nbsp;&nbsp;FastSinCos
<LI><a href="#[160]">&gt;&gt;</a>&nbsp;&nbsp;&nbsp;auto_parallel_park
<LI><a href="#[d4]">&gt;&gt;</a>&nbsp;&nbsp;&nbsp;NCLink_Data_Prase_Process_Lite
<LI><a href="#[1b9]">&gt;&gt;</a>&nbsp;&nbsp;&nbsp;set_duty_Y
<LI><a href="#[1b8]">&gt;&gt;</a>&nbsp;&nbsp;&nbsp;set_duty_X
<LI><a href="#[1df]">&gt;&gt;</a>&nbsp;&nbsp;&nbsp;__mathlib_rredf2
</UL>

<P><STRONG><a name="[36]"></a>__aeabi_i2d</STRONG> (Thumb, 34 bytes, Stack size 16 bytes, dflti.o(.text))
<BR><BR>[Stack]<UL><LI>Max Depth = 72<LI>Call Chain = __aeabi_i2d &rArr; _double_epilogue &rArr; __aeabi_llsr
</UL>
<BR>[Calls]<UL><LI><a href="#[2f]">&gt;&gt;</a>&nbsp;&nbsp;&nbsp;_double_epilogue
</UL>
<BR>[Called By]<UL><LI><a href="#[1a5]">&gt;&gt;</a>&nbsp;&nbsp;&nbsp;step_motor_ctrl_dianshe
<LI><a href="#[1a4]">&gt;&gt;</a>&nbsp;&nbsp;&nbsp;screen_display
</UL>

<P><STRONG><a name="[85]"></a>__aeabi_f2iz</STRONG> (Thumb, 50 bytes, Stack size 0 bytes, ffixi.o(.text))
<BR><BR>[Called By]<UL><LI><a href="#[1b0]">&gt;&gt;</a>&nbsp;&nbsp;&nbsp;write_6_8_number_f1
<LI><a href="#[17a]">&gt;&gt;</a>&nbsp;&nbsp;&nbsp;write_6_8_number
<LI><a href="#[136]">&gt;&gt;</a>&nbsp;&nbsp;&nbsp;get_systime
<LI><a href="#[1a4]">&gt;&gt;</a>&nbsp;&nbsp;&nbsp;screen_display
<LI><a href="#[19f]">&gt;&gt;</a>&nbsp;&nbsp;&nbsp;rangefinder_init
<LI><a href="#[19e]">&gt;&gt;</a>&nbsp;&nbsp;&nbsp;rc_range_init
<LI><a href="#[19c]">&gt;&gt;</a>&nbsp;&nbsp;&nbsp;trackless_params_init
<LI><a href="#[83]">&gt;&gt;</a>&nbsp;&nbsp;&nbsp;FastCos
<LI><a href="#[87]">&gt;&gt;</a>&nbsp;&nbsp;&nbsp;FastSin
<LI><a href="#[88]">&gt;&gt;</a>&nbsp;&nbsp;&nbsp;FastSinCos
<LI><a href="#[140]">&gt;&gt;</a>&nbsp;&nbsp;&nbsp;bluetooth_app_prase
<LI><a href="#[160]">&gt;&gt;</a>&nbsp;&nbsp;&nbsp;auto_parallel_park
<LI><a href="#[dc]">&gt;&gt;</a>&nbsp;&nbsp;&nbsp;NCLink_Send_3D_Track
<LI><a href="#[db]">&gt;&gt;</a>&nbsp;&nbsp;&nbsp;NCLink_Send_Status
<LI><a href="#[1b7]">&gt;&gt;</a>&nbsp;&nbsp;&nbsp;tanf
<LI><a href="#[91]">&gt;&gt;</a>&nbsp;&nbsp;&nbsp;sinf
<LI><a href="#[90]">&gt;&gt;</a>&nbsp;&nbsp;&nbsp;cosf
</UL>

<P><STRONG><a name="[1aa]"></a>__aeabi_f2uiz</STRONG> (Thumb, 40 bytes, Stack size 0 bytes, ffixui.o(.text))
<BR><BR>[Called By]<UL><LI><a href="#[1a7]">&gt;&gt;</a>&nbsp;&nbsp;&nbsp;motor_output
<LI><a href="#[1a5]">&gt;&gt;</a>&nbsp;&nbsp;&nbsp;step_motor_ctrl_dianshe
<LI><a href="#[1b9]">&gt;&gt;</a>&nbsp;&nbsp;&nbsp;set_duty_Y
<LI><a href="#[1b8]">&gt;&gt;</a>&nbsp;&nbsp;&nbsp;set_duty_X
</UL>

<P><STRONG><a name="[ad]"></a>__aeabi_f2d</STRONG> (Thumb, 40 bytes, Stack size 0 bytes, f2d.o(.text))
<BR><BR>[Called By]<UL><LI><a href="#[18e]">&gt;&gt;</a>&nbsp;&nbsp;&nbsp;imu_data_sampling
<LI><a href="#[ab]">&gt;&gt;</a>&nbsp;&nbsp;&nbsp;FusionOffsetUpdate
<LI><a href="#[16d]">&gt;&gt;</a>&nbsp;&nbsp;&nbsp;calculate_quaternion_init
<LI><a href="#[d7]">&gt;&gt;</a>&nbsp;&nbsp;&nbsp;constrain_float
<LI><a href="#[18c]">&gt;&gt;</a>&nbsp;&nbsp;&nbsp;safe_sqrt
<LI><a href="#[c9]">&gt;&gt;</a>&nbsp;&nbsp;&nbsp;ICM206xx_Read_Data
</UL>

<P><STRONG><a name="[37]"></a>__aeabi_d2f</STRONG> (Thumb, 56 bytes, Stack size 8 bytes, d2f.o(.text))
<BR><BR>[Stack]<UL><LI>Max Depth = 8<LI>Call Chain = __aeabi_d2f
</UL>
<BR>[Calls]<UL><LI><a href="#[28]">&gt;&gt;</a>&nbsp;&nbsp;&nbsp;_float_round
</UL>
<BR>[Called By]<UL><LI><a href="#[18e]">&gt;&gt;</a>&nbsp;&nbsp;&nbsp;imu_data_sampling
<LI><a href="#[1a4]">&gt;&gt;</a>&nbsp;&nbsp;&nbsp;screen_display
<LI><a href="#[16d]">&gt;&gt;</a>&nbsp;&nbsp;&nbsp;calculate_quaternion_init
<LI><a href="#[c9]">&gt;&gt;</a>&nbsp;&nbsp;&nbsp;ICM206xx_Read_Data
</UL>

<P><STRONG><a name="[d8]"></a>__aeabi_uidiv</STRONG> (Thumb, 0 bytes, Stack size 16 bytes, uidiv_div0.o(.text))
<BR><BR>[Stack]<UL><LI>Max Depth = 16<LI>Call Chain = __aeabi_uidiv
</UL>
<BR>[Called By]<UL><LI><a href="#[f1]">&gt;&gt;</a>&nbsp;&nbsp;&nbsp;millis
<LI><a href="#[178]">&gt;&gt;</a>&nbsp;&nbsp;&nbsp;micros
<LI><a href="#[e8]">&gt;&gt;</a>&nbsp;&nbsp;&nbsp;bling_set
<LI><a href="#[f2]">&gt;&gt;</a>&nbsp;&nbsp;&nbsp;buzzer_setup
<LI><a href="#[d4]">&gt;&gt;</a>&nbsp;&nbsp;&nbsp;NCLink_Data_Prase_Process_Lite
<LI><a href="#[1bc]">&gt;&gt;</a>&nbsp;&nbsp;&nbsp;set_freq_Y
<LI><a href="#[1ba]">&gt;&gt;</a>&nbsp;&nbsp;&nbsp;set_freq_X
</UL>

<P><STRONG><a name="[39]"></a>__aeabi_uidivmod</STRONG> (Thumb, 62 bytes, Stack size 16 bytes, uidiv_div0.o(.text))
<BR><BR>[Stack]<UL><LI>Max Depth = 16<LI>Call Chain = __aeabi_uidivmod
</UL>
<BR>[Called By]<UL><LI><a href="#[38]">&gt;&gt;</a>&nbsp;&nbsp;&nbsp;__aeabi_idivmod
</UL>

<P><STRONG><a name="[1d3]"></a>__aeabi_idiv</STRONG> (Thumb, 0 bytes, Stack size 16 bytes, idiv_div0.o(.text))
<BR><BR>[Stack]<UL><LI>Max Depth = 16<LI>Call Chain = __aeabi_idiv
</UL>
<BR>[Called By]<UL><LI><a href="#[1b0]">&gt;&gt;</a>&nbsp;&nbsp;&nbsp;write_6_8_number_f1
<LI><a href="#[17a]">&gt;&gt;</a>&nbsp;&nbsp;&nbsp;write_6_8_number
</UL>

<P><STRONG><a name="[38]"></a>__aeabi_idivmod</STRONG> (Thumb, 74 bytes, Stack size 16 bytes, idiv_div0.o(.text))
<BR><BR>[Stack]<UL><LI>Max Depth = 32<LI>Call Chain = __aeabi_idivmod &rArr; __aeabi_uidivmod
</UL>
<BR>[Calls]<UL><LI><a href="#[39]">&gt;&gt;</a>&nbsp;&nbsp;&nbsp;__aeabi_uidivmod
</UL>
<BR>[Called By]<UL><LI><a href="#[1b0]">&gt;&gt;</a>&nbsp;&nbsp;&nbsp;write_6_8_number_f1
<LI><a href="#[17a]">&gt;&gt;</a>&nbsp;&nbsp;&nbsp;write_6_8_number
</UL>

<P><STRONG><a name="[2d]"></a>__aeabi_llsl</STRONG> (Thumb, 32 bytes, Stack size 8 bytes, llshl.o(.text))
<BR><BR>[Stack]<UL><LI>Max Depth = 8<LI>Call Chain = __aeabi_llsl
</UL>
<BR>[Called By]<UL><LI><a href="#[2c]">&gt;&gt;</a>&nbsp;&nbsp;&nbsp;__aeabi_dadd
<LI><a href="#[2f]">&gt;&gt;</a>&nbsp;&nbsp;&nbsp;_double_epilogue
</UL>

<P><STRONG><a name="[1f1]"></a>_ll_shift_l</STRONG> (Thumb, 0 bytes, Stack size 8 bytes, llshl.o(.text), UNUSED)

<P><STRONG><a name="[2e]"></a>__aeabi_lasr</STRONG> (Thumb, 38 bytes, Stack size 8 bytes, llsshr.o(.text))
<BR><BR>[Stack]<UL><LI>Max Depth = 8<LI>Call Chain = __aeabi_lasr
</UL>
<BR>[Called By]<UL><LI><a href="#[2c]">&gt;&gt;</a>&nbsp;&nbsp;&nbsp;__aeabi_dadd
</UL>

<P><STRONG><a name="[1f2]"></a>_ll_sshift_r</STRONG> (Thumb, 0 bytes, Stack size 8 bytes, llsshr.o(.text), UNUSED)

<P><STRONG><a name="[1f3]"></a>__I$use$fp</STRONG> (Thumb, 0 bytes, Stack size 0 bytes, iusefp.o(.text), UNUSED)

<P><STRONG><a name="[28]"></a>_float_round</STRONG> (Thumb, 16 bytes, Stack size 0 bytes, fepilogue.o(.text))
<BR><BR>[Called By]<UL><LI><a href="#[26]">&gt;&gt;</a>&nbsp;&nbsp;&nbsp;__aeabi_fadd
<LI><a href="#[2b]">&gt;&gt;</a>&nbsp;&nbsp;&nbsp;__aeabi_fdiv
<LI><a href="#[37]">&gt;&gt;</a>&nbsp;&nbsp;&nbsp;__aeabi_d2f
<LI><a href="#[3a]">&gt;&gt;</a>&nbsp;&nbsp;&nbsp;_fsqrt
<LI><a href="#[3f]">&gt;&gt;</a>&nbsp;&nbsp;&nbsp;_ffix_r
<LI><a href="#[3b]">&gt;&gt;</a>&nbsp;&nbsp;&nbsp;_frnd
</UL>

<P><STRONG><a name="[27]"></a>_float_epilogue</STRONG> (Thumb, 114 bytes, Stack size 12 bytes, fepilogue.o(.text))
<BR><BR>[Stack]<UL><LI>Max Depth = 12<LI>Call Chain = _float_epilogue
</UL>
<BR>[Called By]<UL><LI><a href="#[34]">&gt;&gt;</a>&nbsp;&nbsp;&nbsp;__aeabi_i2f
<LI><a href="#[26]">&gt;&gt;</a>&nbsp;&nbsp;&nbsp;__aeabi_fadd
<LI><a href="#[35]">&gt;&gt;</a>&nbsp;&nbsp;&nbsp;__aeabi_ui2f
</UL>

<P><STRONG><a name="[1da]"></a>__ARM_scalbnf</STRONG> (Thumb, 24 bytes, Stack size 0 bytes, fscalb.o(.text))
<BR><BR>[Called By]<UL><LI><a href="#[1df]">&gt;&gt;</a>&nbsp;&nbsp;&nbsp;__mathlib_rredf2
<LI><a href="#[1de]">&gt;&gt;</a>&nbsp;&nbsp;&nbsp;__mathlib_flt_underflow
<LI><a href="#[1dd]">&gt;&gt;</a>&nbsp;&nbsp;&nbsp;__mathlib_flt_overflow
<LI><a href="#[1d9]">&gt;&gt;</a>&nbsp;&nbsp;&nbsp;__mathlib_flt_infnan
<LI><a href="#[94]">&gt;&gt;</a>&nbsp;&nbsp;&nbsp;powf
<LI><a href="#[a4]">&gt;&gt;</a>&nbsp;&nbsp;&nbsp;asinf
</UL>

<P><STRONG><a name="[1f4]"></a>scalbnf</STRONG> (Thumb, 0 bytes, Stack size 0 bytes, fscalb.o(.text), UNUSED)

<P><STRONG><a name="[3a]"></a>_fsqrt</STRONG> (Thumb, 88 bytes, Stack size 16 bytes, fsqrt.o(.text))
<BR><BR>[Stack]<UL><LI>Max Depth = 16<LI>Call Chain = _fsqrt
</UL>
<BR>[Calls]<UL><LI><a href="#[28]">&gt;&gt;</a>&nbsp;&nbsp;&nbsp;_float_round
</UL>
<BR>[Called By]<UL><LI><a href="#[186]">&gt;&gt;</a>&nbsp;&nbsp;&nbsp;sqrtf
</UL>

<P><STRONG><a name="[3b]"></a>_frnd</STRONG> (Thumb, 62 bytes, Stack size 8 bytes, frnd.o(.text))
<BR><BR>[Stack]<UL><LI>Max Depth = 8<LI>Call Chain = _frnd
</UL>
<BR>[Calls]<UL><LI><a href="#[28]">&gt;&gt;</a>&nbsp;&nbsp;&nbsp;_float_round
</UL>
<BR>[Called By]<UL><LI><a href="#[1b7]">&gt;&gt;</a>&nbsp;&nbsp;&nbsp;tanf
<LI><a href="#[91]">&gt;&gt;</a>&nbsp;&nbsp;&nbsp;sinf
<LI><a href="#[90]">&gt;&gt;</a>&nbsp;&nbsp;&nbsp;cosf
</UL>

<P><STRONG><a name="[30]"></a>_double_round</STRONG> (Thumb, 26 bytes, Stack size 8 bytes, depilogue.o(.text))
<BR><BR>[Stack]<UL><LI>Max Depth = 8<LI>Call Chain = _double_round
</UL>
<BR>[Called By]<UL><LI><a href="#[2c]">&gt;&gt;</a>&nbsp;&nbsp;&nbsp;__aeabi_dadd
<LI><a href="#[2f]">&gt;&gt;</a>&nbsp;&nbsp;&nbsp;_double_epilogue
<LI><a href="#[3e]">&gt;&gt;</a>&nbsp;&nbsp;&nbsp;__aeabi_ddiv
</UL>

<P><STRONG><a name="[2f]"></a>_double_epilogue</STRONG> (Thumb, 164 bytes, Stack size 48 bytes, depilogue.o(.text))
<BR><BR>[Stack]<UL><LI>Max Depth = 56<LI>Call Chain = _double_epilogue &rArr; __aeabi_llsr
</UL>
<BR>[Calls]<UL><LI><a href="#[3d]">&gt;&gt;</a>&nbsp;&nbsp;&nbsp;__aeabi_llsr
<LI><a href="#[3c]">&gt;&gt;</a>&nbsp;&nbsp;&nbsp;__ARM_clz
<LI><a href="#[2d]">&gt;&gt;</a>&nbsp;&nbsp;&nbsp;__aeabi_llsl
<LI><a href="#[30]">&gt;&gt;</a>&nbsp;&nbsp;&nbsp;_double_round
</UL>
<BR>[Called By]<UL><LI><a href="#[33]">&gt;&gt;</a>&nbsp;&nbsp;&nbsp;__aeabi_dmul
<LI><a href="#[36]">&gt;&gt;</a>&nbsp;&nbsp;&nbsp;__aeabi_i2d
<LI><a href="#[2c]">&gt;&gt;</a>&nbsp;&nbsp;&nbsp;__aeabi_dadd
</UL>

<P><STRONG><a name="[3e]"></a>__aeabi_ddiv</STRONG> (Thumb, 234 bytes, Stack size 40 bytes, ddiv.o(.text))
<BR><BR>[Stack]<UL><LI>Max Depth = 48<LI>Call Chain = __aeabi_ddiv &rArr; _double_round
</UL>
<BR>[Calls]<UL><LI><a href="#[30]">&gt;&gt;</a>&nbsp;&nbsp;&nbsp;_double_round
</UL>
<BR>[Called By]<UL><LI><a href="#[16f]">&gt;&gt;</a>&nbsp;&nbsp;&nbsp;atan
</UL>

<P><STRONG><a name="[1d6]"></a>__ARM_scalbn</STRONG> (Thumb, 44 bytes, Stack size 16 bytes, dscalb.o(.text))
<BR><BR>[Stack]<UL><LI>Max Depth = 16<LI>Call Chain = __ARM_scalbn
</UL>
<BR>[Called By]<UL><LI><a href="#[1d7]">&gt;&gt;</a>&nbsp;&nbsp;&nbsp;__mathlib_dbl_underflow
<LI><a href="#[1d5]">&gt;&gt;</a>&nbsp;&nbsp;&nbsp;__mathlib_dbl_infnan
<LI><a href="#[16f]">&gt;&gt;</a>&nbsp;&nbsp;&nbsp;atan
</UL>

<P><STRONG><a name="[1f5]"></a>scalbn</STRONG> (Thumb, 0 bytes, Stack size 16 bytes, dscalb.o(.text), UNUSED)

<P><STRONG><a name="[3f]"></a>_ffix_r</STRONG> (Thumb, 76 bytes, Stack size 8 bytes, ffixir.o(.text))
<BR><BR>[Stack]<UL><LI>Max Depth = 8<LI>Call Chain = _ffix_r
</UL>
<BR>[Calls]<UL><LI><a href="#[28]">&gt;&gt;</a>&nbsp;&nbsp;&nbsp;_float_round
</UL>
<BR>[Called By]<UL><LI><a href="#[94]">&gt;&gt;</a>&nbsp;&nbsp;&nbsp;powf
</UL>

<P><STRONG><a name="[1f6]"></a>__fp_status</STRONG> (Thumb, 4 bytes, Stack size 0 bytes, fpstat.o(.text), UNUSED)

<P><STRONG><a name="[1e4]"></a>__ieee_status</STRONG> (Thumb, 0 bytes, Stack size 0 bytes, fpstat.o(.text))
<BR><BR>[Called By]<UL><LI><a href="#[94]">&gt;&gt;</a>&nbsp;&nbsp;&nbsp;powf
</UL>

<P><STRONG><a name="[21]"></a>__scatterload</STRONG> (Thumb, 38 bytes, Stack size 0 bytes, init.o(.text))
<BR><BR>[Calls]<UL><LI><a href="#[40]">&gt;&gt;</a>&nbsp;&nbsp;&nbsp;__main_after_scatterload
</UL>
<BR>[Called By]<UL><LI><a href="#[20]">&gt;&gt;</a>&nbsp;&nbsp;&nbsp;_main_scatterload
</UL>

<P><STRONG><a name="[1f7]"></a>__scatterload_rt2</STRONG> (Thumb, 0 bytes, Stack size 0 bytes, init.o(.text), UNUSED)

<P><STRONG><a name="[3d]"></a>__aeabi_llsr</STRONG> (Thumb, 34 bytes, Stack size 8 bytes, llushr.o(.text))
<BR><BR>[Stack]<UL><LI>Max Depth = 8<LI>Call Chain = __aeabi_llsr
</UL>
<BR>[Called By]<UL><LI><a href="#[2f]">&gt;&gt;</a>&nbsp;&nbsp;&nbsp;_double_epilogue
</UL>

<P><STRONG><a name="[1f8]"></a>_ll_ushift_r</STRONG> (Thumb, 0 bytes, Stack size 8 bytes, llushr.o(.text), UNUSED)

<P><STRONG><a name="[1f9]"></a>__decompress</STRONG> (Thumb, 0 bytes, Stack size unknown bytes, __dczerorl2.o(.text), UNUSED)

<P><STRONG><a name="[1fa]"></a>__decompress1</STRONG> (Thumb, 86 bytes, Stack size unknown bytes, __dczerorl2.o(.text), UNUSED)

<P><STRONG><a name="[1a2]"></a>Button_Init</STRONG> (Thumb, 104 bytes, Stack size 8 bytes, nbutton.o(.text.Button_Init))
<BR><BR>[Stack]<UL><LI>Max Depth = 8<LI>Call Chain = Button_Init
</UL>
<BR>[Called By]<UL><LI><a href="#[1e]">&gt;&gt;</a>&nbsp;&nbsp;&nbsp;main
</UL>

<P><STRONG><a name="[d6]"></a>Byte2Float</STRONG> (Thumb, 68 bytes, Stack size 16 bytes, nclink.o(.text.Byte2Float))
<BR><BR>[Stack]<UL><LI>Max Depth = 16<LI>Call Chain = Byte2Float
</UL>
<BR>[Called By]<UL><LI><a href="#[140]">&gt;&gt;</a>&nbsp;&nbsp;&nbsp;bluetooth_app_prase
<LI><a href="#[d4]">&gt;&gt;</a>&nbsp;&nbsp;&nbsp;NCLink_Data_Prase_Process_Lite
</UL>

<P><STRONG><a name="[133]"></a>DL_Common_delayCycles</STRONG> (Thumb, 20 bytes, Stack size 8 bytes, dl_common.o(.text.DL_Common_delayCycles))
<BR><BR>[Stack]<UL><LI>Max Depth = 8<LI>Call Chain = DL_Common_delayCycles
</UL>
<BR>[Called By]<UL><LI><a href="#[12a]">&gt;&gt;</a>&nbsp;&nbsp;&nbsp;SYSCFG_DL_initPower
</UL>

<P><STRONG><a name="[41]"></a>DL_DMA_initChannel</STRONG> (Thumb, 70 bytes, Stack size 56 bytes, dl_dma.o(.text.DL_DMA_initChannel))
<BR><BR>[Stack]<UL><LI>Max Depth = 104<LI>Call Chain = DL_DMA_initChannel &rArr; DL_DMA_setTrigger &rArr; DL_Common_updateReg
</UL>
<BR>[Calls]<UL><LI><a href="#[43]">&gt;&gt;</a>&nbsp;&nbsp;&nbsp;DL_DMA_setTrigger
<LI><a href="#[42]">&gt;&gt;</a>&nbsp;&nbsp;&nbsp;DL_DMA_configTransfer
</UL>
<BR>[Called By]<UL><LI><a href="#[f3]">&gt;&gt;</a>&nbsp;&nbsp;&nbsp;SYSCFG_DL_DMA_CH0_init
</UL>

<P><STRONG><a name="[45]"></a>DL_I2C_fillControllerTXFIFO</STRONG> (Thumb, 84 bytes, Stack size 24 bytes, dl_i2c.o(.text.DL_I2C_fillControllerTXFIFO))
<BR><BR>[Stack]<UL><LI>Max Depth = 32<LI>Call Chain = DL_I2C_fillControllerTXFIFO &rArr; DL_I2C_transmitControllerData
</UL>
<BR>[Calls]<UL><LI><a href="#[47]">&gt;&gt;</a>&nbsp;&nbsp;&nbsp;DL_I2C_transmitControllerData
<LI><a href="#[46]">&gt;&gt;</a>&nbsp;&nbsp;&nbsp;DL_I2C_isControllerTXFIFOFull
</UL>
<BR>[Called By]<UL><LI><a href="#[c0]">&gt;&gt;</a>&nbsp;&nbsp;&nbsp;I2C_ReadReg
<LI><a href="#[c4]">&gt;&gt;</a>&nbsp;&nbsp;&nbsp;I2C_WriteReg
</UL>

<P><STRONG><a name="[48]"></a>DL_I2C_flushControllerTXFIFO</STRONG> (Thumb, 38 bytes, Stack size 16 bytes, dl_i2c.o(.text.DL_I2C_flushControllerTXFIFO))
<BR><BR>[Stack]<UL><LI>Max Depth = 20<LI>Call Chain = DL_I2C_flushControllerTXFIFO &rArr; DL_I2C_stopFlushControllerTXFIFO
</UL>
<BR>[Calls]<UL><LI><a href="#[4b]">&gt;&gt;</a>&nbsp;&nbsp;&nbsp;DL_I2C_stopFlushControllerTXFIFO
<LI><a href="#[4a]">&gt;&gt;</a>&nbsp;&nbsp;&nbsp;DL_I2C_isControllerTXFIFOEmpty
<LI><a href="#[49]">&gt;&gt;</a>&nbsp;&nbsp;&nbsp;DL_I2C_startFlushControllerTXFIFO
</UL>
<BR>[Called By]<UL><LI><a href="#[c0]">&gt;&gt;</a>&nbsp;&nbsp;&nbsp;I2C_ReadReg
<LI><a href="#[c4]">&gt;&gt;</a>&nbsp;&nbsp;&nbsp;I2C_WriteReg
</UL>

<P><STRONG><a name="[4e]"></a>DL_I2C_setClockConfig</STRONG> (Thumb, 48 bytes, Stack size 16 bytes, dl_i2c.o(.text.DL_I2C_setClockConfig))
<BR><BR>[Stack]<UL><LI>Max Depth = 32<LI>Call Chain = DL_I2C_setClockConfig &rArr; DL_Common_updateReg
</UL>
<BR>[Calls]<UL><LI><a href="#[4f]">&gt;&gt;</a>&nbsp;&nbsp;&nbsp;DL_Common_updateReg
</UL>
<BR>[Called By]<UL><LI><a href="#[105]">&gt;&gt;</a>&nbsp;&nbsp;&nbsp;SYSCFG_DL_I2C_0_init
</UL>

<P><STRONG><a name="[54]"></a>DL_SYSCTL_configSYSPLL</STRONG> (Thumb, 208 bytes, Stack size 32 bytes, dl_sysctl_mspm0g1x0x_g3x0x.o(.text.DL_SYSCTL_configSYSPLL))
<BR><BR>[Stack]<UL><LI>Max Depth = 48<LI>Call Chain = DL_SYSCTL_configSYSPLL &rArr; DL_Common_updateReg
</UL>
<BR>[Calls]<UL><LI><a href="#[59]">&gt;&gt;</a>&nbsp;&nbsp;&nbsp;DL_CORE_configInstruction
<LI><a href="#[58]">&gt;&gt;</a>&nbsp;&nbsp;&nbsp;DL_CORE_getInstructionConfig
<LI><a href="#[57]">&gt;&gt;</a>&nbsp;&nbsp;&nbsp;DL_Common_updateReg
<LI><a href="#[56]">&gt;&gt;</a>&nbsp;&nbsp;&nbsp;DL_SYSCTL_getClockStatus
<LI><a href="#[55]">&gt;&gt;</a>&nbsp;&nbsp;&nbsp;DL_SYSCTL_disableSYSPLL
</UL>
<BR>[Called By]<UL><LI><a href="#[113]">&gt;&gt;</a>&nbsp;&nbsp;&nbsp;SYSCFG_DL_SYSCTL_init
</UL>

<P><STRONG><a name="[5c]"></a>DL_SYSCTL_setHFCLKSourceHFXTParams</STRONG> (Thumb, 96 bytes, Stack size 32 bytes, dl_sysctl_mspm0g1x0x_g3x0x.o(.text.DL_SYSCTL_setHFCLKSourceHFXTParams))
<BR><BR>[Stack]<UL><LI>Max Depth = 64<LI>Call Chain = DL_SYSCTL_setHFCLKSourceHFXTParams &rArr; DL_SYSCTL_setHFXTStartupTime &rArr; DL_Common_updateReg
</UL>
<BR>[Calls]<UL><LI><a href="#[61]">&gt;&gt;</a>&nbsp;&nbsp;&nbsp;DL_SYSCTL_disableHFCLKStartupMonitor
<LI><a href="#[60]">&gt;&gt;</a>&nbsp;&nbsp;&nbsp;DL_SYSCTL_enableHFCLKStartupMonitor
<LI><a href="#[5f]">&gt;&gt;</a>&nbsp;&nbsp;&nbsp;DL_SYSCTL_setHFXTStartupTime
<LI><a href="#[5e]">&gt;&gt;</a>&nbsp;&nbsp;&nbsp;DL_SYSCTL_setHFXTFrequencyRange
<LI><a href="#[5d]">&gt;&gt;</a>&nbsp;&nbsp;&nbsp;DL_SYSCTL_disableHFXT
<LI><a href="#[56]">&gt;&gt;</a>&nbsp;&nbsp;&nbsp;DL_SYSCTL_getClockStatus
</UL>
<BR>[Called By]<UL><LI><a href="#[113]">&gt;&gt;</a>&nbsp;&nbsp;&nbsp;SYSCFG_DL_SYSCTL_init
</UL>

<P><STRONG><a name="[65]"></a>DL_SYSCTL_switchMCLKfromSYSOSCtoHSCLK</STRONG> (Thumb, 72 bytes, Stack size 16 bytes, dl_sysctl_mspm0g1x0x_g3x0x.o(.text.DL_SYSCTL_switchMCLKfromSYSOSCtoHSCLK))
<BR><BR>[Stack]<UL><LI>Max Depth = 20<LI>Call Chain = DL_SYSCTL_switchMCLKfromSYSOSCtoHSCLK &rArr; DL_SYSCTL_setHSCLKSource
</UL>
<BR>[Calls]<UL><LI><a href="#[66]">&gt;&gt;</a>&nbsp;&nbsp;&nbsp;DL_SYSCTL_setHSCLKSource
<LI><a href="#[56]">&gt;&gt;</a>&nbsp;&nbsp;&nbsp;DL_SYSCTL_getClockStatus
</UL>
<BR>[Called By]<UL><LI><a href="#[113]">&gt;&gt;</a>&nbsp;&nbsp;&nbsp;SYSCFG_DL_SYSCTL_init
</UL>

<P><STRONG><a name="[67]"></a>DL_TimerA_initPWMMode</STRONG> (Thumb, 234 bytes, Stack size 56 bytes, dl_timer.o(.text.DL_TimerA_initPWMMode))
<BR><BR>[Stack]<UL><LI>Max Depth = 152<LI>Call Chain = DL_TimerA_initPWMMode &rArr; DL_Timer_initPWMMode &rArr; DL_Timer_setCaptureCompareInput &rArr; DL_Common_updateReg
</UL>
<BR>[Calls]<UL><LI><a href="#[6a]">&gt;&gt;</a>&nbsp;&nbsp;&nbsp;DL_Timer_setCaptureCompareOutCtl
<LI><a href="#[68]">&gt;&gt;</a>&nbsp;&nbsp;&nbsp;DL_Timer_setCaptureCompareAction
<LI><a href="#[6c]">&gt;&gt;</a>&nbsp;&nbsp;&nbsp;DL_Timer_initPWMMode
<LI><a href="#[6b]">&gt;&gt;</a>&nbsp;&nbsp;&nbsp;DL_Timer_setCaptureCompareInput
<LI><a href="#[69]">&gt;&gt;</a>&nbsp;&nbsp;&nbsp;DL_Timer_setCaptureCompareCtl
</UL>
<BR>[Called By]<UL><LI><a href="#[10f]">&gt;&gt;</a>&nbsp;&nbsp;&nbsp;SYSCFG_DL_PWM_1_init
<LI><a href="#[10b]">&gt;&gt;</a>&nbsp;&nbsp;&nbsp;SYSCFG_DL_PWM_0_init
</UL>

<P><STRONG><a name="[6c]"></a>DL_Timer_initPWMMode</STRONG> (Thumb, 260 bytes, Stack size 48 bytes, dl_timer.o(.text.DL_Timer_initPWMMode))
<BR><BR>[Stack]<UL><LI>Max Depth = 96<LI>Call Chain = DL_Timer_initPWMMode &rArr; DL_Timer_setCaptureCompareInput &rArr; DL_Common_updateReg
</UL>
<BR>[Calls]<UL><LI><a href="#[6a]">&gt;&gt;</a>&nbsp;&nbsp;&nbsp;DL_Timer_setCaptureCompareOutCtl
<LI><a href="#[68]">&gt;&gt;</a>&nbsp;&nbsp;&nbsp;DL_Timer_setCaptureCompareAction
<LI><a href="#[6b]">&gt;&gt;</a>&nbsp;&nbsp;&nbsp;DL_Timer_setCaptureCompareInput
<LI><a href="#[69]">&gt;&gt;</a>&nbsp;&nbsp;&nbsp;DL_Timer_setCaptureCompareCtl
<LI><a href="#[6f]">&gt;&gt;</a>&nbsp;&nbsp;&nbsp;DL_Common_updateReg
<LI><a href="#[6e]">&gt;&gt;</a>&nbsp;&nbsp;&nbsp;DL_Timer_setCounterValueAfterEnable
<LI><a href="#[6d]">&gt;&gt;</a>&nbsp;&nbsp;&nbsp;DL_Timer_setLoadValue
</UL>
<BR>[Called By]<UL><LI><a href="#[67]">&gt;&gt;</a>&nbsp;&nbsp;&nbsp;DL_TimerA_initPWMMode
<LI><a href="#[110]">&gt;&gt;</a>&nbsp;&nbsp;&nbsp;SYSCFG_DL_PWM_2_init
</UL>

<P><STRONG><a name="[70]"></a>DL_Timer_initTimerMode</STRONG> (Thumb, 252 bytes, Stack size 24 bytes, dl_timer.o(.text.DL_Timer_initTimerMode))
<BR><BR>[Stack]<UL><LI>Max Depth = 72<LI>Call Chain = DL_Timer_initTimerMode &rArr; DL_Timer_setCaptureCompareCtl &rArr; DL_Common_updateReg
</UL>
<BR>[Calls]<UL><LI><a href="#[69]">&gt;&gt;</a>&nbsp;&nbsp;&nbsp;DL_Timer_setCaptureCompareCtl
<LI><a href="#[71]">&gt;&gt;</a>&nbsp;&nbsp;&nbsp;DL_Timer_setCaptureCompareValue
<LI><a href="#[6e]">&gt;&gt;</a>&nbsp;&nbsp;&nbsp;DL_Timer_setCounterValueAfterEnable
<LI><a href="#[6d]">&gt;&gt;</a>&nbsp;&nbsp;&nbsp;DL_Timer_setLoadValue
</UL>
<BR>[Called By]<UL><LI><a href="#[11e]">&gt;&gt;</a>&nbsp;&nbsp;&nbsp;SYSCFG_DL_TIMER_G12_init
<LI><a href="#[120]">&gt;&gt;</a>&nbsp;&nbsp;&nbsp;SYSCFG_DL_TIMER_G8_init
<LI><a href="#[11f]">&gt;&gt;</a>&nbsp;&nbsp;&nbsp;SYSCFG_DL_TIMER_G6_init
<LI><a href="#[11c]">&gt;&gt;</a>&nbsp;&nbsp;&nbsp;SYSCFG_DL_TIMER_G0_init
</UL>

<P><STRONG><a name="[72]"></a>DL_Timer_setCaptCompUpdateMethod</STRONG> (Thumb, 48 bytes, Stack size 24 bytes, dl_timer.o(.text.DL_Timer_setCaptCompUpdateMethod))
<BR><BR>[Stack]<UL><LI>Max Depth = 40<LI>Call Chain = DL_Timer_setCaptCompUpdateMethod &rArr; DL_Common_updateReg
</UL>
<BR>[Calls]<UL><LI><a href="#[6f]">&gt;&gt;</a>&nbsp;&nbsp;&nbsp;DL_Common_updateReg
</UL>
<BR>[Called By]<UL><LI><a href="#[110]">&gt;&gt;</a>&nbsp;&nbsp;&nbsp;SYSCFG_DL_PWM_2_init
<LI><a href="#[10f]">&gt;&gt;</a>&nbsp;&nbsp;&nbsp;SYSCFG_DL_PWM_1_init
<LI><a href="#[10b]">&gt;&gt;</a>&nbsp;&nbsp;&nbsp;SYSCFG_DL_PWM_0_init
</UL>

<P><STRONG><a name="[68]"></a>DL_Timer_setCaptureCompareAction</STRONG> (Thumb, 44 bytes, Stack size 24 bytes, dl_timer.o(.text.DL_Timer_setCaptureCompareAction))
<BR><BR>[Stack]<UL><LI>Max Depth = 40<LI>Call Chain = DL_Timer_setCaptureCompareAction &rArr; DL_Common_updateReg
</UL>
<BR>[Calls]<UL><LI><a href="#[6f]">&gt;&gt;</a>&nbsp;&nbsp;&nbsp;DL_Common_updateReg
</UL>
<BR>[Called By]<UL><LI><a href="#[67]">&gt;&gt;</a>&nbsp;&nbsp;&nbsp;DL_TimerA_initPWMMode
<LI><a href="#[6c]">&gt;&gt;</a>&nbsp;&nbsp;&nbsp;DL_Timer_initPWMMode
</UL>

<P><STRONG><a name="[69]"></a>DL_Timer_setCaptureCompareCtl</STRONG> (Thumb, 52 bytes, Stack size 32 bytes, dl_timer.o(.text.DL_Timer_setCaptureCompareCtl))
<BR><BR>[Stack]<UL><LI>Max Depth = 48<LI>Call Chain = DL_Timer_setCaptureCompareCtl &rArr; DL_Common_updateReg
</UL>
<BR>[Calls]<UL><LI><a href="#[6f]">&gt;&gt;</a>&nbsp;&nbsp;&nbsp;DL_Common_updateReg
</UL>
<BR>[Called By]<UL><LI><a href="#[67]">&gt;&gt;</a>&nbsp;&nbsp;&nbsp;DL_TimerA_initPWMMode
<LI><a href="#[6c]">&gt;&gt;</a>&nbsp;&nbsp;&nbsp;DL_Timer_initPWMMode
<LI><a href="#[70]">&gt;&gt;</a>&nbsp;&nbsp;&nbsp;DL_Timer_initTimerMode
</UL>

<P><STRONG><a name="[6b]"></a>DL_Timer_setCaptureCompareInput</STRONG> (Thumb, 52 bytes, Stack size 32 bytes, dl_timer.o(.text.DL_Timer_setCaptureCompareInput))
<BR><BR>[Stack]<UL><LI>Max Depth = 48<LI>Call Chain = DL_Timer_setCaptureCompareInput &rArr; DL_Common_updateReg
</UL>
<BR>[Calls]<UL><LI><a href="#[6f]">&gt;&gt;</a>&nbsp;&nbsp;&nbsp;DL_Common_updateReg
</UL>
<BR>[Called By]<UL><LI><a href="#[67]">&gt;&gt;</a>&nbsp;&nbsp;&nbsp;DL_TimerA_initPWMMode
<LI><a href="#[6c]">&gt;&gt;</a>&nbsp;&nbsp;&nbsp;DL_Timer_initPWMMode
</UL>

<P><STRONG><a name="[6a]"></a>DL_Timer_setCaptureCompareOutCtl</STRONG> (Thumb, 60 bytes, Stack size 36 bytes, dl_timer.o(.text.DL_Timer_setCaptureCompareOutCtl))
<BR><BR>[Stack]<UL><LI>Max Depth = 36<LI>Call Chain = DL_Timer_setCaptureCompareOutCtl
</UL>
<BR>[Called By]<UL><LI><a href="#[67]">&gt;&gt;</a>&nbsp;&nbsp;&nbsp;DL_TimerA_initPWMMode
<LI><a href="#[6c]">&gt;&gt;</a>&nbsp;&nbsp;&nbsp;DL_Timer_initPWMMode
<LI><a href="#[110]">&gt;&gt;</a>&nbsp;&nbsp;&nbsp;SYSCFG_DL_PWM_2_init
<LI><a href="#[10f]">&gt;&gt;</a>&nbsp;&nbsp;&nbsp;SYSCFG_DL_PWM_1_init
<LI><a href="#[10b]">&gt;&gt;</a>&nbsp;&nbsp;&nbsp;SYSCFG_DL_PWM_0_init
</UL>

<P><STRONG><a name="[71]"></a>DL_Timer_setCaptureCompareValue</STRONG> (Thumb, 40 bytes, Stack size 16 bytes, dl_timer.o(.text.DL_Timer_setCaptureCompareValue))
<BR><BR>[Stack]<UL><LI>Max Depth = 16<LI>Call Chain = DL_Timer_setCaptureCompareValue
</UL>
<BR>[Called By]<UL><LI><a href="#[70]">&gt;&gt;</a>&nbsp;&nbsp;&nbsp;DL_Timer_initTimerMode
<LI><a href="#[110]">&gt;&gt;</a>&nbsp;&nbsp;&nbsp;SYSCFG_DL_PWM_2_init
<LI><a href="#[10f]">&gt;&gt;</a>&nbsp;&nbsp;&nbsp;SYSCFG_DL_PWM_1_init
<LI><a href="#[10b]">&gt;&gt;</a>&nbsp;&nbsp;&nbsp;SYSCFG_DL_PWM_0_init
<LI><a href="#[1a7]">&gt;&gt;</a>&nbsp;&nbsp;&nbsp;motor_output
<LI><a href="#[1b9]">&gt;&gt;</a>&nbsp;&nbsp;&nbsp;set_duty_Y
<LI><a href="#[1b8]">&gt;&gt;</a>&nbsp;&nbsp;&nbsp;set_duty_X
</UL>

<P><STRONG><a name="[10c]"></a>DL_Timer_setClockConfig</STRONG> (Thumb, 44 bytes, Stack size 8 bytes, dl_timer.o(.text.DL_Timer_setClockConfig))
<BR><BR>[Stack]<UL><LI>Max Depth = 8<LI>Call Chain = DL_Timer_setClockConfig
</UL>
<BR>[Called By]<UL><LI><a href="#[11e]">&gt;&gt;</a>&nbsp;&nbsp;&nbsp;SYSCFG_DL_TIMER_G12_init
<LI><a href="#[120]">&gt;&gt;</a>&nbsp;&nbsp;&nbsp;SYSCFG_DL_TIMER_G8_init
<LI><a href="#[11f]">&gt;&gt;</a>&nbsp;&nbsp;&nbsp;SYSCFG_DL_TIMER_G6_init
<LI><a href="#[11c]">&gt;&gt;</a>&nbsp;&nbsp;&nbsp;SYSCFG_DL_TIMER_G0_init
<LI><a href="#[110]">&gt;&gt;</a>&nbsp;&nbsp;&nbsp;SYSCFG_DL_PWM_2_init
<LI><a href="#[10f]">&gt;&gt;</a>&nbsp;&nbsp;&nbsp;SYSCFG_DL_PWM_1_init
<LI><a href="#[10b]">&gt;&gt;</a>&nbsp;&nbsp;&nbsp;SYSCFG_DL_PWM_0_init
</UL>

<P><STRONG><a name="[73]"></a>DL_UART_init</STRONG> (Thumb, 68 bytes, Stack size 16 bytes, dl_uart.o(.text.DL_UART_init))
<BR><BR>[Stack]<UL><LI>Max Depth = 32<LI>Call Chain = DL_UART_init &rArr; DL_Common_updateReg
</UL>
<BR>[Calls]<UL><LI><a href="#[75]">&gt;&gt;</a>&nbsp;&nbsp;&nbsp;DL_Common_updateReg
<LI><a href="#[74]">&gt;&gt;</a>&nbsp;&nbsp;&nbsp;DL_UART_disable
</UL>
<BR>[Called By]<UL><LI><a href="#[126]">&gt;&gt;</a>&nbsp;&nbsp;&nbsp;SYSCFG_DL_UART_2_init
<LI><a href="#[125]">&gt;&gt;</a>&nbsp;&nbsp;&nbsp;SYSCFG_DL_UART_1_init
<LI><a href="#[121]">&gt;&gt;</a>&nbsp;&nbsp;&nbsp;SYSCFG_DL_UART_0_init
</UL>

<P><STRONG><a name="[122]"></a>DL_UART_setClockConfig</STRONG> (Thumb, 32 bytes, Stack size 8 bytes, dl_uart.o(.text.DL_UART_setClockConfig))
<BR><BR>[Stack]<UL><LI>Max Depth = 8<LI>Call Chain = DL_UART_setClockConfig
</UL>
<BR>[Called By]<UL><LI><a href="#[126]">&gt;&gt;</a>&nbsp;&nbsp;&nbsp;SYSCFG_DL_UART_2_init
<LI><a href="#[125]">&gt;&gt;</a>&nbsp;&nbsp;&nbsp;SYSCFG_DL_UART_1_init
<LI><a href="#[121]">&gt;&gt;</a>&nbsp;&nbsp;&nbsp;SYSCFG_DL_UART_0_init
</UL>

<P><STRONG><a name="[7a]"></a>DL_UART_transmitDataBlocking</STRONG> (Thumb, 40 bytes, Stack size 16 bytes, dl_uart.o(.text.DL_UART_transmitDataBlocking))
<BR><BR>[Stack]<UL><LI>Max Depth = 24<LI>Call Chain = DL_UART_transmitDataBlocking &rArr; DL_UART_transmitData
</UL>
<BR>[Calls]<UL><LI><a href="#[7c]">&gt;&gt;</a>&nbsp;&nbsp;&nbsp;DL_UART_transmitData
<LI><a href="#[7b]">&gt;&gt;</a>&nbsp;&nbsp;&nbsp;DL_UART_isTXFIFOFull
</UL>
<BR>[Called By]<UL><LI><a href="#[134]">&gt;&gt;</a>&nbsp;&nbsp;&nbsp;UART_SendBytes
</UL>

<P><STRONG><a name="[7d]"></a>Delay_Ms</STRONG> (Thumb, 16 bytes, Stack size 16 bytes, system.o(.text.Delay_Ms))
<BR><BR>[Stack]<UL><LI>Max Depth = 96<LI>Call Chain = Delay_Ms &rArr; delay_ms &rArr; delay &rArr; delayMicroseconds &rArr; micros &rArr; __aeabi_uidiv
</UL>
<BR>[Calls]<UL><LI><a href="#[7e]">&gt;&gt;</a>&nbsp;&nbsp;&nbsp;delay_ms
</UL>
<BR>[Called By]<UL><LI><a href="#[7f]">&gt;&gt;</a>&nbsp;&nbsp;&nbsp;Draw_Logo
<LI><a href="#[19b]">&gt;&gt;</a>&nbsp;&nbsp;&nbsp;w25qxx_gpio_init
</UL>

<P><STRONG><a name="[7f]"></a>Draw_Logo</STRONG> (Thumb, 112 bytes, Stack size 24 bytes, oled.o(.text.Draw_Logo))
<BR><BR>[Stack]<UL><LI>Max Depth = 120<LI>Call Chain = Draw_Logo &rArr; Delay_Ms &rArr; delay_ms &rArr; delay &rArr; delayMicroseconds &rArr; micros &rArr; __aeabi_uidiv
</UL>
<BR>[Calls]<UL><LI><a href="#[82]">&gt;&gt;</a>&nbsp;&nbsp;&nbsp;LCD_CLS
<LI><a href="#[80]">&gt;&gt;</a>&nbsp;&nbsp;&nbsp;OLED_Set_Pos
<LI><a href="#[81]">&gt;&gt;</a>&nbsp;&nbsp;&nbsp;OLED_WrDat
<LI><a href="#[7d]">&gt;&gt;</a>&nbsp;&nbsp;&nbsp;Delay_Ms
</UL>
<BR>[Called By]<UL><LI><a href="#[e1]">&gt;&gt;</a>&nbsp;&nbsp;&nbsp;OLED_Init
</UL>

<P><STRONG><a name="[1a1]"></a>Encoder_Init</STRONG> (Thumb, 2 bytes, Stack size 0 bytes, nqei.o(.text.Encoder_Init))
<BR><BR>[Called By]<UL><LI><a href="#[1e]">&gt;&gt;</a>&nbsp;&nbsp;&nbsp;main
</UL>

<P><STRONG><a name="[83]"></a>FastCos</STRONG> (Thumb, 204 bytes, Stack size 72 bytes, wp_math.o(.text.FastCos))
<BR><BR>[Stack]<UL><LI>Max Depth = 108<LI>Call Chain = FastCos &rArr; __aeabi_fadd &rArr; _float_epilogue
</UL>
<BR>[Calls]<UL><LI><a href="#[84]">&gt;&gt;</a>&nbsp;&nbsp;&nbsp;__aeabi_fmul
<LI><a href="#[34]">&gt;&gt;</a>&nbsp;&nbsp;&nbsp;__aeabi_i2f
<LI><a href="#[86]">&gt;&gt;</a>&nbsp;&nbsp;&nbsp;__aeabi_fcmpge
<LI><a href="#[85]">&gt;&gt;</a>&nbsp;&nbsp;&nbsp;__aeabi_f2iz
<LI><a href="#[26]">&gt;&gt;</a>&nbsp;&nbsp;&nbsp;__aeabi_fadd
<LI><a href="#[29]">&gt;&gt;</a>&nbsp;&nbsp;&nbsp;__aeabi_fsub
<LI><a href="#[35]">&gt;&gt;</a>&nbsp;&nbsp;&nbsp;__aeabi_ui2f
</UL>
<BR>[Called By]<UL><LI><a href="#[1a8]">&gt;&gt;</a>&nbsp;&nbsp;&nbsp;trackless_ahrs_update
</UL>

<P><STRONG><a name="[87]"></a>FastSin</STRONG> (Thumb, 196 bytes, Stack size 72 bytes, wp_math.o(.text.FastSin))
<BR><BR>[Stack]<UL><LI>Max Depth = 108<LI>Call Chain = FastSin &rArr; __aeabi_fadd &rArr; _float_epilogue
</UL>
<BR>[Calls]<UL><LI><a href="#[84]">&gt;&gt;</a>&nbsp;&nbsp;&nbsp;__aeabi_fmul
<LI><a href="#[34]">&gt;&gt;</a>&nbsp;&nbsp;&nbsp;__aeabi_i2f
<LI><a href="#[86]">&gt;&gt;</a>&nbsp;&nbsp;&nbsp;__aeabi_fcmpge
<LI><a href="#[85]">&gt;&gt;</a>&nbsp;&nbsp;&nbsp;__aeabi_f2iz
<LI><a href="#[26]">&gt;&gt;</a>&nbsp;&nbsp;&nbsp;__aeabi_fadd
<LI><a href="#[29]">&gt;&gt;</a>&nbsp;&nbsp;&nbsp;__aeabi_fsub
<LI><a href="#[35]">&gt;&gt;</a>&nbsp;&nbsp;&nbsp;__aeabi_ui2f
</UL>
<BR>[Called By]<UL><LI><a href="#[1a8]">&gt;&gt;</a>&nbsp;&nbsp;&nbsp;trackless_ahrs_update
</UL>

<P><STRONG><a name="[88]"></a>FastSinCos</STRONG> (Thumb, 608 bytes, Stack size 200 bytes, wp_math.o(.text.FastSinCos))
<BR><BR>[Stack]<UL><LI>Max Depth = 236<LI>Call Chain = FastSinCos &rArr; __aeabi_fadd &rArr; _float_epilogue
</UL>
<BR>[Calls]<UL><LI><a href="#[84]">&gt;&gt;</a>&nbsp;&nbsp;&nbsp;__aeabi_fmul
<LI><a href="#[34]">&gt;&gt;</a>&nbsp;&nbsp;&nbsp;__aeabi_i2f
<LI><a href="#[86]">&gt;&gt;</a>&nbsp;&nbsp;&nbsp;__aeabi_fcmpge
<LI><a href="#[85]">&gt;&gt;</a>&nbsp;&nbsp;&nbsp;__aeabi_f2iz
<LI><a href="#[26]">&gt;&gt;</a>&nbsp;&nbsp;&nbsp;__aeabi_fadd
<LI><a href="#[29]">&gt;&gt;</a>&nbsp;&nbsp;&nbsp;__aeabi_fsub
<LI><a href="#[35]">&gt;&gt;</a>&nbsp;&nbsp;&nbsp;__aeabi_ui2f
</UL>
<BR>[Called By]<UL><LI><a href="#[170]">&gt;&gt;</a>&nbsp;&nbsp;&nbsp;euler_to_quaternion
</UL>

<P><STRONG><a name="[de]"></a>Float2Byte</STRONG> (Thumb, 132 bytes, Stack size 20 bytes, nclink.o(.text.Float2Byte))
<BR><BR>[Stack]<UL><LI>Max Depth = 20<LI>Call Chain = Float2Byte
</UL>
<BR>[Called By]<UL><LI><a href="#[168]">&gt;&gt;</a>&nbsp;&nbsp;&nbsp;bluetooth_app_send
<LI><a href="#[dd]">&gt;&gt;</a>&nbsp;&nbsp;&nbsp;NCLink_Send_Userdata
<LI><a href="#[dc]">&gt;&gt;</a>&nbsp;&nbsp;&nbsp;NCLink_Send_3D_Track
</UL>

<P><STRONG><a name="[89]"></a>FusionAhrsGetEarthAcceleration</STRONG> (Thumb, 432 bytes, Stack size 120 bytes, fusionahrs.o(.text.FusionAhrsGetEarthAcceleration))
<BR><BR>[Stack]<UL><LI>Max Depth = 156<LI>Call Chain = FusionAhrsGetEarthAcceleration &rArr; __aeabi_fadd &rArr; _float_epilogue
</UL>
<BR>[Calls]<UL><LI><a href="#[84]">&gt;&gt;</a>&nbsp;&nbsp;&nbsp;__aeabi_fmul
<LI><a href="#[26]">&gt;&gt;</a>&nbsp;&nbsp;&nbsp;__aeabi_fadd
<LI><a href="#[29]">&gt;&gt;</a>&nbsp;&nbsp;&nbsp;__aeabi_fsub
</UL>
<BR>[Called By]<UL><LI><a href="#[1a8]">&gt;&gt;</a>&nbsp;&nbsp;&nbsp;trackless_ahrs_update
</UL>

<P><STRONG><a name="[1ce]"></a>FusionAhrsGetQuaternion</STRONG> (Thumb, 32 bytes, Stack size 8 bytes, fusionahrs.o(.text.FusionAhrsGetQuaternion))
<BR><BR>[Stack]<UL><LI>Max Depth = 8<LI>Call Chain = FusionAhrsGetQuaternion
</UL>
<BR>[Called By]<UL><LI><a href="#[1a8]">&gt;&gt;</a>&nbsp;&nbsp;&nbsp;trackless_ahrs_update
</UL>

<P><STRONG><a name="[8a]"></a>FusionAhrsInitialise</STRONG> (Thumb, 40 bytes, Stack size 32 bytes, fusionahrs.o(.text.FusionAhrsInitialise))
<BR><BR>[Stack]<UL><LI>Max Depth = 172<LI>Call Chain = FusionAhrsInitialise &rArr; FusionAhrsSetSettings &rArr; sinf &rArr; __mathlib_rredf2 &rArr; __aeabi_fadd &rArr; _float_epilogue
</UL>
<BR>[Calls]<UL><LI><a href="#[8b]">&gt;&gt;</a>&nbsp;&nbsp;&nbsp;FusionAhrsSetSettings
<LI><a href="#[8c]">&gt;&gt;</a>&nbsp;&nbsp;&nbsp;FusionAhrsReset
</UL>
<BR>[Called By]<UL><LI><a href="#[1a8]">&gt;&gt;</a>&nbsp;&nbsp;&nbsp;trackless_ahrs_update
</UL>

<P><STRONG><a name="[8c]"></a>FusionAhrsReset</STRONG> (Thumb, 148 bytes, Stack size 56 bytes, fusionahrs.o(.text.FusionAhrsReset))
<BR><BR>[Stack]<UL><LI>Max Depth = 56<LI>Call Chain = FusionAhrsReset
</UL>
<BR>[Called By]<UL><LI><a href="#[8a]">&gt;&gt;</a>&nbsp;&nbsp;&nbsp;FusionAhrsInitialise
<LI><a href="#[95]">&gt;&gt;</a>&nbsp;&nbsp;&nbsp;FusionAhrsUpdate
</UL>

<P><STRONG><a name="[8d]"></a>FusionAhrsSetHeading</STRONG> (Thumb, 212 bytes, Stack size 128 bytes, fusionahrs.o(.text.FusionAhrsSetHeading))
<BR><BR>[Stack]<UL><LI>Max Depth = 308<LI>Call Chain = FusionAhrsSetHeading &rArr; FusionQuaternionMultiply &rArr; __aeabi_fadd &rArr; _float_epilogue
</UL>
<BR>[Calls]<UL><LI><a href="#[84]">&gt;&gt;</a>&nbsp;&nbsp;&nbsp;__aeabi_fmul
<LI><a href="#[26]">&gt;&gt;</a>&nbsp;&nbsp;&nbsp;__aeabi_fadd
<LI><a href="#[29]">&gt;&gt;</a>&nbsp;&nbsp;&nbsp;__aeabi_fsub
<LI><a href="#[91]">&gt;&gt;</a>&nbsp;&nbsp;&nbsp;sinf
<LI><a href="#[90]">&gt;&gt;</a>&nbsp;&nbsp;&nbsp;cosf
<LI><a href="#[8e]">&gt;&gt;</a>&nbsp;&nbsp;&nbsp;atan2f
<LI><a href="#[92]">&gt;&gt;</a>&nbsp;&nbsp;&nbsp;FusionQuaternionMultiply
<LI><a href="#[8f]">&gt;&gt;</a>&nbsp;&nbsp;&nbsp;FusionDegreesToRadians
</UL>
<BR>[Called By]<UL><LI><a href="#[a1]">&gt;&gt;</a>&nbsp;&nbsp;&nbsp;FusionAhrsUpdateNoMagnetometer
<LI><a href="#[95]">&gt;&gt;</a>&nbsp;&nbsp;&nbsp;FusionAhrsUpdate
</UL>

<P><STRONG><a name="[8b]"></a>FusionAhrsSetSettings</STRONG> (Thumb, 208 bytes, Stack size 24 bytes, fusionahrs.o(.text.FusionAhrsSetSettings))
<BR><BR>[Stack]<UL><LI>Max Depth = 140<LI>Call Chain = FusionAhrsSetSettings &rArr; sinf &rArr; __mathlib_rredf2 &rArr; __aeabi_fadd &rArr; _float_epilogue
</UL>
<BR>[Calls]<UL><LI><a href="#[84]">&gt;&gt;</a>&nbsp;&nbsp;&nbsp;__aeabi_fmul
<LI><a href="#[29]">&gt;&gt;</a>&nbsp;&nbsp;&nbsp;__aeabi_fsub
<LI><a href="#[2b]">&gt;&gt;</a>&nbsp;&nbsp;&nbsp;__aeabi_fdiv
<LI><a href="#[93]">&gt;&gt;</a>&nbsp;&nbsp;&nbsp;__aeabi_fcmpeq
<LI><a href="#[91]">&gt;&gt;</a>&nbsp;&nbsp;&nbsp;sinf
<LI><a href="#[94]">&gt;&gt;</a>&nbsp;&nbsp;&nbsp;powf
<LI><a href="#[8f]">&gt;&gt;</a>&nbsp;&nbsp;&nbsp;FusionDegreesToRadians
</UL>
<BR>[Called By]<UL><LI><a href="#[1a8]">&gt;&gt;</a>&nbsp;&nbsp;&nbsp;trackless_ahrs_update
<LI><a href="#[8a]">&gt;&gt;</a>&nbsp;&nbsp;&nbsp;FusionAhrsInitialise
</UL>

<P><STRONG><a name="[95]"></a>FusionAhrsUpdate</STRONG> (Thumb, 1162 bytes, Stack size 440 bytes, fusionahrs.o(.text.FusionAhrsUpdate))
<BR><BR>[Stack]<UL><LI>Max Depth = 748<LI>Call Chain = FusionAhrsUpdate &rArr; FusionAhrsSetHeading &rArr; FusionQuaternionMultiply &rArr; __aeabi_fadd &rArr; _float_epilogue
</UL>
<BR>[Calls]<UL><LI><a href="#[84]">&gt;&gt;</a>&nbsp;&nbsp;&nbsp;__aeabi_fmul
<LI><a href="#[86]">&gt;&gt;</a>&nbsp;&nbsp;&nbsp;__aeabi_fcmpge
<LI><a href="#[26]">&gt;&gt;</a>&nbsp;&nbsp;&nbsp;__aeabi_fadd
<LI><a href="#[29]">&gt;&gt;</a>&nbsp;&nbsp;&nbsp;__aeabi_fsub
<LI><a href="#[9a]">&gt;&gt;</a>&nbsp;&nbsp;&nbsp;__aeabi_fcmpgt
<LI><a href="#[8d]">&gt;&gt;</a>&nbsp;&nbsp;&nbsp;FusionAhrsSetHeading
<LI><a href="#[9b]">&gt;&gt;</a>&nbsp;&nbsp;&nbsp;FusionCompassCalculateHeading
<LI><a href="#[8c]">&gt;&gt;</a>&nbsp;&nbsp;&nbsp;FusionAhrsReset
<LI><a href="#[a0]">&gt;&gt;</a>&nbsp;&nbsp;&nbsp;FusionQuaternionNormalise
<LI><a href="#[9f]">&gt;&gt;</a>&nbsp;&nbsp;&nbsp;FusionQuaternionAdd
<LI><a href="#[9e]">&gt;&gt;</a>&nbsp;&nbsp;&nbsp;FusionQuaternionMultiplyVector
<LI><a href="#[9d]">&gt;&gt;</a>&nbsp;&nbsp;&nbsp;FusionVectorAdd
<LI><a href="#[9c]">&gt;&gt;</a>&nbsp;&nbsp;&nbsp;FusionVectorMultiplyScalar
<LI><a href="#[99]">&gt;&gt;</a>&nbsp;&nbsp;&nbsp;FusionVectorMagnitudeSquared
<LI><a href="#[98]">&gt;&gt;</a>&nbsp;&nbsp;&nbsp;FusionVectorCrossProduct
<LI><a href="#[97]">&gt;&gt;</a>&nbsp;&nbsp;&nbsp;FusionVectorNormalise
<LI><a href="#[96]">&gt;&gt;</a>&nbsp;&nbsp;&nbsp;FusionVectorIsZero
<LI><a href="#[8f]">&gt;&gt;</a>&nbsp;&nbsp;&nbsp;FusionDegreesToRadians
</UL>
<BR>[Called By]<UL><LI><a href="#[a1]">&gt;&gt;</a>&nbsp;&nbsp;&nbsp;FusionAhrsUpdateNoMagnetometer
</UL>

<P><STRONG><a name="[a1]"></a>FusionAhrsUpdateNoMagnetometer</STRONG> (Thumb, 138 bytes, Stack size 104 bytes, fusionahrs.o(.text.FusionAhrsUpdateNoMagnetometer))
<BR><BR>[Stack]<UL><LI>Max Depth = 852<LI>Call Chain = FusionAhrsUpdateNoMagnetometer &rArr; FusionAhrsUpdate &rArr; FusionAhrsSetHeading &rArr; FusionQuaternionMultiply &rArr; __aeabi_fadd &rArr; _float_epilogue
</UL>
<BR>[Calls]<UL><LI><a href="#[8d]">&gt;&gt;</a>&nbsp;&nbsp;&nbsp;FusionAhrsSetHeading
<LI><a href="#[95]">&gt;&gt;</a>&nbsp;&nbsp;&nbsp;FusionAhrsUpdate
</UL>
<BR>[Called By]<UL><LI><a href="#[1a8]">&gt;&gt;</a>&nbsp;&nbsp;&nbsp;trackless_ahrs_update
</UL>

<P><STRONG><a name="[9b]"></a>FusionCompassCalculateHeading</STRONG> (Thumb, 114 bytes, Stack size 104 bytes, fusioncompass.o(.text.FusionCompassCalculateHeading))
<BR><BR>[Stack]<UL><LI>Max Depth = 248<LI>Call Chain = FusionCompassCalculateHeading &rArr; FusionVectorNormalise &rArr; FusionVectorMagnitudeSquared &rArr; FusionVectorHadamardProduct &rArr; __aeabi_fmul
</UL>
<BR>[Calls]<UL><LI><a href="#[8e]">&gt;&gt;</a>&nbsp;&nbsp;&nbsp;atan2f
<LI><a href="#[a7]">&gt;&gt;</a>&nbsp;&nbsp;&nbsp;FusionRadiansToDegrees
<LI><a href="#[a6]">&gt;&gt;</a>&nbsp;&nbsp;&nbsp;FusionVectorNormalise
<LI><a href="#[a5]">&gt;&gt;</a>&nbsp;&nbsp;&nbsp;FusionVectorCrossProduct
</UL>
<BR>[Called By]<UL><LI><a href="#[95]">&gt;&gt;</a>&nbsp;&nbsp;&nbsp;FusionAhrsUpdate
</UL>

<P><STRONG><a name="[aa]"></a>FusionOffsetInitialise</STRONG> (Thumb, 76 bytes, Stack size 32 bytes, fusionoffset.o(.text.FusionOffsetInitialise))
<BR><BR>[Stack]<UL><LI>Max Depth = 52<LI>Call Chain = FusionOffsetInitialise &rArr; __aeabi_ui2f &rArr; _float_epilogue
</UL>
<BR>[Calls]<UL><LI><a href="#[84]">&gt;&gt;</a>&nbsp;&nbsp;&nbsp;__aeabi_fmul
<LI><a href="#[2b]">&gt;&gt;</a>&nbsp;&nbsp;&nbsp;__aeabi_fdiv
<LI><a href="#[35]">&gt;&gt;</a>&nbsp;&nbsp;&nbsp;__aeabi_ui2f
</UL>
<BR>[Called By]<UL><LI><a href="#[1a8]">&gt;&gt;</a>&nbsp;&nbsp;&nbsp;trackless_ahrs_update
</UL>

<P><STRONG><a name="[ab]"></a>FusionOffsetUpdate</STRONG> (Thumb, 272 bytes, Stack size 88 bytes, fusionoffset.o(.text.FusionOffsetUpdate))
<BR><BR>[Stack]<UL><LI>Max Depth = 172<LI>Call Chain = FusionOffsetUpdate &rArr; FusionVectorAdd &rArr; __aeabi_fadd &rArr; _float_epilogue
</UL>
<BR>[Calls]<UL><LI><a href="#[ad]">&gt;&gt;</a>&nbsp;&nbsp;&nbsp;__aeabi_f2d
<LI><a href="#[af]">&gt;&gt;</a>&nbsp;&nbsp;&nbsp;__aeabi_dcmple
<LI><a href="#[ae]">&gt;&gt;</a>&nbsp;&nbsp;&nbsp;__aeabi_dcmpgt
<LI><a href="#[b1]">&gt;&gt;</a>&nbsp;&nbsp;&nbsp;FusionVectorAdd
<LI><a href="#[b0]">&gt;&gt;</a>&nbsp;&nbsp;&nbsp;FusionVectorMultiplyScalar
<LI><a href="#[ac]">&gt;&gt;</a>&nbsp;&nbsp;&nbsp;FusionVectorSubtract
</UL>
<BR>[Called By]<UL><LI><a href="#[1a8]">&gt;&gt;</a>&nbsp;&nbsp;&nbsp;trackless_ahrs_update
</UL>

<P><STRONG><a name="[7]"></a>GROUP1_IRQHandler</STRONG> (Thumb, 84 bytes, Stack size 8 bytes, nppm.o(.text.GROUP1_IRQHandler))
<BR><BR>[Stack]<UL><LI>Max Depth = 20<LI>Call Chain = GROUP1_IRQHandler &rArr; QEI1_IRQHandler
</UL>
<BR>[Calls]<UL><LI><a href="#[bf]">&gt;&gt;</a>&nbsp;&nbsp;&nbsp;DL_Interrupt_clearGroup
<LI><a href="#[bd]">&gt;&gt;</a>&nbsp;&nbsp;&nbsp;DL_GPIO_clearInterruptStatus
<LI><a href="#[bb]">&gt;&gt;</a>&nbsp;&nbsp;&nbsp;DL_GPIO_getEnabledInterruptStatus
<LI><a href="#[ba]">&gt;&gt;</a>&nbsp;&nbsp;&nbsp;DL_Interrupt_getStatusGroup
<LI><a href="#[be]">&gt;&gt;</a>&nbsp;&nbsp;&nbsp;QEI1_IRQHandler
<LI><a href="#[bc]">&gt;&gt;</a>&nbsp;&nbsp;&nbsp;QEI0_IRQHandler
</UL>
<BR>[Address Reference Count : 1]<UL><LI> startup_mspm0g350x_uvision.o(RESET)
</UL>
<P><STRONG><a name="[2]"></a>HardFault_Handler</STRONG> (Thumb, 12 bytes, Stack size 0 bytes, system.o(.text.HardFault_Handler))
[...]
<BR><BR>[Stack]<UL><LI>Max Depth = 4<LI>Call Chain = __ARM_isnanf
</UL>
<BR>[Called By]<UL><LI><a href="#[19f]">&gt;&gt;</a>&nbsp;&nbsp;&nbsp;rangefinder_init
</UL>

<P><STRONG><a name="[165]"></a>DL_GPIO_clearPins</STRONG> (Thumb, 20 bytes, Stack size 8 bytes, rgb.o(.text.DL_GPIO_clearPins))
<BR><BR>[Stack]<UL><LI>Max Depth = 8<LI>Call Chain = DL_GPIO_clearPins
</UL>
<BR>[Called By]<UL><LI><a href="#[167]">&gt;&gt;</a>&nbsp;&nbsp;&nbsp;bling_working
<LI><a href="#[164]">&gt;&gt;</a>&nbsp;&nbsp;&nbsp;bling_process
</UL>

<P><STRONG><a name="[166]"></a>DL_GPIO_setPins</STRONG> (Thumb, 20 bytes, Stack size 8 bytes, rgb.o(.text.DL_GPIO_setPins))
<BR><BR>[Stack]<UL><LI>Max Depth = 8<LI>Call Chain = DL_GPIO_setPins
</UL>
<BR>[Called By]<UL><LI><a href="#[164]">&gt;&gt;</a>&nbsp;&nbsp;&nbsp;bling_process
</UL>

<P><STRONG><a name="[171]"></a>__ARM_isnanf</STRONG> (Thumb, 24 bytes, Stack size 4 bytes, wp_math.o(.text.__ARM_isnanf))
<BR><BR>[Stack]<UL><LI>Max Depth = 4<LI>Call Chain = __ARM_isnanf
</UL>
<BR>[Called By]<UL><LI><a href="#[d7]">&gt;&gt;</a>&nbsp;&nbsp;&nbsp;constrain_float
<LI><a href="#[18c]">&gt;&gt;</a>&nbsp;&nbsp;&nbsp;safe_sqrt
</UL>

<P><STRONG><a name="[172]"></a>__ARM_isnan</STRONG> (Thumb, 36 bytes, Stack size 16 bytes, wp_math.o(.text.__ARM_isnan))
<BR><BR>[Stack]<UL><LI>Max Depth = 16<LI>Call Chain = __ARM_isnan
</UL>
<BR>[Called By]<UL><LI><a href="#[d7]">&gt;&gt;</a>&nbsp;&nbsp;&nbsp;constrain_float
<LI><a href="#[18c]">&gt;&gt;</a>&nbsp;&nbsp;&nbsp;safe_sqrt
</UL>

<P><STRONG><a name="[d2]"></a>__ARM_isnanf</STRONG> (Thumb, 24 bytes, Stack size 4 bytes, filter.o(.text.__ARM_isnanf))
<BR><BR>[Stack]<UL><LI>Max Depth = 4<LI>Call Chain = __ARM_isnanf
</UL>
<BR>[Called By]<UL><LI><a href="#[d1]">&gt;&gt;</a>&nbsp;&nbsp;&nbsp;LPButterworth
</UL>

<P><STRONG><a name="[b2]"></a>FusionQuaternionToEuler</STRONG> (Thumb, 238 bytes, Stack size 88 bytes, sensor.o(.text.FusionQuaternionToEuler))
<BR><BR>[Stack]<UL><LI>Max Depth = 180<LI>Call Chain = FusionQuaternionToEuler &rArr; atan2f &rArr; __mathlib_flt_infnan2 &rArr; __aeabi_fadd &rArr; _float_epilogue
</UL>
<BR>[Calls]<UL><LI><a href="#[84]">&gt;&gt;</a>&nbsp;&nbsp;&nbsp;__aeabi_fmul
<LI><a href="#[26]">&gt;&gt;</a>&nbsp;&nbsp;&nbsp;__aeabi_fadd
<LI><a href="#[29]">&gt;&gt;</a>&nbsp;&nbsp;&nbsp;__aeabi_fsub
<LI><a href="#[a2]">&gt;&gt;</a>&nbsp;&nbsp;&nbsp;FusionAsin
<LI><a href="#[b3]">&gt;&gt;</a>&nbsp;&nbsp;&nbsp;FusionRadiansToDegrees
<LI><a href="#[8e]">&gt;&gt;</a>&nbsp;&nbsp;&nbsp;atan2f
</UL>
<BR>[Called By]<UL><LI><a href="#[1a8]">&gt;&gt;</a>&nbsp;&nbsp;&nbsp;trackless_ahrs_update
</UL>

<P><STRONG><a name="[b3]"></a>FusionRadiansToDegrees</STRONG> (Thumb, 20 bytes, Stack size 16 bytes, sensor.o(.text.FusionRadiansToDegrees))
<BR><BR>[Stack]<UL><LI>Max Depth = 32<LI>Call Chain = FusionRadiansToDegrees &rArr; __aeabi_fmul
</UL>
<BR>[Calls]<UL><LI><a href="#[84]">&gt;&gt;</a>&nbsp;&nbsp;&nbsp;__aeabi_fmul
</UL>
<BR>[Called By]<UL><LI><a href="#[b2]">&gt;&gt;</a>&nbsp;&nbsp;&nbsp;FusionQuaternionToEuler
</UL>

<P><STRONG><a name="[a2]"></a>FusionAsin</STRONG> (Thumb, 64 bytes, Stack size 16 bytes, sensor.o(.text.FusionAsin))
<BR><BR>[Stack]<UL><LI>Max Depth = 76<LI>Call Chain = FusionAsin &rArr; asinf &rArr; __aeabi_fadd &rArr; _float_epilogue
</UL>
<BR>[Calls]<UL><LI><a href="#[a3]">&gt;&gt;</a>&nbsp;&nbsp;&nbsp;__aeabi_fcmplt
<LI><a href="#[9a]">&gt;&gt;</a>&nbsp;&nbsp;&nbsp;__aeabi_fcmpgt
<LI><a href="#[a4]">&gt;&gt;</a>&nbsp;&nbsp;&nbsp;asinf
</UL>
<BR>[Called By]<UL><LI><a href="#[b2]">&gt;&gt;</a>&nbsp;&nbsp;&nbsp;FusionQuaternionToEuler
</UL>

<P><STRONG><a name="[1bd]"></a>DL_GPIO_clearPins</STRONG> (Thumb, 20 bytes, Stack size 8 bytes, sensor.o(.text.DL_GPIO_clearPins))
<BR><BR>[Stack]<UL><LI>Max Depth = 8<LI>Call Chain = DL_GPIO_clearPins
</UL>
<BR>[Called By]<UL><LI><a href="#[181]">&gt;&gt;</a>&nbsp;&nbsp;&nbsp;simulation_pwm_output
<LI><a href="#[19d]">&gt;&gt;</a>&nbsp;&nbsp;&nbsp;simulation_pwm_init
</UL>

<P><STRONG><a name="[1bb]"></a>DL_Timer_setLoadValue</STRONG> (Thumb, 20 bytes, Stack size 8 bytes, motor_control.o(.text.DL_Timer_setLoadValue))
<BR><BR>[Stack]<UL><LI>Max Depth = 8<LI>Call Chain = DL_Timer_setLoadValue
</UL>
<BR>[Called By]<UL><LI><a href="#[1bc]">&gt;&gt;</a>&nbsp;&nbsp;&nbsp;set_freq_Y
<LI><a href="#[1ba]">&gt;&gt;</a>&nbsp;&nbsp;&nbsp;set_freq_X
</UL>

<P><STRONG><a name="[1cf]"></a>__ARM_isnanf</STRONG> (Thumb, 24 bytes, Stack size 4 bytes, sdk.o(.text.__ARM_isnanf))
<BR><BR>[Stack]<UL><LI>Max Depth = 4<LI>Call Chain = __ARM_isnanf
</UL>
<BR>[Called By]<UL><LI><a href="#[19c]">&gt;&gt;</a>&nbsp;&nbsp;&nbsp;trackless_params_init
</UL>

<P><STRONG><a name="[1c9]"></a>DL_GPIO_clearPins</STRONG> (Thumb, 20 bytes, Stack size 8 bytes, sdk.o(.text.DL_GPIO_clearPins))
<BR><BR>[Stack]<UL><LI>Max Depth = 8<LI>Call Chain = DL_GPIO_clearPins
</UL>
<BR>[Called By]<UL><LI><a href="#[1a5]">&gt;&gt;</a>&nbsp;&nbsp;&nbsp;step_motor_ctrl_dianshe
</UL>

<P><STRONG><a name="[1ca]"></a>DL_GPIO_setPins</STRONG> (Thumb, 20 bytes, Stack size 8 bytes, sdk.o(.text.DL_GPIO_setPins))
<BR><BR>[Stack]<UL><LI>Max Depth = 8<LI>Call Chain = DL_GPIO_setPins
</UL>
<BR>[Called By]<UL><LI><a href="#[1a5]">&gt;&gt;</a>&nbsp;&nbsp;&nbsp;step_motor_ctrl_dianshe
</UL>

<P><STRONG><a name="[e0]"></a>NCLink_Send_Check</STRONG> (Thumb, 112 bytes, Stack size 24 bytes, nclink.o(.text.NCLink_Send_Check))
<BR><BR>[Stack]<UL><LI>Max Depth = 88<LI>Call Chain = NCLink_Send_Check &rArr; Serial_Data_Send &rArr; UART_SendBytes &rArr; DL_UART_transmitDataBlocking &rArr; DL_UART_transmitData
</UL>
<BR>[Calls]<UL><LI><a href="#[df]">&gt;&gt;</a>&nbsp;&nbsp;&nbsp;Serial_Data_Send
</UL>
<BR>[Called By]<UL><LI><a href="#[da]">&gt;&gt;</a>&nbsp;&nbsp;&nbsp;NCLink_Send_Check_Status_Parameter
</UL>

<P><STRONG><a name="[169]"></a>DL_DMA_setSrcAddr</STRONG> (Thumb, 36 bytes, Stack size 16 bytes, nclink.o(.text.DL_DMA_setSrcAddr))
<BR><BR>[Stack]<UL><LI>Max Depth = 16<LI>Call Chain = DL_DMA_setSrcAddr
</UL>
<BR>[Called By]<UL><LI><a href="#[168]">&gt;&gt;</a>&nbsp;&nbsp;&nbsp;bluetooth_app_send
</UL>

<P><STRONG><a name="[16a]"></a>DL_DMA_setDestAddr</STRONG> (Thumb, 36 bytes, Stack size 16 bytes, nclink.o(.text.DL_DMA_setDestAddr))
<BR><BR>[Stack]<UL><LI>Max Depth = 16<LI>Call Chain = DL_DMA_setDestAddr
</UL>
<BR>[Called By]<UL><LI><a href="#[168]">&gt;&gt;</a>&nbsp;&nbsp;&nbsp;bluetooth_app_send
</UL>

<P><STRONG><a name="[16b]"></a>DL_DMA_setTransferSize</STRONG> (Thumb, 44 bytes, Stack size 20 bytes, nclink.o(.text.DL_DMA_setTransferSize))
<BR><BR>[Stack]<UL><LI>Max Depth = 20<LI>Call Chain = DL_DMA_setTransferSize
</UL>
<BR>[Called By]<UL><LI><a href="#[168]">&gt;&gt;</a>&nbsp;&nbsp;&nbsp;bluetooth_app_send
</UL>

<P><STRONG><a name="[16c]"></a>DL_DMA_enableChannel</STRONG> (Thumb, 38 bytes, Stack size 12 bytes, nclink.o(.text.DL_DMA_enableChannel))
<BR><BR>[Stack]<UL><LI>Max Depth = 12<LI>Call Chain = DL_DMA_enableChannel
</UL>
<BR>[Called By]<UL><LI><a href="#[168]">&gt;&gt;</a>&nbsp;&nbsp;&nbsp;bluetooth_app_send
</UL>

<P><STRONG><a name="[8f]"></a>FusionDegreesToRadians</STRONG> (Thumb, 20 bytes, Stack size 16 bytes, fusionahrs.o(.text.FusionDegreesToRadians))
<BR><BR>[Stack]<UL><LI>Max Depth = 32<LI>Call Chain = FusionDegreesToRadians &rArr; __aeabi_fmul
</UL>
<BR>[Calls]<UL><LI><a href="#[84]">&gt;&gt;</a>&nbsp;&nbsp;&nbsp;__aeabi_fmul
</UL>
<BR>[Called By]<UL><LI><a href="#[8b]">&gt;&gt;</a>&nbsp;&nbsp;&nbsp;FusionAhrsSetSettings
<LI><a href="#[8d]">&gt;&gt;</a>&nbsp;&nbsp;&nbsp;FusionAhrsSetHeading
<LI><a href="#[95]">&gt;&gt;</a>&nbsp;&nbsp;&nbsp;FusionAhrsUpdate
</UL>

<P><STRONG><a name="[96]"></a>FusionVectorIsZero</STRONG> (Thumb, 80 bytes, Stack size 32 bytes, fusionahrs.o(.text.FusionVectorIsZero))
<BR><BR>[Stack]<UL><LI>Max Depth = 32<LI>Call Chain = FusionVectorIsZero
</UL>
<BR>[Calls]<UL><LI><a href="#[93]">&gt;&gt;</a>&nbsp;&nbsp;&nbsp;__aeabi_fcmpeq
</UL>
<BR>[Called By]<UL><LI><a href="#[95]">&gt;&gt;</a>&nbsp;&nbsp;&nbsp;FusionAhrsUpdate
</UL>

<P><STRONG><a name="[97]"></a>FusionVectorNormalise</STRONG> (Thumb, 50 bytes, Stack size 32 bytes, fusionahrs.o(.text.FusionVectorNormalise))
<BR><BR>[Stack]<UL><LI>Max Depth = 144<LI>Call Chain = FusionVectorNormalise &rArr; FusionVectorMagnitudeSquared &rArr; FusionVectorHadamardProduct &rArr; __aeabi_fmul
</UL>
<BR>[Calls]<UL><LI><a href="#[a8]">&gt;&gt;</a>&nbsp;&nbsp;&nbsp;FusionFastInverseSqrt
<LI><a href="#[9c]">&gt;&gt;</a>&nbsp;&nbsp;&nbsp;FusionVectorMultiplyScalar
<LI><a href="#[99]">&gt;&gt;</a>&nbsp;&nbsp;&nbsp;FusionVectorMagnitudeSquared
</UL>
<BR>[Called By]<UL><LI><a href="#[95]">&gt;&gt;</a>&nbsp;&nbsp;&nbsp;FusionAhrsUpdate
</UL>

<P><STRONG><a name="[98]"></a>FusionVectorCrossProduct</STRONG> (Thumb, 148 bytes, Stack size 80 bytes, fusionahrs.o(.text.FusionVectorCrossProduct))
<BR><BR>[Stack]<UL><LI>Max Depth = 116<LI>Call Chain = FusionVectorCrossProduct &rArr; __aeabi_fsub &rArr; __aeabi_fadd &rArr; _float_epilogue
</UL>
<BR>[Calls]<UL><LI><a href="#[84]">&gt;&gt;</a>&nbsp;&nbsp;&nbsp;__aeabi_fmul
<LI><a href="#[29]">&gt;&gt;</a>&nbsp;&nbsp;&nbsp;__aeabi_fsub
</UL>
<BR>[Called By]<UL><LI><a href="#[95]">&gt;&gt;</a>&nbsp;&nbsp;&nbsp;FusionAhrsUpdate
</UL>

<P><STRONG><a name="[99]"></a>FusionVectorMagnitudeSquared</STRONG> (Thumb, 42 bytes, Stack size 48 bytes, fusionahrs.o(.text.FusionVectorMagnitudeSquared))
<BR><BR>[Stack]<UL><LI>Max Depth = 112<LI>Call Chain = FusionVectorMagnitudeSquared &rArr; FusionVectorHadamardProduct &rArr; __aeabi_fmul
</UL>
<BR>[Calls]<UL><LI><a href="#[b6]">&gt;&gt;</a>&nbsp;&nbsp;&nbsp;FusionVectorSum
<LI><a href="#[b4]">&gt;&gt;</a>&nbsp;&nbsp;&nbsp;FusionVectorHadamardProduct
</UL>
<BR>[Called By]<UL><LI><a href="#[95]">&gt;&gt;</a>&nbsp;&nbsp;&nbsp;FusionAhrsUpdate
<LI><a href="#[97]">&gt;&gt;</a>&nbsp;&nbsp;&nbsp;FusionVectorNormalise
</UL>

<P><STRONG><a name="[9c]"></a>FusionVectorMultiplyScalar</STRONG> (Thumb, 54 bytes, Stack size 24 bytes, fusionahrs.o(.text.FusionVectorMultiplyScalar))
<BR><BR>[Stack]<UL><LI>Max Depth = 40<LI>Call Chain = FusionVectorMultiplyScalar &rArr; __aeabi_fmul
</UL>
<BR>[Calls]<UL><LI><a href="#[84]">&gt;&gt;</a>&nbsp;&nbsp;&nbsp;__aeabi_fmul
</UL>
<BR>[Called By]<UL><LI><a href="#[95]">&gt;&gt;</a>&nbsp;&nbsp;&nbsp;FusionAhrsUpdate
<LI><a href="#[97]">&gt;&gt;</a>&nbsp;&nbsp;&nbsp;FusionVectorNormalise
</UL>

<P><STRONG><a name="[9d]"></a>FusionVectorAdd</STRONG> (Thumb, 70 bytes, Stack size 48 bytes, fusionahrs.o(.text.FusionVectorAdd))
<BR><BR>[Stack]<UL><LI>Max Depth = 84<LI>Call Chain = FusionVectorAdd &rArr; __aeabi_fadd &rArr; _float_epilogue
</UL>
<BR>[Calls]<UL><LI><a href="#[26]">&gt;&gt;</a>&nbsp;&nbsp;&nbsp;__aeabi_fadd
</UL>
<BR>[Called By]<UL><LI><a href="#[95]">&gt;&gt;</a>&nbsp;&nbsp;&nbsp;FusionAhrsUpdate
</UL>

<P><STRONG><a name="[9e]"></a>FusionQuaternionMultiplyVector</STRONG> (Thumb, 268 bytes, Stack size 120 bytes, fusionahrs.o(.text.FusionQuaternionMultiplyVector))
<BR><BR>[Stack]<UL><LI>Max Depth = 156<LI>Call Chain = FusionQuaternionMultiplyVector &rArr; __aeabi_fadd &rArr; _float_epilogue
</UL>
<BR>[Calls]<UL><LI><a href="#[84]">&gt;&gt;</a>&nbsp;&nbsp;&nbsp;__aeabi_fmul
<LI><a href="#[26]">&gt;&gt;</a>&nbsp;&nbsp;&nbsp;__aeabi_fadd
<LI><a href="#[29]">&gt;&gt;</a>&nbsp;&nbsp;&nbsp;__aeabi_fsub
</UL>
<BR>[Called By]<UL><LI><a href="#[95]">&gt;&gt;</a>&nbsp;&nbsp;&nbsp;FusionAhrsUpdate
</UL>

<P><STRONG><a name="[9f]"></a>FusionQuaternionAdd</STRONG> (Thumb, 94 bytes, Stack size 64 bytes, fusionahrs.o(.text.FusionQuaternionAdd))
<BR><BR>[Stack]<UL><LI>Max Depth = 100<LI>Call Chain = FusionQuaternionAdd &rArr; __aeabi_fadd &rArr; _float_epilogue
</UL>
<BR>[Calls]<UL><LI><a href="#[26]">&gt;&gt;</a>&nbsp;&nbsp;&nbsp;__aeabi_fadd
</UL>
<BR>[Called By]<UL><LI><a href="#[95]">&gt;&gt;</a>&nbsp;&nbsp;&nbsp;FusionAhrsUpdate
</UL>

<P><STRONG><a name="[a0]"></a>FusionQuaternionNormalise</STRONG> (Thumb, 134 bytes, Stack size 48 bytes, fusionahrs.o(.text.FusionQuaternionNormalise))
<BR><BR>[Stack]<UL><LI>Max Depth = 108<LI>Call Chain = FusionQuaternionNormalise &rArr; FusionFastInverseSqrt &rArr; __aeabi_fadd &rArr; _float_epilogue
</UL>
<BR>[Calls]<UL><LI><a href="#[84]">&gt;&gt;</a>&nbsp;&nbsp;&nbsp;__aeabi_fmul
<LI><a href="#[26]">&gt;&gt;</a>&nbsp;&nbsp;&nbsp;__aeabi_fadd
<LI><a href="#[a8]">&gt;&gt;</a>&nbsp;&nbsp;&nbsp;FusionFastInverseSqrt
</UL>
<BR>[Called By]<UL><LI><a href="#[95]">&gt;&gt;</a>&nbsp;&nbsp;&nbsp;FusionAhrsUpdate
</UL>

<P><STRONG><a name="[a8]"></a>FusionFastInverseSqrt</STRONG> (Thumb, 64 bytes, Stack size 24 bytes, fusionahrs.o(.text.FusionFastInverseSqrt))
<BR><BR>[Stack]<UL><LI>Max Depth = 60<LI>Call Chain = FusionFastInverseSqrt &rArr; __aeabi_fadd &rArr; _float_epilogue
</UL>
<BR>[Calls]<UL><LI><a href="#[84]">&gt;&gt;</a>&nbsp;&nbsp;&nbsp;__aeabi_fmul
<LI><a href="#[26]">&gt;&gt;</a>&nbsp;&nbsp;&nbsp;__aeabi_fadd
</UL>
<BR>[Called By]<UL><LI><a href="#[a0]">&gt;&gt;</a>&nbsp;&nbsp;&nbsp;FusionQuaternionNormalise
<LI><a href="#[97]">&gt;&gt;</a>&nbsp;&nbsp;&nbsp;FusionVectorNormalise
</UL>

<P><STRONG><a name="[b4]"></a>FusionVectorHadamardProduct</STRONG> (Thumb, 70 bytes, Stack size 48 bytes, fusionahrs.o(.text.FusionVectorHadamardProduct))
<BR><BR>[Stack]<UL><LI>Max Depth = 64<LI>Call Chain = FusionVectorHadamardProduct &rArr; __aeabi_fmul
</UL>
<BR>[Calls]<UL><LI><a href="#[84]">&gt;&gt;</a>&nbsp;&nbsp;&nbsp;__aeabi_fmul
</UL>
<BR>[Called By]<UL><LI><a href="#[99]">&gt;&gt;</a>&nbsp;&nbsp;&nbsp;FusionVectorMagnitudeSquared
</UL>

<P><STRONG><a name="[b6]"></a>FusionVectorSum</STRONG> (Thumb, 28 bytes, Stack size 24 bytes, fusionahrs.o(.text.FusionVectorSum))
<BR><BR>[Stack]<UL><LI>Max Depth = 60<LI>Call Chain = FusionVectorSum &rArr; __aeabi_fadd &rArr; _float_epilogue
</UL>
<BR>[Calls]<UL><LI><a href="#[26]">&gt;&gt;</a>&nbsp;&nbsp;&nbsp;__aeabi_fadd
</UL>
<BR>[Called By]<UL><LI><a href="#[99]">&gt;&gt;</a>&nbsp;&nbsp;&nbsp;FusionVectorMagnitudeSquared
</UL>

<P><STRONG><a name="[92]"></a>FusionQuaternionMultiply</STRONG> (Thumb, 334 bytes, Stack size 144 bytes, fusionahrs.o(.text.FusionQuaternionMultiply))
<BR><BR>[Stack]<UL><LI>Max Depth = 180<LI>Call Chain = FusionQuaternionMultiply &rArr; __aeabi_fadd &rArr; _float_epilogue
</UL>
<BR>[Calls]<UL><LI><a href="#[84]">&gt;&gt;</a>&nbsp;&nbsp;&nbsp;__aeabi_fmul
<LI><a href="#[26]">&gt;&gt;</a>&nbsp;&nbsp;&nbsp;__aeabi_fadd
<LI><a href="#[29]">&gt;&gt;</a>&nbsp;&nbsp;&nbsp;__aeabi_fsub
</UL>
<BR>[Called By]<UL><LI><a href="#[8d]">&gt;&gt;</a>&nbsp;&nbsp;&nbsp;FusionAhrsSetHeading
</UL>

<P><STRONG><a name="[a5]"></a>FusionVectorCrossProduct</STRONG> (Thumb, 148 bytes, Stack size 80 bytes, fusioncompass.o(.text.FusionVectorCrossProduct))
<BR><BR>[Stack]<UL><LI>Max Depth = 116<LI>Call Chain = FusionVectorCrossProduct &rArr; __aeabi_fsub &rArr; __aeabi_fadd &rArr; _float_epilogue
</UL>
<BR>[Calls]<UL><LI><a href="#[84]">&gt;&gt;</a>&nbsp;&nbsp;&nbsp;__aeabi_fmul
<LI><a href="#[29]">&gt;&gt;</a>&nbsp;&nbsp;&nbsp;__aeabi_fsub
</UL>
<BR>[Called By]<UL><LI><a href="#[9b]">&gt;&gt;</a>&nbsp;&nbsp;&nbsp;FusionCompassCalculateHeading
</UL>

<P><STRONG><a name="[a6]"></a>FusionVectorNormalise</STRONG> (Thumb, 50 bytes, Stack size 32 bytes, fusioncompass.o(.text.FusionVectorNormalise))
<BR><BR>[Stack]<UL><LI>Max Depth = 144<LI>Call Chain = FusionVectorNormalise &rArr; FusionVectorMagnitudeSquared &rArr; FusionVectorHadamardProduct &rArr; __aeabi_fmul
</UL>
<BR>[Calls]<UL><LI><a href="#[b9]">&gt;&gt;</a>&nbsp;&nbsp;&nbsp;FusionVectorMultiplyScalar
<LI><a href="#[a9]">&gt;&gt;</a>&nbsp;&nbsp;&nbsp;FusionFastInverseSqrt
<LI><a href="#[b7]">&gt;&gt;</a>&nbsp;&nbsp;&nbsp;FusionVectorMagnitudeSquared
</UL>
<BR>[Called By]<UL><LI><a href="#[9b]">&gt;&gt;</a>&nbsp;&nbsp;&nbsp;FusionCompassCalculateHeading
</UL>

<P><STRONG><a name="[a7]"></a>FusionRadiansToDegrees</STRONG> (Thumb, 20 bytes, Stack size 16 bytes, fusioncompass.o(.text.FusionRadiansToDegrees))
<BR><BR>[Stack]<UL><LI>Max Depth = 32<LI>Call Chain = FusionRadiansToDegrees &rArr; __aeabi_fmul
</UL>
<BR>[Calls]<UL><LI><a href="#[84]">&gt;&gt;</a>&nbsp;&nbsp;&nbsp;__aeabi_fmul
</UL>
<BR>[Called By]<UL><LI><a href="#[9b]">&gt;&gt;</a>&nbsp;&nbsp;&nbsp;FusionCompassCalculateHeading
</UL>

<P><STRONG><a name="[b7]"></a>FusionVectorMagnitudeSquared</STRONG> (Thumb, 42 bytes, Stack size 48 bytes, fusioncompass.o(.text.FusionVectorMagnitudeSquared))
<BR><BR>[Stack]<UL><LI>Max Depth = 112<LI>Call Chain = FusionVectorMagnitudeSquared &rArr; FusionVectorHadamardProduct &rArr; __aeabi_fmul
</UL>
<BR>[Calls]<UL><LI><a href="#[b8]">&gt;&gt;</a>&nbsp;&nbsp;&nbsp;FusionVectorSum
<LI><a href="#[b5]">&gt;&gt;</a>&nbsp;&nbsp;&nbsp;FusionVectorHadamardProduct
</UL>
<BR>[Called By]<UL><LI><a href="#[a6]">&gt;&gt;</a>&nbsp;&nbsp;&nbsp;FusionVectorNormalise
</UL>

<P><STRONG><a name="[a9]"></a>FusionFastInverseSqrt</STRONG> (Thumb, 64 bytes, Stack size 24 bytes, fusioncompass.o(.text.FusionFastInverseSqrt))
<BR><BR>[Stack]<UL><LI>Max Depth = 60<LI>Call Chain = FusionFastInverseSqrt &rArr; __aeabi_fadd &rArr; _float_epilogue
</UL>
<BR>[Calls]<UL><LI><a href="#[84]">&gt;&gt;</a>&nbsp;&nbsp;&nbsp;__aeabi_fmul
<LI><a href="#[26]">&gt;&gt;</a>&nbsp;&nbsp;&nbsp;__aeabi_fadd
</UL>
<BR>[Called By]<UL><LI><a href="#[a6]">&gt;&gt;</a>&nbsp;&nbsp;&nbsp;FusionVectorNormalise
</UL>

<P><STRONG><a name="[b9]"></a>FusionVectorMultiplyScalar</STRONG> (Thumb, 54 bytes, Stack size 24 bytes, fusioncompass.o(.text.FusionVectorMultiplyScalar))
<BR><BR>[Stack]<UL><LI>Max Depth = 40<LI>Call Chain = FusionVectorMultiplyScalar &rArr; __aeabi_fmul
</UL>
<BR>[Calls]<UL><LI><a href="#[84]">&gt;&gt;</a>&nbsp;&nbsp;&nbsp;__aeabi_fmul
</UL>
<BR>[Called By]<UL><LI><a href="#[a6]">&gt;&gt;</a>&nbsp;&nbsp;&nbsp;FusionVectorNormalise
</UL>

<P><STRONG><a name="[b5]"></a>FusionVectorHadamardProduct</STRONG> (Thumb, 70 bytes, Stack size 48 bytes, fusioncompass.o(.text.FusionVectorHadamardProduct))
<BR><BR>[Stack]<UL><LI>Max Depth = 64<LI>Call Chain = FusionVectorHadamardProduct &rArr; __aeabi_fmul
</UL>
<BR>[Calls]<UL><LI><a href="#[84]">&gt;&gt;</a>&nbsp;&nbsp;&nbsp;__aeabi_fmul
</UL>
<BR>[Called By]<UL><LI><a href="#[b7]">&gt;&gt;</a>&nbsp;&nbsp;&nbsp;FusionVectorMagnitudeSquared
</UL>

<P><STRONG><a name="[b8]"></a>FusionVectorSum</STRONG> (Thumb, 28 bytes, Stack size 24 bytes, fusioncompass.o(.text.FusionVectorSum))
<BR><BR>[Stack]<UL><LI>Max Depth = 60<LI>Call Chain = FusionVectorSum &rArr; __aeabi_fadd &rArr; _float_epilogue
</UL>
<BR>[Calls]<UL><LI><a href="#[26]">&gt;&gt;</a>&nbsp;&nbsp;&nbsp;__aeabi_fadd
</UL>
<BR>[Called By]<UL><LI><a href="#[b7]">&gt;&gt;</a>&nbsp;&nbsp;&nbsp;FusionVectorMagnitudeSquared
</UL>

<P><STRONG><a name="[ac]"></a>FusionVectorSubtract</STRONG> (Thumb, 70 bytes, Stack size 48 bytes, fusionoffset.o(.text.FusionVectorSubtract))
<BR><BR>[Stack]<UL><LI>Max Depth = 84<LI>Call Chain = FusionVectorSubtract &rArr; __aeabi_fsub &rArr; __aeabi_fadd &rArr; _float_epilogue
</UL>
<BR>[Calls]<UL><LI><a href="#[29]">&gt;&gt;</a>&nbsp;&nbsp;&nbsp;__aeabi_fsub
</UL>
<BR>[Called By]<UL><LI><a href="#[ab]">&gt;&gt;</a>&nbsp;&nbsp;&nbsp;FusionOffsetUpdate
</UL>

<P><STRONG><a name="[b0]"></a>FusionVectorMultiplyScalar</STRONG> (Thumb, 54 bytes, Stack size 24 bytes, fusionoffset.o(.text.FusionVectorMultiplyScalar))
<BR><BR>[Stack]<UL><LI>Max Depth = 40<LI>Call Chain = FusionVectorMultiplyScalar &rArr; __aeabi_fmul
</UL>
<BR>[Calls]<UL><LI><a href="#[84]">&gt;&gt;</a>&nbsp;&nbsp;&nbsp;__aeabi_fmul
</UL>
<BR>[Called By]<UL><LI><a href="#[ab]">&gt;&gt;</a>&nbsp;&nbsp;&nbsp;FusionOffsetUpdate
</UL>

<P><STRONG><a name="[b1]"></a>FusionVectorAdd</STRONG> (Thumb, 70 bytes, Stack size 48 bytes, fusionoffset.o(.text.FusionVectorAdd))
<BR><BR>[Stack]<UL><LI>Max Depth = 84<LI>Call Chain = FusionVectorAdd &rArr; __aeabi_fadd &rArr; _float_epilogue
</UL>
<BR>[Calls]<UL><LI><a href="#[26]">&gt;&gt;</a>&nbsp;&nbsp;&nbsp;__aeabi_fadd
</UL>
<BR>[Called By]<UL><LI><a href="#[ab]">&gt;&gt;</a>&nbsp;&nbsp;&nbsp;FusionOffsetUpdate
</UL>
<P>
<H3>
Undefined Global Symbols
</H3><HR></body></html>
