Component: Arm Compiler for Embedded 6.22 Tool: armlink [5ee90200]

==============================================================================

Section Cross References

    dl_adc12.o(.text.DL_ADC12_setClockConfig) refers to dl_adc12.o(.text.DL_Common_updateReg) for DL_Common_updateReg
    dl_adc12.o(.ARM.exidx.text.DL_ADC12_setClockConfig) refers to dl_adc12.o(.text.DL_ADC12_setClockConfig) for [Anonymous Symbol]
    dl_adc12.o(.ARM.exidx.text.DL_Common_updateReg) refers to dl_adc12.o(.text.DL_Common_updateReg) for [Anonymous Symbol]
    dl_adc12.o(.ARM.exidx.text.DL_ADC12_getClockConfig) refers to dl_adc12.o(.text.DL_ADC12_getClockConfig) for [Anonymous Symbol]
    dl_aes.o(.text.DL_AES_setKey) refers to dl_aes.o(.text.DL_AES_checkAlignmentAndReturnPointer) for DL_AES_checkAlignmentAndReturnPointer
    dl_aes.o(.text.DL_AES_setKey) refers to dl_aes.o(.text.DL_AES_setKeyAligned) for DL_AES_setKeyAligned
    dl_aes.o(.ARM.exidx.text.DL_AES_setKey) refers to dl_aes.o(.text.DL_AES_setKey) for [Anonymous Symbol]
    dl_aes.o(.ARM.exidx.text.DL_AES_checkAlignmentAndReturnPointer) refers to dl_aes.o(.text.DL_AES_checkAlignmentAndReturnPointer) for [Anonymous Symbol]
    dl_aes.o(.text.DL_AES_setKeyAligned) refers to dl_aes.o(.text.DL_AES_loadDataWord) for DL_AES_loadDataWord
    dl_aes.o(.ARM.exidx.text.DL_AES_setKeyAligned) refers to dl_aes.o(.text.DL_AES_setKeyAligned) for [Anonymous Symbol]
    dl_aes.o(.ARM.exidx.text.DL_AES_loadDataWord) refers to dl_aes.o(.text.DL_AES_loadDataWord) for [Anonymous Symbol]
    dl_aes.o(.text.DL_AES_loadDataIn) refers to dl_aes.o(.text.DL_AES_checkAlignmentAndReturnPointer) for DL_AES_checkAlignmentAndReturnPointer
    dl_aes.o(.text.DL_AES_loadDataIn) refers to dl_aes.o(.text.DL_AES_loadDataInAligned) for DL_AES_loadDataInAligned
    dl_aes.o(.ARM.exidx.text.DL_AES_loadDataIn) refers to dl_aes.o(.text.DL_AES_loadDataIn) for [Anonymous Symbol]
    dl_aes.o(.text.DL_AES_loadDataInAligned) refers to dl_aes.o(.text.DL_AES_loadDataWord) for DL_AES_loadDataWord
    dl_aes.o(.ARM.exidx.text.DL_AES_loadDataInAligned) refers to dl_aes.o(.text.DL_AES_loadDataInAligned) for [Anonymous Symbol]
    dl_aes.o(.text.DL_AES_getDataOut) refers to dl_aes.o(.text.DL_AES_getDataOutAligned) for DL_AES_getDataOutAligned
    dl_aes.o(.ARM.exidx.text.DL_AES_getDataOut) refers to dl_aes.o(.text.DL_AES_getDataOut) for [Anonymous Symbol]
    dl_aes.o(.ARM.exidx.text.DL_AES_getDataOutAligned) refers to dl_aes.o(.text.DL_AES_getDataOutAligned) for [Anonymous Symbol]
    dl_aes.o(.text.DL_AES_loadXORDataIn) refers to dl_aes.o(.text.DL_AES_checkAlignmentAndReturnPointer) for DL_AES_checkAlignmentAndReturnPointer
    dl_aes.o(.text.DL_AES_loadXORDataIn) refers to dl_aes.o(.text.DL_AES_loadXORDataInAligned) for DL_AES_loadXORDataInAligned
    dl_aes.o(.ARM.exidx.text.DL_AES_loadXORDataIn) refers to dl_aes.o(.text.DL_AES_loadXORDataIn) for [Anonymous Symbol]
    dl_aes.o(.text.DL_AES_loadXORDataInAligned) refers to dl_aes.o(.text.DL_AES_loadDataWord) for DL_AES_loadDataWord
    dl_aes.o(.ARM.exidx.text.DL_AES_loadXORDataInAligned) refers to dl_aes.o(.text.DL_AES_loadXORDataInAligned) for [Anonymous Symbol]
    dl_aes.o(.text.DL_AES_loadXORDataInWithoutTrigger) refers to dl_aes.o(.text.DL_AES_checkAlignmentAndReturnPointer) for DL_AES_checkAlignmentAndReturnPointer
    dl_aes.o(.text.DL_AES_loadXORDataInWithoutTrigger) refers to dl_aes.o(.text.DL_AES_loadXORDataInWithoutTriggerAligned) for DL_AES_loadXORDataInWithoutTriggerAligned
    dl_aes.o(.ARM.exidx.text.DL_AES_loadXORDataInWithoutTrigger) refers to dl_aes.o(.text.DL_AES_loadXORDataInWithoutTrigger) for [Anonymous Symbol]
    dl_aes.o(.text.DL_AES_loadXORDataInWithoutTriggerAligned) refers to dl_aes.o(.text.DL_AES_loadDataWord) for DL_AES_loadDataWord
    dl_aes.o(.ARM.exidx.text.DL_AES_loadXORDataInWithoutTriggerAligned) refers to dl_aes.o(.text.DL_AES_loadXORDataInWithoutTriggerAligned) for [Anonymous Symbol]
    dl_aes.o(.text.DL_AES_xorData) refers to dl_aes.o(.text.DL_AES_xorDataAligned) for DL_AES_xorDataAligned
    dl_aes.o(.ARM.exidx.text.DL_AES_xorData) refers to dl_aes.o(.text.DL_AES_xorData) for [Anonymous Symbol]
    dl_aes.o(.ARM.exidx.text.DL_AES_xorDataAligned) refers to dl_aes.o(.text.DL_AES_xorDataAligned) for [Anonymous Symbol]
    dl_aes.o(.ARM.exidx.text.DL_AES_saveConfiguration) refers to dl_aes.o(.text.DL_AES_saveConfiguration) for [Anonymous Symbol]
    dl_aes.o(.ARM.exidx.text.DL_AES_restoreConfiguration) refers to dl_aes.o(.text.DL_AES_restoreConfiguration) for [Anonymous Symbol]
    dl_common.o(.ARM.exidx.text.DL_Common_delayCycles) refers to dl_common.o(.text.DL_Common_delayCycles) for [Anonymous Symbol]
    dl_crc.o(.text.DL_CRC_calculateBlock32) refers to dl_crc.o(.text.DL_CRC_setSeed32) for DL_CRC_setSeed32
    dl_crc.o(.text.DL_CRC_calculateBlock32) refers to dl_crc.o(.text.DL_CRC_feedData32) for DL_CRC_feedData32
[...]
    temp_error                               0x20203344   Data           4  sensor.o(.bss.temp_error)
    temp_feedback                            0x20203348   Data           4  sensor.o(.bss.temp_feedback)
    temp_integral                            0x2020334c   Data           4  sensor.o(.bss.temp_integral)
    temp_last_error                          0x20203350   Data           4  sensor.o(.bss.temp_last_error)
    temp_output                              0x20203354   Data           4  sensor.o(.bss.temp_output)
    track_switch_flag                        0x20203361   Data           1  gray_detection.o(.bss.track_switch_flag)
    trackless_output                         0x20203364   Data          64  sdk.o(.bss.trackless_output)
    turn_ctrl_pwm                            0x202033a4   Data           4  motor_control.o(.bss.turn_ctrl_pwm)
    turn_output                              0x202033a8   Data           4  gray_detection.o(.bss.turn_output)
    turn_output_last                         0x202033ac   Data           4  gray_detection.o(.bss.turn_output_last)
    uart2_dma_t                              0x202033b0   Data          16  nuart.o(.bss.uart2_dma_t)
    values                                   0x202033c8   Data           8  vision.o(.bss.values)
    w25qxx_id                                0x202033d2   Data           2  w25qxx.o(.bss.w25qxx_id)
    wrap                                     0x202033d4   Data           1  ssd1306.o(.bss.wrap)
    __initial_sp                             0x202053d8   Data           0  startup_mspm0g350x_uvision.o(STACK)



==============================================================================

Memory Map of the image

  Image Entry point : 0x000000c1

  Load Region LR_IROM1 (Base: 0x00000000, Size: 0x00017f00, Max: 0x00020000, ABSOLUTE, COMPRESSED[0x00017ae0])

    Execution Region ER_IROM1 (Exec base: 0x00000000, Load base: 0x00000000, Size: 0x00017880, Max: 0x00020000, ABSOLUTE)

    Exec Addr    Load Addr    Size         Type   Attr      Idx    E Section Name        Object

    0x00000000   0x00000000   0x000000c0   Data   RO         1184    RESET               startup_mspm0g350x_uvision.o
    0x000000c0   0x000000c0   0x00000000   Code   RO         2787  * .ARM.Collect$$$$00000000  mc_p.l(entry.o)
    0x000000c0   0x000000c0   0x00000004   Code   RO         2882    .ARM.Collect$$$$00000001  mc_p.l(entry2.o)
    0x000000c4   0x000000c4   0x00000004   Code   RO         2885    .ARM.Collect$$$$00000004  mc_p.l(entry5.o)
    0x000000c8   0x000000c8   0x00000000   Code   RO         2887    .ARM.Collect$$$$00000008  mc_p.l(entry7b.o)
    0x000000c8   0x000000c8   0x00000000   Code   RO         2889    .ARM.Collect$$$$0000000A  mc_p.l(entry8b.o)
    0x000000c8   0x000000c8   0x00000008   Code   RO         2890    .ARM.Collect$$$$0000000B  mc_p.l(entry9a.o)
    0x000000d0   0x000000d0   0x00000000   Code   RO         2892    .ARM.Collect$$$$0000000D  mc_p.l(entry10a.o)
    0x000000d0   0x000000d0   0x00000000   Code   RO         2894    .ARM.Collect$$$$0000000F  mc_p.l(entry11a.o)
    0x000000d0   0x000000d0   0x00000004   Code   RO         2883    .ARM.Collect$$$$00002712  mc_p.l(entry2.o)
    0x000000d4   0x000000d4   0x00000014   Code   RO         1185    .text               startup_mspm0g350x_uvision.o
    0x000000e8   0x000000e8   0x00000024   Code   RO         2797    .text               mc_p.l(memcpya.o)
    0x0000010c   0x0000010c   0x00000024   Code   RO         2799    .text               mc_p.l(memseta.o)
    0x00000130   0x00000130   0x000000b2   Code   RO         2805    .text               mf_p.l(fadd.o)
    0x000001e2   0x000001e2   0x0000007a   Code   RO         2807    .text               mf_p.l(fmul.o)
    0x0000025c   0x0000025c   0x0000007c   Code   RO         2809    .text               mf_p.l(fdiv.o)
    0x000002d8   0x000002d8   0x00000164   Code   RO         2811    .text               mf_p.l(dadd.o)
    0x0000043c   0x0000043c   0x000000d0   Code   RO         2813    .text               mf_p.l(dmul.o)
    0x0000050c   0x0000050c   0x0000001c   Code   RO         2815    .text               mf_p.l(fcmple.o)
    0x00000528   0x00000528   0x0000001c   Code   RO         2817    .text               mf_p.l(fcmplt.o)
    0x00000544   0x00000544   0x0000001c   Code   RO         2819    .text               mf_p.l(fcmpge.o)
    0x00000560   0x00000560   0x0000001c   Code   RO         2821    .text               mf_p.l(fcmpgt.o)
    0x0000057c   0x0000057c   0x0000001c   Code   RO         2823    .text               mf_p.l(fcmpeq.o)
    0x00000598   0x00000598   0x0000002c   Code   RO         2825    .text               mf_p.l(dcmple.o)
    0x000005c4   0x000005c4   0x0000002c   Code   RO         2827    .text               mf_p.l(dcmpgt.o)
    0x000005f0   0x000005f0   0x00000016   Code   RO         2829    .text               mf_p.l(fflti.o)
    0x00000606   0x00000606   0x0000000e   Code   RO         2831    .text               mf_p.l(ffltui.o)
    0x00000614   0x00000614   0x00000028   Code   RO         2833    .text               mf_p.l(dflti.o)
    0x0000063c   0x0000063c   0x00000032   Code   RO         2835    .text               mf_p.l(ffixi.o)
    0x0000066e   0x0000066e   0x00000028   Code   RO         2837    .text               mf_p.l(ffixui.o)
    0x00000696   0x00000696   0x00000028   Code   RO         2839    .text               mf_p.l(f2d.o)
    0x000006be   0x000006be   0x00000038   Code   RO         2841    .text               mf_p.l(d2f.o)
    0x000006f6   0x000006f6   0x0000003e   Code   RO         2898    .text               mc_p.l(uidiv_div0.o)
    0x00000734   0x00000734   0x00000050   Code   RO         2900    .text               mc_p.l(idiv_div0.o)
    0x00000784   0x00000784   0x00000020   Code   RO         2904    .text               mc_p.l(llshl.o)
    0x000007a4   0x000007a4   0x00000026   Code   RO         2906    .text               mc_p.l(llsshr.o)
    0x000007ca   0x000007ca   0x00000000   Code   RO         2915    .text               mc_p.l(iusefp.o)
    0x000007ca   0x000007ca   0x00000082   Code   RO         2916    .text               mf_p.l(fepilogue.o)
    0x0000084c   0x0000084c   0x00000018   Code   RO         2918    .text               mf_p.l(fscalb.o)
    0x00000864   0x00000864   0x00000058   Code   RO         2920    .text               mf_p.l(fsqrt.o)
    0x000008bc   0x000008bc   0x0000003e   Code   RO         2922    .text               mf_p.l(frnd.o)
    0x000008fa   0x000008fa   0x000000be   Code   RO         2924    .text               mf_p.l(depilogue.o)
    0x000009b8   0x000009b8   0x000000f0   Code   RO         2928    .text               mf_p.l(ddiv.o)
    0x00000aa8   0x00000aa8   0x0000002c   Code   RO         2930    .text               mf_p.l(dscalb.o)
    0x00000ad4   0x00000ad4   0x0000004c   Code   RO         2932    .text               mf_p.l(ffixir.o)
    0x00000b20   0x00000b20   0x00000004   Code   RO         2934    .text               mf_p.l(fpstat.o)
    0x00000b24   0x00000b24   0x00000004   PAD
    0x00000b28   0x00000b28   0x00000030   Code   RO         2936    .text               mc_p.l(init.o)
    0x00000b58   0x00000b58   0x00000022   Code   RO         2938    .text               mc_p.l(llushr.o)
    0x00000b7a   0x00000b7a   0x00000056   Code   RO         2948    .text               mc_p.l(__dczerorl2.o)
    0x00000bd0   0x00000bd0   0x00000074   Code   RO         1874    .text.Button_Init   nbutton.o
    0x00000c44   0x00000c44   0x00000048   Code   RO         2462    .text.Byte2Float    nclink.o
    0x00000c8c   0x00000c8c   0x0000001c   Code   RO         1138    .text.DL_CORE_configInstruction  dl_sysctl_mspm0g1x0x_g3x0x.o
    0x00000ca8   0x00000ca8   0x00000010   Code   RO         1136    .text.DL_CORE_getInstructionConfig  dl_sysctl_mspm0g1x0x_g3x0x.o
    0x00000cb8   0x00000cb8   0x00000014   Code   RO           55    .text.DL_Common_delayCycles  dl_common.o
    0x00000ccc   0x00000ccc   0x00000028   Code   RO          132    .text.DL_Common_updateReg  dl_dma.o
    0x00000cf4   0x00000cf4   0x00000028   Code   RO          356    .text.DL_Common_updateReg  dl_i2c.o
    0x00000d1c   0x00000d1c   0x00000028   Code   RO          944    .text.DL_Common_updateReg  dl_timer.o
    0x00000d44   0x00000d44   0x00000028   Code   RO         1050    .text.DL_Common_updateReg  dl_uart.o
    0x00000d6c   0x00000d6c   0x00000028   Code   RO         1134    .text.DL_Common_updateReg  dl_sysctl_mspm0g1x0x_g3x0x.o
    0x00000d94   0x00000d94   0x00000028   Code   RO         1369    .text.DL_Common_updateReg  ti_msp_dl_config.o
    0x00000dbc   0x00000dbc   0x00000028   Code   RO         1840    .text.DL_Common_updateReg  ni2c.o
    0x00000de4   0x00000de4   0x00000054   Code   RO          128    .text.DL_DMA_configTransfer  dl_dma.o
    0x00000e38   0x00000e38   0x00000026   Code   RO         2488    .text.DL_DMA_enableChannel  nclink.o
    0x00000e5e   0x00000e5e   0x00000046   Code   RO          126    .text.DL_DMA_initChannel  dl_dma.o
    0x00000ea4   0x00000ea4   0x00000028   Code   RO         2484    .text.DL_DMA_setDestAddr  nclink.o
    0x00000ecc   0x00000ecc   0x00000028   Code   RO         2482    .text.DL_DMA_setSrcAddr  nclink.o
    0x00000ef4   0x00000ef4   0x00000030   Code   RO         2486    .text.DL_DMA_setTransferSize  nclink.o
    0x00000f24   0x00000f24   0x00000038   Code   RO          130    .text.DL_DMA_setTrigger  dl_dma.o
    0x00000f5c   0x00000f5c   0x00000018   Code   RO         1299    .text.DL_GPIO_clearInterruptStatus  ti_msp_dl_config.o
    0x00000f74   0x00000f74   0x0000001c   Code   RO         1734    .text.DL_GPIO_clearInterruptStatus  nppm.o
    0x00000f90   0x00000f90   0x00000014   Code   RO         1196    .text.DL_GPIO_clearPins  main.o
    0x00000fa4   0x00000fa4   0x00000014   Code   RO         1293    .text.DL_GPIO_clearPins  ti_msp_dl_config.o
    0x00000fb8   0x00000fb8   0x00000014   Code   RO         1490    .text.DL_GPIO_clearPins  oled.o
    0x00000fcc   0x00000fcc   0x00000014   Code   RO         1896    .text.DL_GPIO_clearPins  ngpio.o
    0x00000fe0   0x00000fe0   0x00000014   Code   RO         1954    .text.DL_GPIO_clearPins  w25qxx.o
    0x00000ff4   0x00000ff4   0x00000014   Code   RO         2024    .text.DL_GPIO_clearPins  rgb.o
    0x00001008   0x00001008   0x00000014   Code   RO         2170    .text.DL_GPIO_clearPins  sensor.o
    0x0000101c   0x0000101c   0x00000014   Code   RO         2357    .text.DL_GPIO_clearPins  sdk.o
    0x00001030   0x00001030   0x00000018   Code   RO         1281    .text.DL_GPIO_enableHiZ  ti_msp_dl_config.o
    0x00001048   0x00001048   0x0000001c   Code   RO         1301    .text.DL_GPIO_enableInterrupt  ti_msp_dl_config.o
    0x00001064   0x00001064   0x00000018   Code   RO         1277    .text.DL_GPIO_enableOutput  ti_msp_dl_config.o
    0x0000107c   0x0000107c   0x00000014   Code   RO         1265    .text.DL_GPIO_enablePower  ti_msp_dl_config.o
    0x00001090   0x00001090   0x00000018   Code   RO         1732    .text.DL_GPIO_getEnabledInterruptStatus  nppm.o
    0x000010a8   0x000010a8   0x00000014   Code   RO         1285    .text.DL_GPIO_initDigitalInput  ti_msp_dl_config.o
    0x000010bc   0x000010bc   0x00000030   Code   RO         1287    .text.DL_GPIO_initDigitalInputFeatures  ti_msp_dl_config.o
    0x000010ec   0x000010ec   0x00000014   Code   RO         1289    .text.DL_GPIO_initDigitalOutput  ti_msp_dl_config.o
    0x00001100   0x00001100   0x0000002c   Code   RO         1291    .text.DL_GPIO_initDigitalOutputFeatures  ti_msp_dl_config.o
    0x0000112c   0x0000112c   0x00000014   Code   RO         1273    .text.DL_GPIO_initPeripheralAnalogFunction  ti_msp_dl_config.o
    0x00001140   0x00001140   0x00000018   Code   RO         1283    .text.DL_GPIO_initPeripheralInputFunction  ti_msp_dl_config.o
    0x00001158   0x00001158   0x00000038   Code   RO         1279    .text.DL_GPIO_initPeripheralInputFunctionFeatures  ti_msp_dl_config.o
    0x00001190   0x00001190   0x0000001c   Code   RO         1275    .text.DL_GPIO_initPeripheralOutputFunction  ti_msp_dl_config.o
    0x000011ac   0x000011ac   0x00000016   Code   RO         1878    .text.DL_GPIO_readPins  nbutton.o
    0x000011c2   0x000011c2   0x00000002   PAD
    0x000011c4   0x000011c4   0x00000010   Code   RO         1257    .text.DL_GPIO_reset  ti_msp_dl_config.o
    0x000011d4   0x000011d4   0x0000001c   Code   RO         1297    .text.DL_GPIO_setLowerPinsPolarity  ti_msp_dl_config.o
    0x000011f0   0x000011f0   0x00000014   Code   RO         1198    .text.DL_GPIO_setPins  main.o
    0x00001204   0x00001204   0x00000014   Code   RO         1295    .text.DL_GPIO_setPins  ti_msp_dl_config.o
    0x00001218   0x00001218   0x00000014   Code   RO         1492    .text.DL_GPIO_setPins  oled.o
    0x0000122c   0x0000122c   0x00000014   Code   RO         1894    .text.DL_GPIO_setPins  ngpio.o
    0x00001240   0x00001240   0x00000014   Code   RO         1938    .text.DL_GPIO_setPins  w25qxx.o
    0x00001254   0x00001254   0x00000014   Code   RO         2026    .text.DL_GPIO_setPins  rgb.o
    0x00001268   0x00001268   0x00000018   Code   RO         2359    .text.DL_GPIO_setPins  sdk.o
    0x00001280   0x00001280   0x00000018   Code   RO         1647    .text.DL_GPIO_togglePins  ntimer.o
    0x00001298   0x00001298   0x00000018   Code   RO         1335    .text.DL_I2C_enableAnalogGlitchFilter  ti_msp_dl_config.o
    0x000012b0   0x000012b0   0x00000014   Code   RO         1347    .text.DL_I2C_enableController  ti_msp_dl_config.o
    0x000012c4   0x000012c4   0x00000018   Code   RO         1345    .text.DL_I2C_enableControllerClockStretching  ti_msp_dl_config.o
    0x000012dc   0x000012dc   0x00000018   Code   RO         1269    .text.DL_I2C_enablePower  ti_msp_dl_config.o
    0x000012f4   0x000012f4   0x00000054   Code   RO          360    .text.DL_I2C_fillControllerTXFIFO  dl_i2c.o
    0x00001348   0x00001348   0x00000026   Code   RO          366    .text.DL_I2C_flushControllerTXFIFO  dl_i2c.o
    0x0000136e   0x0000136e   0x00000002   PAD
    0x00001370   0x00001370   0x00000014   Code   RO         1824    .text.DL_I2C_getControllerStatus  ni2c.o
    0x00001384   0x00001384   0x00000018   Code   RO         1830    .text.DL_I2C_isControllerRXFIFOEmpty  ni2c.o
    0x0000139c   0x0000139c   0x00000020   Code   RO          370    .text.DL_I2C_isControllerTXFIFOEmpty  dl_i2c.o
    0x000013bc   0x000013bc   0x0000001c   Code   RO          362    .text.DL_I2C_isControllerTXFIFOFull  dl_i2c.o
    0x000013d8   0x000013d8   0x00000014   Code   RO         1832    .text.DL_I2C_receiveControllerData  ni2c.o
    0x000013ec   0x000013ec   0x00000018   Code   RO         1261    .text.DL_I2C_reset  ti_msp_dl_config.o
    0x00001404   0x00001404   0x00000010   Code   RO         1337    .text.DL_I2C_resetControllerTransfer  ti_msp_dl_config.o
    0x00001414   0x00001414   0x00000026   Code   RO         1333    .text.DL_I2C_setAnalogGlitchFilterPulseWidth  ti_msp_dl_config.o
    0x0000143a   0x0000143a   0x00000002   PAD
    0x0000143c   0x0000143c   0x00000034   Code   RO          354    .text.DL_I2C_setClockConfig  dl_i2c.o
    0x00001470   0x00001470   0x00000024   Code   RO         1343    .text.DL_I2C_setControllerRXFIFOThreshold  ti_msp_dl_config.o
    0x00001494   0x00001494   0x00000024   Code   RO         1341    .text.DL_I2C_setControllerTXFIFOThreshold  ti_msp_dl_config.o
    0x000014b8   0x000014b8   0x00000018   Code   RO         1339    .text.DL_I2C_setTimerPeriod  ti_msp_dl_config.o
    0x000014d0   0x000014d0   0x00000050   Code   RO         1826    .text.DL_I2C_startControllerTransfer  ni2c.o
    0x00001520   0x00001520   0x00000014   Code   RO          368    .text.DL_I2C_startFlushControllerTXFIFO  dl_i2c.o
    0x00001534   0x00001534   0x00000018   Code   RO          372    .text.DL_I2C_stopFlushControllerTXFIFO  dl_i2c.o
    0x0000154c   0x0000154c   0x00000016   Code   RO          364    .text.DL_I2C_transmitControllerData  dl_i2c.o
    0x00001562   0x00001562   0x00000002   PAD
    0x00001564   0x00001564   0x00000024   Code   RO         1736    .text.DL_Interrupt_clearGroup  nppm.o
    0x00001588   0x00001588   0x00000020   Code   RO         1730    .text.DL_Interrupt_getStatusGroup  nppm.o
    0x000015a8   0x000015a8   0x000000e8   Code   RO         1128    .text.DL_SYSCTL_configSYSPLL  dl_sysctl_mspm0g1x0x_g3x0x.o
    0x00001690   0x00001690   0x00000010   Code   RO         1166    .text.DL_SYSCTL_disableHFCLKStartupMonitor  dl_sysctl_mspm0g1x0x_g3x0x.o
    0x000016a0   0x000016a0   0x0000000c   Code   RO         1156    .text.DL_SYSCTL_disableHFXT  dl_sysctl_mspm0g1x0x_g3x0x.o
    0x000016ac   0x000016ac   0x0000000c   Code   RO         1309    .text.DL_SYSCTL_disableHFXT  ti_msp_dl_config.o
    0x000016b8   0x000016b8   0x00000010   Code   RO         1130    .text.DL_SYSCTL_disableSYSPLL  dl_sysctl_mspm0g1x0x_g3x0x.o
    0x000016c8   0x000016c8   0x00000010   Code   RO         1311    .text.DL_SYSCTL_disableSYSPLL  ti_msp_dl_config.o
    0x000016d8   0x000016d8   0x00000010   Code   RO         1162    .text.DL_SYSCTL_enableHFCLKStartupMonitor  dl_sysctl_mspm0g1x0x_g3x0x.o
    0x000016e8   0x000016e8   0x00000010   Code   RO         1317    .text.DL_SYSCTL_enableMFCLK  ti_msp_dl_config.o
    0x000016f8   0x000016f8   0x00000010   Code   RO         1319    .text.DL_SYSCTL_enableMFPCLK  ti_msp_dl_config.o
    0x00001708   0x00001708   0x00000008   Code   RO         1132    .text.DL_SYSCTL_getClockStatus  dl_sysctl_mspm0g1x0x_g3x0x.o
    0x00001710   0x00001710   0x0000000c   Code   RO         1325    .text.DL_SYSCTL_getClockStatus  ti_msp_dl_config.o
    0x0000171c   0x0000171c   0x00000018   Code   RO         1303    .text.DL_SYSCTL_setBORThreshold  ti_msp_dl_config.o
    0x00001734   0x00001734   0x0000001c   Code   RO         1305    .text.DL_SYSCTL_setFlashWaitState  ti_msp_dl_config.o
    0x00001750   0x00001750   0x0000001c   Code   RO         1315    .text.DL_SYSCTL_setHFCLKDividerForMFPCLK  ti_msp_dl_config.o
    0x0000176c   0x0000176c   0x00000064   Code   RO         1164    .text.DL_SYSCTL_setHFCLKSourceHFXTParams  dl_sysctl_mspm0g1x0x_g3x0x.o
    0x000017d0   0x000017d0   0x0000001c   Code   RO         1158    .text.DL_SYSCTL_setHFXTFrequencyRange  dl_sysctl_mspm0g1x0x_g3x0x.o
    0x000017ec   0x000017ec   0x00000018   Code   RO         1160    .text.DL_SYSCTL_setHFXTStartupTime  dl_sysctl_mspm0g1x0x_g3x0x.o
    0x00001804   0x00001804   0x00000018   Code   RO         1150    .text.DL_SYSCTL_setHSCLKSource  dl_sysctl_mspm0g1x0x_g3x0x.o
    0x0000181c   0x0000181c   0x00000020   Code   RO         1321    .text.DL_SYSCTL_setMFPCLKSource  ti_msp_dl_config.o
    0x0000183c   0x0000183c   0x0000001c   Code   RO         1307    .text.DL_SYSCTL_setSYSOSCFreq  ti_msp_dl_config.o
    0x00001858   0x00001858   0x00000018   Code   RO         1313    .text.DL_SYSCTL_setULPCLKDivider  ti_msp_dl_config.o
    0x00001870   0x00001870   0x0000004c   Code   RO         1148    .text.DL_SYSCTL_switchMCLKfromSYSOSCtoHSCLK  dl_sysctl_mspm0g1x0x_g3x0x.o
    0x000018bc   0x000018bc   0x000000ea   Code   RO         1012    .text.DL_TimerA_initPWMMode  dl_timer.o
    0x000019a6   0x000019a6   0x00000002   PAD
    0x000019a8   0x000019a8   0x00000014   Code   RO         1327    .text.DL_Timer_enableClock  ti_msp_dl_config.o
    0x000019bc   0x000019bc   0x0000001c   Code   RO         1331    .text.DL_Timer_enableInterrupt  ti_msp_dl_config.o
    0x000019d8   0x000019d8   0x00000018   Code   RO         1267    .text.DL_Timer_enablePower  ti_msp_dl_config.o
    0x000019f0   0x000019f0   0x00000012   Code   RO         1645    .text.DL_Timer_getPendingInterrupt  ntimer.o
    0x00001a02   0x00001a02   0x00000002   PAD
    0x00001a04   0x00001a04   0x0000010c   Code   RO          956    .text.DL_Timer_initPWMMode  dl_timer.o
    0x00001b10   0x00001b10   0x000000fc   Code   RO          926    .text.DL_Timer_initTimerMode  dl_timer.o
    0x00001c0c   0x00001c0c   0x00000010   Code   RO         1259    .text.DL_Timer_reset  ti_msp_dl_config.o
    0x00001c1c   0x00001c1c   0x00000014   Code   RO         1329    .text.DL_Timer_setCCPDirection  ti_msp_dl_config.o
    0x00001c30   0x00001c30   0x00000030   Code   RO          986    .text.DL_Timer_setCaptCompUpdateMethod  dl_timer.o
    0x00001c60   0x00001c60   0x00000034   Code   RO          958    .text.DL_Timer_setCaptureCompareAction  dl_timer.o
    0x00001c94   0x00001c94   0x0000003c   Code   RO          934    .text.DL_Timer_setCaptureCompareCtl  dl_timer.o
    0x00001cd0   0x00001cd0   0x00000034   Code   RO          940    .text.DL_Timer_setCaptureCompareInput  dl_timer.o
    0x00001d04   0x00001d04   0x00000040   Code   RO          960    .text.DL_Timer_setCaptureCompareOutCtl  dl_timer.o
    0x00001d44   0x00001d44   0x0000002c   Code   RO          932    .text.DL_Timer_setCaptureCompareValue  dl_timer.o
    0x00001d70   0x00001d70   0x0000002c   Code   RO          922    .text.DL_Timer_setClockConfig  dl_timer.o
    0x00001d9c   0x00001d9c   0x0000001c   Code   RO          930    .text.DL_Timer_setCounterValueAfterEnable  dl_timer.o
    0x00001db8   0x00001db8   0x00000014   Code   RO          928    .text.DL_Timer_setLoadValue  dl_timer.o
    0x00001dcc   0x00001dcc   0x00000018   Code   RO         2292    .text.DL_Timer_setLoadValue  motor_control.o
    0x00001de4   0x00001de4   0x00000018   Code   RO         1637    .text.DL_Timer_startCounter  ntimer.o
    0x00001dfc   0x00001dfc   0x00000018   Code   RO         1779    .text.DL_UART_clearInterruptStatus  nuart.o
    0x00001e14   0x00001e14   0x00000016   Code   RO         1048    .text.DL_UART_disable  dl_uart.o
    0x00001e2a   0x00001e2a   0x00000016   Code   RO         1355    .text.DL_UART_enable  ti_msp_dl_config.o
    0x00001e40   0x00001e40   0x00000018   Code   RO         1357    .text.DL_UART_enableDMATransmitEvent  ti_msp_dl_config.o
    0x00001e58   0x00001e58   0x00000018   Code   RO         1359    .text.DL_UART_enableFIFOs  ti_msp_dl_config.o
    0x00001e70   0x00001e70   0x0000001c   Code   RO         1353    .text.DL_UART_enableInterrupt  ti_msp_dl_config.o
    0x00001e8c   0x00001e8c   0x00000018   Code   RO         1271    .text.DL_UART_enablePower  ti_msp_dl_config.o
    0x00001ea4   0x00001ea4   0x00000018   Code   RO         1785    .text.DL_UART_getEnabledInterruptStatus  nuart.o
    0x00001ebc   0x00001ebc   0x00000012   Code   RO         1793    .text.DL_UART_getPendingInterrupt  nuart.o
    0x00001ece   0x00001ece   0x00000002   PAD
    0x00001ed0   0x00001ed0   0x00000048   Code   RO         1046    .text.DL_UART_init  dl_uart.o
    0x00001f18   0x00001f18   0x00000018   Code   RO         1074    .text.DL_UART_isTXFIFOFull  dl_uart.o
    0x00001f30   0x00001f30   0x00000014   Code   RO         1787    .text.DL_UART_receiveData  nuart.o
    0x00001f44   0x00001f44   0x00000018   Code   RO         1263    .text.DL_UART_reset  ti_msp_dl_config.o
    0x00001f5c   0x00001f5c   0x0000004c   Code   RO         1351    .text.DL_UART_setBaudRateDivisor  ti_msp_dl_config.o
    0x00001fa8   0x00001fa8   0x00000024   Code   RO         1052    .text.DL_UART_setClockConfig  dl_uart.o
    0x00001fcc   0x00001fcc   0x0000001e   Code   RO         1349    .text.DL_UART_setOversampling  ti_msp_dl_config.o
    0x00001fea   0x00001fea   0x00000002   PAD
    0x00001fec   0x00001fec   0x00000024   Code   RO         1361    .text.DL_UART_setRXFIFOThreshold  ti_msp_dl_config.o
    0x00002010   0x00002010   0x00000028   Code   RO         1363    .text.DL_UART_setTXFIFOThreshold  ti_msp_dl_config.o
    0x00002038   0x00002038   0x00000016   Code   RO         1076    .text.DL_UART_transmitData  dl_uart.o
    0x0000204e   0x0000204e   0x00000028   Code   RO         1072    .text.DL_UART_transmitDataBlocking  dl_uart.o
    0x00002076   0x00002076   0x00000010   Code   RO         1425    .text.Delay_Ms      system.o
    0x00002086   0x00002086   0x00000002   PAD
    0x00002088   0x00002088   0x00000074   Code   RO         1486    .text.Draw_Logo     oled.o
    0x000020fc   0x000020fc   0x00000002   Code   RO         1706    .text.Encoder_Init  nqei.o
    0x000020fe   0x000020fe   0x00000002   PAD
    0x00002100   0x00002100   0x000000cc   Code   RO         2060    .text.FastCos       wp_math.o
    0x000021cc   0x000021cc   0x000000c8   Code   RO         2058    .text.FastSin       wp_math.o
    0x00002294   0x00002294   0x00000274   Code   RO         2056    .text.FastSinCos    wp_math.o
    0x00002508   0x00002508   0x00000088   Code   RO         2460    .text.Float2Byte    nclink.o
    0x00002590   0x00002590   0x000001b4   Code   RO         2677    .text.FusionAhrsGetEarthAcceleration  fusionahrs.o
    0x00002744   0x00002744   0x00000020   Code   RO         2671    .text.FusionAhrsGetQuaternion  fusionahrs.o
    0x00002764   0x00002764   0x0000002c   Code   RO         2637    .text.FusionAhrsInitialise  fusionahrs.o
    0x00002790   0x00002790   0x00000094   Code   RO         2641    .text.FusionAhrsReset  fusionahrs.o
    0x00002824   0x00002824   0x000000d4   Code   RO         2655    .text.FusionAhrsSetHeading  fusionahrs.o
    0x000028f8   0x000028f8   0x000000dc   Code   RO         2639    .text.FusionAhrsSetSettings  fusionahrs.o
    0x000029d4   0x000029d4   0x0000048a   Code   RO         2645    .text.FusionAhrsUpdate  fusionahrs.o
    0x00002e5e   0x00002e5e   0x0000008a   Code   RO         2667    .text.FusionAhrsUpdateNoMagnetometer  fusionahrs.o
    0x00002ee8   0x00002ee8   0x0000004c   Code   RO         2180    .text.FusionAsin    sensor.o
    0x00002f34   0x00002f34   0x00000072   Code   RO         2706    .text.FusionCompassCalculateHeading  fusioncompass.o
    0x00002fa6   0x00002fa6   0x00000002   PAD
    0x00002fa8   0x00002fa8   0x00000018   Code   RO         2643    .text.FusionDegreesToRadians  fusionahrs.o
    0x00002fc0   0x00002fc0   0x00000040   Code   RO         2691    .text.FusionFastInverseSqrt  fusionahrs.o
    0x00003000   0x00003000   0x0000004c   Code   RO         2714    .text.FusionFastInverseSqrt  fusioncompass.o
    0x0000304c   0x0000304c   0x00000050   Code   RO         2732    .text.FusionOffsetInitialise  fusionoffset.o
    0x0000309c   0x0000309c   0x00000114   Code   RO         2734    .text.FusionOffsetUpdate  fusionoffset.o
    0x000031b0   0x000031b0   0x0000005e   Code   RO         2661    .text.FusionQuaternionAdd  fusionahrs.o
    0x0000320e   0x0000320e   0x0000014e   Code   RO         2689    .text.FusionQuaternionMultiply  fusionahrs.o
    0x0000335c   0x0000335c   0x0000010c   Code   RO         2663    .text.FusionQuaternionMultiplyVector  fusionahrs.o
    0x00003468   0x00003468   0x00000086   Code   RO         2665    .text.FusionQuaternionNormalise  fusionahrs.o
    0x000034ee   0x000034ee   0x000000ee   Code   RO         2162    .text.FusionQuaternionToEuler  sensor.o
    0x000035dc   0x000035dc   0x00000014   Code   RO         2178    .text.FusionRadiansToDegrees  sensor.o
    0x000035f0   0x000035f0   0x00000018   Code   RO         2712    .text.FusionRadiansToDegrees  fusioncompass.o
    0x00003608   0x00003608   0x00000046   Code   RO         2659    .text.FusionVectorAdd  fusionahrs.o
    0x0000364e   0x0000364e   0x00000046   Code   RO         2738    .text.FusionVectorAdd  fusionoffset.o
    0x00003694   0x00003694   0x00000094   Code   RO         2649    .text.FusionVectorCrossProduct  fusionahrs.o
    0x00003728   0x00003728   0x00000094   Code   RO         2710    .text.FusionVectorCrossProduct  fusioncompass.o
    0x000037bc   0x000037bc   0x00000046   Code   RO         2695    .text.FusionVectorHadamardProduct  fusionahrs.o
    0x00003802   0x00003802   0x00000046   Code   RO         2722    .text.FusionVectorHadamardProduct  fusioncompass.o
    0x00003848   0x00003848   0x00000050   Code   RO         2647    .text.FusionVectorIsZero  fusionahrs.o
    0x00003898   0x00003898   0x0000002a   Code   RO         2653    .text.FusionVectorMagnitudeSquared  fusionahrs.o
    0x000038c2   0x000038c2   0x0000002a   Code   RO         2716    .text.FusionVectorMagnitudeSquared  fusioncompass.o
    0x000038ec   0x000038ec   0x00000036   Code   RO         2657    .text.FusionVectorMultiplyScalar  fusionahrs.o
    0x00003922   0x00003922   0x00000036   Code   RO         2718    .text.FusionVectorMultiplyScalar  fusioncompass.o
    0x00003958   0x00003958   0x00000036   Code   RO         2740    .text.FusionVectorMultiplyScalar  fusionoffset.o
    0x0000398e   0x0000398e   0x00000032   Code   RO         2651    .text.FusionVectorNormalise  fusionahrs.o
    0x000039c0   0x000039c0   0x00000032   Code   RO         2708    .text.FusionVectorNormalise  fusioncompass.o
    0x000039f2   0x000039f2   0x00000046   Code   RO         2736    .text.FusionVectorSubtract  fusionoffset.o
    0x00003a38   0x00003a38   0x0000001c   Code   RO         2693    .text.FusionVectorSum  fusionahrs.o
    0x00003a54   0x00003a54   0x0000001c   Code   RO         2720    .text.FusionVectorSum  fusioncompass.o
    0x00003a70   0x00003a70   0x00000058   Code   RO         1728    .text.GROUP1_IRQHandler  nppm.o
    0x00003ac8   0x00003ac8   0x00000010   Code   RO         1437    .text.HardFault_Handler  system.o
    0x00003ad8   0x00003ad8   0x00000164   Code   RO         1828    .text.I2C_ReadReg   ni2c.o
    0x00003c3c   0x00003c3c   0x00000138   Code   RO         1822    .text.I2C_WriteReg  ni2c.o
    0x00003d74   0x00003d74   0x00000268   Code   RO         1849    .text.ICM206xx_Init  icm20608.o
    0x00003fdc   0x00003fdc   0x000003a8   Code   RO         1853    .text.ICM206xx_Read_Data  icm20608.o
    0x00004384   0x00004384   0x000000b0   Code   RO         2095    .text.Key_Scan      ui.o
    0x00004434   0x00004434   0x00000060   Code   RO         1466    .text.LCD_CLS       oled.o
    0x00004494   0x00004494   0x00000078   Code   RO         1470    .text.LCD_P6x8Char  oled.o
    0x0000450c   0x0000450c   0x000000b0   Code   RO         1468    .text.LCD_P6x8Str   oled.o
    0x000045bc   0x000045bc   0x00000054   Code   RO         1484    .text.LCD_clear_L   oled.o
    0x00004610   0x00004610   0x000001a6   Code   RO         2135    .text.LPButterworth  filter.o
    0x000047b6   0x000047b6   0x00000002   PAD
    0x000047b8   0x000047b8   0x000001a4   Code   RO         2474    .text.NCLink_Data_Prase_Prepare_Lite  nclink.o
    0x0000495c   0x0000495c   0x0000035c   Code   RO         2476    .text.NCLink_Data_Prase_Process_Lite  nclink.o
    0x00004cb8   0x00004cb8   0x000000f0   Code   RO         2478    .text.NCLink_SEND_StateMachine  nclink.o
    0x00004da8   0x00004da8   0x00000190   Code   RO         2466    .text.NCLink_Send_3D_Track  nclink.o
    0x00004f38   0x00004f38   0x0000007c   Code   RO         2472    .text.NCLink_Send_Check  nclink.o
    0x00004fb4   0x00004fb4   0x00000308   Code   RO         2470    .text.NCLink_Send_Check_Status_Parameter  nclink.o
    0x000052bc   0x000052bc   0x00000260   Code   RO         2464    .text.NCLink_Send_Status  nclink.o
    0x0000551c   0x0000551c   0x00000124   Code   RO         2468    .text.NCLink_Send_Userdata  nclink.o
    0x00005640   0x00005640   0x00000010   Code   RO         1435    .text.NMI_Handler   system.o
    0x00005650   0x00005650   0x00000040   Code   RO         1488    .text.OLED_Init     oled.o
    0x00005690   0x00005690   0x00000036   Code   RO         1454    .text.OLED_Set_Pos  oled.o
    0x000056c6   0x000056c6   0x00000002   PAD
    0x000056c8   0x000056c8   0x00000074   Code   RO         1452    .text.OLED_WrCmd    oled.o
    0x0000573c   0x0000573c   0x0000007c   Code   RO         1450    .text.OLED_WrDat    oled.o
    0x000057b8   0x000057b8   0x00000016   Code   RO         1720    .text.PPM_Init      nppm.o
    0x000057ce   0x000057ce   0x00000002   PAD
    0x000057d0   0x000057d0   0x00000024   Code   RO         2458    .text.Pilot_Status_Tick  nclink.o
    0x000057f4   0x000057f4   0x00000090   Code   RO         1696    .text.QEI0_IRQHandler  nqei.o
    0x00005884   0x00005884   0x0000009c   Code   RO         1698    .text.QEI1_IRQHandler  nqei.o
    0x00005920   0x00005920   0x00000030   Code   RO         1194    .text.Razer_ctrl    main.o
    0x00005950   0x00005950   0x00000020   Code   RO         1910    .text.ReadFlashParameterOne  neeprom.o
    0x00005970   0x00005970   0x00000048   Code   RO         1914    .text.ReadFlashParameterThree  neeprom.o
    0x000059b8   0x000059b8   0x00000184   Code   RO         1876    .text.Read_Button_State_One  nbutton.o
    0x00005b3c   0x00005b3c   0x0000000a   Code   RO         1661    .text.Reserved_PWM8_Output  ntimer.o
    0x00005b46   0x00005b46   0x00000002   PAD
    0x00005b48   0x00005b48   0x00000018   Code   RO         1365    .text.SYSCFG_DL_DMA_CH0_init  ti_msp_dl_config.o
    0x00005b60   0x00005b60   0x00000008   Code   RO         1247    .text.SYSCFG_DL_DMA_init  ti_msp_dl_config.o
    0x00005b68   0x00005b68   0x00000280   Code   RO         1221    .text.SYSCFG_DL_GPIO_init  ti_msp_dl_config.o
    0x00005de8   0x00005de8   0x00000058   Code   RO         1239    .text.SYSCFG_DL_I2C_0_init  ti_msp_dl_config.o
    0x00005e40   0x00005e40   0x000000cc   Code   RO         1225    .text.SYSCFG_DL_PWM_0_init  ti_msp_dl_config.o
    0x00005f0c   0x00005f0c   0x00000058   Code   RO         1227    .text.SYSCFG_DL_PWM_1_init  ti_msp_dl_config.o
    0x00005f64   0x00005f64   0x00000058   Code   RO         1229    .text.SYSCFG_DL_PWM_2_init  ti_msp_dl_config.o
    0x00005fbc   0x00005fbc   0x0000001c   Code   RO         1251    .text.SYSCFG_DL_SYSCTL_CLK_init  ti_msp_dl_config.o
    0x00005fd8   0x00005fd8   0x00000068   Code   RO         1223    .text.SYSCFG_DL_SYSCTL_init  ti_msp_dl_config.o
    0x00006040   0x00006040   0x00000010   Code   RO         1249    .text.SYSCFG_DL_SYSTICK_init  ti_msp_dl_config.o
    0x00006050   0x00006050   0x00000038   Code   RO         1231    .text.SYSCFG_DL_TIMER_G0_init  ti_msp_dl_config.o
    0x00006088   0x00006088   0x0000003c   Code   RO         1237    .text.SYSCFG_DL_TIMER_G12_init  ti_msp_dl_config.o
    0x000060c4   0x000060c4   0x00000038   Code   RO         1233    .text.SYSCFG_DL_TIMER_G6_init  ti_msp_dl_config.o
    0x000060fc   0x000060fc   0x00000038   Code   RO         1235    .text.SYSCFG_DL_TIMER_G8_init  ti_msp_dl_config.o
    0x00006134   0x00006134   0x00000050   Code   RO         1241    .text.SYSCFG_DL_UART_0_init  ti_msp_dl_config.o
    0x00006184   0x00006184   0x00000050   Code   RO         1243    .text.SYSCFG_DL_UART_1_init  ti_msp_dl_config.o
    0x000061d4   0x000061d4   0x0000006c   Code   RO         1245    .text.SYSCFG_DL_UART_2_init  ti_msp_dl_config.o
    0x00006240   0x00006240   0x00000070   Code   RO         1217    .text.SYSCFG_DL_init  ti_msp_dl_config.o
    0x000062b0   0x000062b0   0x000000e4   Code   RO         1219    .text.SYSCFG_DL_initPower  ti_msp_dl_config.o
    0x00006394   0x00006394   0x0000001c   Code   RO         2456    .text.Serial_Data_Send  nclink.o
    0x000063b0   0x000063b0   0x00000050   Code   RO         1367    .text.SysTick_Config  ti_msp_dl_config.o
    0x00006400   0x00006400   0x00000010   Code   RO         1405    .text.SysTick_Handler  system.o
    0x00006410   0x00006410   0x00000058   Code   RO         1643    .text.TIMG0_IRQHandler  ntimer.o
    0x00006468   0x00006468   0x00000028   Code   RO         1653    .text.TIMG12_IRQHandler  ntimer.o
    0x00006490   0x00006490   0x00000028   Code   RO         1649    .text.TIMG6_IRQHandler  ntimer.o
    0x000064b8   0x000064b8   0x00000028   Code   RO         1651    .text.TIMG8_IRQHandler  ntimer.o
    0x000064e0   0x000064e0   0x00000040   Code   RO         1783    .text.UART0_IRQHandler  nuart.o
    0x00006520   0x00006520   0x00000040   Code   RO         1789    .text.UART1_IRQHandler  nuart.o
    0x00006560   0x00006560   0x0000005c   Code   RO         1791    .text.UART2_IRQHandler  nuart.o
    0x000065bc   0x000065bc   0x0000002e   Code   RO         1803    .text.UART_SendBytes  nuart.o
    0x000065ea   0x000065ea   0x00000002   PAD
    0x000065ec   0x000065ec   0x00000058   Code   RO         1950    .text.W25Q64_erase_sector  w25qxx.o
    0x00006644   0x00006644   0x00000074   Code   RO         1962    .text.W25Q64_read   w25qxx.o
    0x000066b8   0x000066b8   0x00000068   Code   RO         1944    .text.W25Q64_readID  w25qxx.o
    0x00006720   0x00006720   0x00000048   Code   RO         1956    .text.W25Q64_wait_busy  w25qxx.o
    0x00006768   0x00006768   0x00000024   Code   RO         1958    .text.W25Q64_write_enable  w25qxx.o
    0x0000678c   0x0000678c   0x00000080   Code   RO         1964    .text.W25Q64_write_page  w25qxx.o
    0x0000680c   0x0000680c   0x0000002c   Code   RO         1940    .text.W25QXX_PowerDown  w25qxx.o
    0x00006838   0x00006838   0x0000004e   Code   RO         1974    .text.W25QXX_Read_f  w25qxx.o
    0x00006886   0x00006886   0x00000002   PAD
    0x00006888   0x00006888   0x00000030   Code   RO         1942    .text.W25QXX_WAKEUP  w25qxx.o
    0x000068b8   0x000068b8   0x00000154   Code   RO         1968    .text.W25QXX_Write  w25qxx.o
    0x00006a0c   0x00006a0c   0x0000008e   Code   RO         1966    .text.W25QXX_Write_NoCheck  w25qxx.o
    0x00006a9a   0x00006a9a   0x0000004e   Code   RO         1978    .text.W25QXX_Write_f  w25qxx.o
    0x00006ae8   0x00006ae8   0x00000030   Code   RO         1916    .text.WriteFlashParameter  neeprom.o
    0x00006b18   0x00006b18   0x00000058   Code   RO         1920    .text.WriteFlashParameter_Three  neeprom.o
    0x00006b70   0x00006b70   0x00000028   Code   RO         2048    .text.__ARM_isnan   wp_math.o
    0x00006b98   0x00006b98   0x00000018   Code   RO         1855    .text.__ARM_isnanf  icm20608.o
    0x00006bb0   0x00006bb0   0x00000018   Code   RO         2001    .text.__ARM_isnanf  us100.o
    0x00006bc8   0x00006bc8   0x00000018   Code   RO         2046    .text.__ARM_isnanf  wp_math.o
    0x00006be0   0x00006be0   0x00000018   Code   RO         2137    .text.__ARM_isnanf  filter.o
    0x00006bf8   0x00006bf8   0x00000018   Code   RO         2349    .text.__ARM_isnanf  sdk.o
    0x00006c10   0x00006c10   0x00000028   Code   RO         1722    .text.__NVIC_ClearPendingIRQ  nppm.o
    0x00006c38   0x00006c38   0x0000002c   Code   RO         1775    .text.__NVIC_ClearPendingIRQ  nuart.o
    0x00006c64   0x00006c64   0x00000028   Code   RO         1639    .text.__NVIC_EnableIRQ  ntimer.o
    0x00006c8c   0x00006c8c   0x00000028   Code   RO         1724    .text.__NVIC_EnableIRQ  nppm.o
    0x00006cb4   0x00006cb4   0x0000002c   Code   RO         1777    .text.__NVIC_EnableIRQ  nuart.o
    0x00006ce0   0x00006ce0   0x00000058   Code   RO         1411    .text.__NVIC_GetPriority  system.o
    0x00006d38   0x00006d38   0x0000007c   Code   RO         1323    .text.__NVIC_SetPriority  ti_msp_dl_config.o
    0x00006db4   0x00006db4   0x0000007c   Code   RO         1409    .text.__NVIC_SetPriority  system.o
    0x00006e30   0x00006e30   0x00000084   Code   RO         1781    .text.__NVIC_SetPriority  nuart.o
    0x00006eb4   0x00006eb4   0x000009a8   Code   RO         2586    .text.auto_drive_smartcar_duty2  subtask.o
    0x0000785c   0x0000785c   0x00000a4c   Code   RO         2588    .text.auto_drive_smartcar_duty3  subtask.o
    0x000082a8   0x000082a8   0x00000a64   Code   RO         2590    .text.auto_drive_smartcar_duty4  subtask.o
    0x00008d0c   0x00008d0c   0x0000015c   Code   RO         2596    .text.auto_nav_point  subtask.o
    0x00008e68   0x00008e68   0x00000c78   Code   RO         2580    .text.auto_parallel_park  subtask.o
    0x00009ae0   0x00009ae0   0x00000018   Code   RO         2592    .text.beep_notify   subtask.o
    0x00009af8   0x00009af8   0x000000a8   Code   RO         2022    .text.bling_process  rgb.o
    0x00009ba0   0x00009ba0   0x00000046   Code   RO         2020    .text.bling_set     rgb.o
    0x00009be6   0x00009be6   0x00000002   PAD
    0x00009be8   0x00009be8   0x0000006c   Code   RO         2032    .text.bling_working  rgb.o
    0x00009c54   0x00009c54   0x00000204   Code   RO         2490    .text.bluetooth_app_prase  nclink.o
    0x00009e58   0x00009e58   0x00000150   Code   RO         2480    .text.bluetooth_app_send  nclink.o
    0x00009fa8   0x00009fa8   0x0000002c   Code   RO         1898    .text.buzzer_setup  ngpio.o
    0x00009fd4   0x00009fd4   0x00000204   Code   RO         2154    .text.calculate_quaternion_init  sensor.o
    0x0000a1d8   0x0000a1d8   0x00000082   Code   RO         2044    .text.constrain_float  wp_math.o
    0x0000a25a   0x0000a25a   0x00000002   PAD
    0x0000a25c   0x0000a25c   0x00000188   Code   RO         2351    .text.ctrl_params_init  sdk.o
    0x0000a3e4   0x0000a3e4   0x00000016   Code   RO         1419    .text.delay         system.o
    0x0000a3fa   0x0000a3fa   0x00000024   Code   RO         1417    .text.delayMicroseconds  system.o
    0x0000a41e   0x0000a41e   0x00000010   Code   RO         1421    .text.delay_ms      system.o
    0x0000a42e   0x0000a42e   0x00000010   Code   RO         1423    .text.delay_us      system.o
    0x0000a43e   0x0000a43e   0x00000020   Code   RO         1494    .text.display_6_8_number  oled.o
    0x0000a45e   0x0000a45e   0x0000007c   Code   RO         1496    .text.display_6_8_number_pro  oled.o
    0x0000a4da   0x0000a4da   0x00000020   Code   RO         1498    .text.display_6_8_string  oled.o
    0x0000a4fa   0x0000a4fa   0x00000002   PAD
    0x0000a4fc   0x0000a4fc   0x00000064   Code   RO         2371    .text.distance_control  sdk.o
    0x0000a560   0x0000a560   0x00000068   Code   RO         2373    .text.distance_control_with_speed_limit  sdk.o
    0x0000a5c8   0x0000a5c8   0x00000064   Code   RO         1541    .text.draw_oled     ssd1306.o
    0x0000a62c   0x0000a62c   0x00000028   Code   RO         1202    .text.duty_1000hz   main.o
    0x0000a654   0x0000a654   0x00000008   Code   RO         1204    .text.duty_100hz    main.o
    0x0000a65c   0x0000a65c   0x0000003c   Code   RO         1206    .text.duty_10hz     main.o
    0x0000a698   0x0000a698   0x000001b4   Code   RO         2150    .text.euler_to_quaternion  sensor.o
    0x0000a84c   0x0000a84c   0x00000094   Code   RO         2594    .text.firetruck_nav_ctrl  subtask.o
    0x0000a8e0   0x0000a8e0   0x0000009c   Code   RO         2598    .text.flight_subtask_jichu3  subtask.o
    0x0000a97c   0x0000a97c   0x00000040   Code   RO         2564    .text.flight_subtask_reset  subtask.o
    0x0000a9bc   0x0000a9bc   0x0000002c   Code   RO         2566    .text.flight_subtask_reset_num  subtask.o
    0x0000a9e8   0x0000a9e8   0x000000c4   Code   RO         2582    .text.flight_subtask_yaw_angle_ctrl  subtask.o
    0x0000aaac   0x0000aaac   0x00000068   Code   RO         1755    .text.get_battery_voltage  nadc.o
    0x0000ab14   0x0000ab14   0x00000040   Code   RO         2367    .text.get_distance_error  sdk.o
    0x0000ab54   0x0000ab54   0x0000009c   Code   RO         1700    .text.get_left_motor_speed  nqei.o
    0x0000abf0   0x0000abf0   0x000000b4   Code   RO         1702    .text.get_right_motor_speed  nqei.o
    0x0000aca4   0x0000aca4   0x0000004c   Code   RO         1429    .text.get_systime   system.o
    0x0000acf0   0x0000acf0   0x00000100   Code   RO         2176    .text.get_wheel_speed  sensor.o
    0x0000adf0   0x0000adf0   0x00000764   Code   RO         2232    .text.gpio_input_check_channel_12_2024  gray_detection.o
    0x0000b554   0x0000b554   0x0000093c   Code   RO         2224    .text.gpio_input_check_channel_12_with_handle  gray_detection.o
    0x0000be90   0x0000be90   0x00000060   Code   RO         2228    .text.gpio_input_check_from_vision  gray_detection.o
    0x0000bef0   0x0000bef0   0x000000ec   Code   RO         2226    .text.gray_turn_control_200hz  gray_detection.o
    0x0000bfdc   0x0000bfdc   0x0000002c   Code   RO         1838    .text.i2creadnbyte  ni2c.o
    0x0000c008   0x0000c008   0x00000328   Code   RO         1857    .text.imu_calibration  icm20608.o
    0x0000c330   0x0000c330   0x000000f8   Code   RO         1851    .text.imu_calibration_params_init  icm20608.o
    0x0000c428   0x0000c428   0x00000238   Code   RO         2158    .text.imu_data_sampling  sensor.o
    0x0000c660   0x0000c660   0x00000164   Code   RO         2164    .text.imu_temperature_ctrl  sensor.o
    0x0000c7c4   0x0000c7c4   0x00000058   Code   RO         2054    .text.invSqrt       wp_math.o
    0x0000c81c   0x0000c81c   0x000000cc   Code   RO         2156    .text.kalman_filter  sensor.o
    0x0000c8e8   0x0000c8e8   0x000000a6   Code   RO         1892    .text.laser_light_work  ngpio.o
    0x0000c98e   0x0000c98e   0x00000002   PAD
    0x0000c990   0x0000c990   0x000001a4   Code   RO         1192    .text.main          main.o
    0x0000cb34   0x0000cb34   0x00000034   Code   RO         1200    .text.maple_duty_200hz  main.o
    0x0000cb68   0x0000cb68   0x0000003c   Code   RO         1413    .text.micros        system.o
    0x0000cba4   0x0000cba4   0x00000010   Code   RO         1415    .text.millis        system.o
    0x0000cbb4   0x0000cbb4   0x00000310   Code   RO         2286    .text.motor_output  motor_control.o
    0x0000cec4   0x0000cec4   0x00000002   Code   RO         1753    .text.nADC_Init     nadc.o
    0x0000cec6   0x0000cec6   0x00000002   PAD
    0x0000cec8   0x0000cec8   0x00000028   Code   RO         1890    .text.nGPIO_Init    ngpio.o
    0x0000cef0   0x0000cef0   0x00000094   Code   RO         1407    .text.ncontroller_set_priority  system.o
    0x0000cf84   0x0000cf84   0x00000134   Code   RO         2416    .text.parse_char    vision.o
    0x0000d0b8   0x0000d0b8   0x00000082   Code   RO         2076    .text.pid_control_init  pid.o
    0x0000d13a   0x0000d13a   0x000001f8   Code   RO         2080    .text.pid_control_run  pid.o
    0x0000d332   0x0000d332   0x00000002   PAD
    0x0000d334   0x0000d334   0x00000238   Code   RO         2369    .text.position_control  sdk.o
    0x0000d56c   0x0000d56c   0x00000148   Code   RO         2152    .text.quaternion_to_cb2n  sensor.o
    0x0000d6b4   0x0000d6b4   0x00000048   Code   RO         1999    .text.rangefinder_init  us100.o
    0x0000d6fc   0x0000d6fc   0x000000d4   Code   RO         2115    .text.rc_range_init  rc.o
    0x0000d7d0   0x0000d7d0   0x00000038   Code   RO         1880    .text.read_button_state_all  nbutton.o
    0x0000d808   0x0000d808   0x00000008   Code   RO         2016    .text.rgb_init      rgb.o
    0x0000d810   0x0000d810   0x00000058   Code   RO         2018    .text.rgb_start_bling  rgb.o
    0x0000d868   0x0000d868   0x00000044   Code   RO         2052    .text.safe_sqrt     wp_math.o
    0x0000d8ac   0x0000d8ac   0x00003be4   Code   RO         2097    .text.screen_display  ui.o
    0x00011490   0x00011490   0x0000072c   Code   RO         2554    .text.sdk_duty_run  developer_mode.o
    0x00011bbc   0x00011bbc   0x00000100   Code   RO         2139    .text.set_cutoff_frequency  filter.o
    0x00011cbc   0x00011cbc   0x00000034   Code   RO         2296    .text.set_duty_X    motor_control.o
    0x00011cf0   0x00011cf0   0x00000034   Code   RO         2298    .text.set_duty_Y    motor_control.o
    0x00011d24   0x00011d24   0x00000028   Code   RO         2300    .text.set_freq_X    motor_control.o
    0x00011d4c   0x00011d4c   0x0000002c   Code   RO         2302    .text.set_freq_Y    motor_control.o
    0x00011d78   0x00011d78   0x0000000c   Code   RO         2168    .text.simulation_pwm_init  sensor.o
    0x00011d84   0x00011d84   0x00000010   Code   RO         2172    .text.simulation_pwm_output  sensor.o
    0x00011d94   0x00011d94   0x0000002a   Code   RO         1836    .text.single_readi2c  ni2c.o
    0x00011dbe   0x00011dbe   0x00000024   Code   RO         1834    .text.single_writei2c  ni2c.o
    0x00011de2   0x00011de2   0x00000002   PAD
    0x00011de4   0x00011de4   0x00000564   Code   RO         2284    .text.speed_control_100hz  motor_control.o
    0x00012348   0x00012348   0x000000a0   Code   RO         1952    .text.spi_read_write_byte  w25qxx.o
    0x000123e8   0x000123e8   0x00000012   Code   RO         2050    .text.sq            wp_math.o
    0x000123fa   0x000123fa   0x00000002   PAD
    0x000123fc   0x000123fc   0x00000174   Code   RO         1519    .text.ssd1306_begin  ssd1306.o
    0x00012570   0x00012570   0x00000010   Code   RO         1543    .text.ssd1306_clear_display  ssd1306.o
    0x00012580   0x00012580   0x00000014   Code   RO         1517    .text.ssd1306_command  ssd1306.o
    0x00012594   0x00012594   0x00000032   Code   RO         1539    .text.ssd1306_display  ssd1306.o
    0x000125c6   0x000125c6   0x000001b0   Code   RO         1553    .text.ssd1306_draw_circle  ssd1306.o
    0x00012776   0x00012776   0x00000002   PAD
    0x00012778   0x00012778   0x00000144   Code   RO         1549    .text.ssd1306_draw_fast_hline_internal  ssd1306.o
    0x000128bc   0x000128bc   0x0000010c   Code   RO         1551    .text.ssd1306_draw_fast_vline  ssd1306.o
    0x000129c8   0x000129c8   0x00000250   Code   RO         1547    .text.ssd1306_draw_fast_vline_internal  ssd1306.o
    0x00012c18   0x00012c18   0x00000184   Code   RO         1561    .text.ssd1306_draw_line  ssd1306.o
    0x00012d9c   0x00012d9c   0x00000178   Code   RO         1521    .text.ssd1306_draw_pixel  ssd1306.o
    0x00012f14   0x00012f14   0x0000005a   Code   RO         1557    .text.ssd1306_fill_circle  ssd1306.o
    0x00012f6e   0x00012f6e   0x00000156   Code   RO         1559    .text.ssd1306_fill_circle_helper  ssd1306.o
    0x000130c4   0x000130c4   0x0000000c   Code   RO         1513    .text.ssd1306_height  ssd1306.o
    0x000130d0   0x000130d0   0x0000000c   Code   RO         1511    .text.ssd1306_width  ssd1306.o
    0x000130dc   0x000130dc   0x000000d8   Code   RO         2353    .text.steer_angle_ctrl  sdk.o
    0x000131b4   0x000131b4   0x00000460   Code   RO         2365    .text.steer_control  sdk.o
    0x00013614   0x00013614   0x00000038   Code   RO         2363    .text.steer_gyro_ctrl  sdk.o
    0x0001364c   0x0001364c   0x00000014   Code   RO         1687    .text.steer_servo_pwm_m1p3  npwm.o
    0x00013660   0x00013660   0x0000024c   Code   RO         2355    .text.step_motor_ctrl_dianshe  sdk.o
    0x000138ac   0x000138ac   0x00000090   Code   RO         2166    .text.temperature_state_check  sensor.o
    0x0001393c   0x0001393c   0x00000004   Code   RO         2174    .text.temperature_state_get  sensor.o
    0x00013940   0x00013940   0x00000058   Code   RO         1635    .text.timer_irq_config  ntimer.o
    0x00013998   0x00013998   0x00000394   Code   RO         2160    .text.trackless_ahrs_update  sensor.o
    0x00013d2c   0x00013d2c   0x00000890   Code   RO         2347    .text.trackless_params_init  sdk.o
    0x000145bc   0x000145bc   0x00000064   Code   RO         1773    .text.usart_irq_config  nuart.o
    0x00014620   0x00014620   0x00000044   Code   RO         2148    .text.vector3f_sub  sensor.o
    0x00014664   0x00014664   0x000000a4   Code   RO         2230    .text.vision_turn_control_50hz  gray_detection.o
    0x00014708   0x00014708   0x00000038   Code   RO         1936    .text.w25qxx_gpio_init  w25qxx.o
    0x00014740   0x00014740   0x00000498   Code   RO         1472    .text.write_6_8_number  oled.o
    0x00014bd8   0x00014bd8   0x00000438   Code   RO         1474    .text.write_6_8_number_f1  oled.o
    0x00015010   0x00015010   0x0000002e   Code   RO         2926    i.__ARM_clz         mf_p.l(depilogue.o)
    0x0001503e   0x0001503e   0x00000032   Code   RO         2880    i.__ARM_common_ll_muluu  m_ps.l(rredf.o)
    0x00015070   0x00015070   0x0000002c   Code   RO         2857    i.__ARM_fpclassify  m_ps.l(fpclassify.o)
    0x0001509c   0x0001509c   0x00000022   Code   RO         2859    i.__ARM_fpclassifyf  m_ps.l(fpclassifyf.o)
    0x000150be   0x000150be   0x000000ac   Code   RO         2875    i.__kernel_poly     m_ps.l(poly.o)
    0x0001516a   0x0001516a   0x0000000a   Code   RO         2844    i.__mathlib_dbl_infnan  m_ps.l(dunder.o)
    0x00015174   0x00015174   0x00000014   Code   RO         2849    i.__mathlib_dbl_underflow  m_ps.l(dunder.o)
    0x00015188   0x00015188   0x0000000e   Code   RO         2861    i.__mathlib_flt_divzero  m_ps.l(funder.o)
    0x00015196   0x00015196   0x0000000a   Code   RO         2862    i.__mathlib_flt_infnan  m_ps.l(funder.o)
    0x000151a0   0x000151a0   0x00000008   Code   RO         2863    i.__mathlib_flt_infnan2  m_ps.l(funder.o)
    0x000151a8   0x000151a8   0x0000000c   Code   RO         2864    i.__mathlib_flt_invalid  m_ps.l(funder.o)
    0x000151b4   0x000151b4   0x0000000e   Code   RO         2865    i.__mathlib_flt_overflow  m_ps.l(funder.o)
    0x000151c2   0x000151c2   0x0000000e   Code   RO         2867    i.__mathlib_flt_underflow  m_ps.l(funder.o)
    0x000151d0   0x000151d0   0x00000180   Code   RO         2877    i.__mathlib_rredf2  m_ps.l(rredf.o)
    0x00015350   0x00015350   0x0000000e   Code   RO         2942    i.__scatterload_copy  mc_p.l(handlers.o)
    0x0001535e   0x0001535e   0x00000002   PAD
    0x00015360   0x00015360   0x00000002   Code   RO         2943    i.__scatterload_null  mc_p.l(handlers.o)
    0x00015362   0x00015362   0x00000006   PAD
    0x00015368   0x00015368   0x0000000e   Code   RO         2944    i.__scatterload_zeroinit  mc_p.l(handlers.o)
    0x00015376   0x00015376   0x00000002   PAD
    0x00015378   0x00015378   0x0000000c   Code   RO         2910    i.__set_errno       mc_p.l(errno.o)
    0x00015384   0x00015384   0x00000118   Code   RO         2750    i.asinf             m_ps.l(asinf.o)
    0x0001549c   0x0001549c   0x0000021c   Code   RO         2754    i.atan              m_ps.l(atan.o)
    0x000156b8   0x000156b8   0x0000029c   Code   RO         2759    i.atan2f            m_ps.l(atan2f.o)
    0x00015954   0x00015954   0x00000178   Code   RO         2767    i.cosf              m_ps.l(cosf.o)
    0x00015acc   0x00015acc   0x00000620   Code   RO         2771    i.powf              m_ps.l(powf.o)
    0x000160ec   0x000160ec   0x00000184   Code   RO         2776    i.sinf              m_ps.l(sinf.o)
    0x00016270   0x00016270   0x0000002c   Code   RO         2780    i.sqrtf             m_ps.l(sqrtf.o)
    0x0001629c   0x0001629c   0x00000170   Code   RO         2784    i.tanf              m_ps.l(tanf.o)
    0x0001640c   0x0001640c   0x00000004   PAD
    0x00016410   0x00016410   0x00000098   Data   RO         2755    .constdata          m_ps.l(atan.o)
    0x000164a8   0x000164a8   0x00000140   Data   RO         2772    .constdata          m_ps.l(powf.o)
    0x000165e8   0x000165e8   0x00000020   Data   RO         2878    .constdata          m_ps.l(rredf.o)
    0x00016608   0x00016608   0x00000228   Data   RO         1500    .rodata.F6x8        oled.o
    0x00016830   0x00016830   0x00000400   Data   RO         1502    .rodata.NC_Logo     oled.o
    0x00016c30   0x00016c30   0x00000018   Data   RO         1397    .rodata.gDMA_CH0Config  ti_msp_dl_config.o
    0x00016c48   0x00016c48   0x00000002   Data   RO         1390    .rodata.gI2C_0ClockConfig  ti_msp_dl_config.o
    0x00016c4a   0x00016c4a   0x00000003   Data   RO         1376    .rodata.gPWM_0ClockConfig  ti_msp_dl_config.o
    0x00016c4d   0x00016c4d   0x00000003   PAD
    0x00016c50   0x00016c50   0x00000008   Data   RO         1377    .rodata.gPWM_0Config  ti_msp_dl_config.o
    0x00016c58   0x00016c58   0x00000003   Data   RO         1378    .rodata.gPWM_1ClockConfig  ti_msp_dl_config.o
    0x00016c5b   0x00016c5b   0x00000001   PAD
    0x00016c5c   0x00016c5c   0x00000008   Data   RO         1379    .rodata.gPWM_1Config  ti_msp_dl_config.o
    0x00016c64   0x00016c64   0x00000003   Data   RO         1380    .rodata.gPWM_2ClockConfig  ti_msp_dl_config.o
    0x00016c67   0x00016c67   0x00000001   PAD
    0x00016c68   0x00016c68   0x00000008   Data   RO         1381    .rodata.gPWM_2Config  ti_msp_dl_config.o
    0x00016c70   0x00016c70   0x00000028   Data   RO         1375    .rodata.gSYSPLLConfig  ti_msp_dl_config.o
    0x00016c98   0x00016c98   0x00000003   Data   RO         1382    .rodata.gTIMER_G0ClockConfig  ti_msp_dl_config.o
    0x00016c9b   0x00016c9b   0x00000001   PAD
    0x00016c9c   0x00016c9c   0x00000014   Data   RO         1383    .rodata.gTIMER_G0TimerConfig  ti_msp_dl_config.o
    0x00016cb0   0x00016cb0   0x00000003   Data   RO         1388    .rodata.gTIMER_G12ClockConfig  ti_msp_dl_config.o
    0x00016cb3   0x00016cb3   0x00000001   PAD
    0x00016cb4   0x00016cb4   0x00000014   Data   RO         1389    .rodata.gTIMER_G12TimerConfig  ti_msp_dl_config.o
    0x00016cc8   0x00016cc8   0x00000003   Data   RO         1384    .rodata.gTIMER_G6ClockConfig  ti_msp_dl_config.o
    0x00016ccb   0x00016ccb   0x00000001   PAD
    0x00016ccc   0x00016ccc   0x00000014   Data   RO         1385    .rodata.gTIMER_G6TimerConfig  ti_msp_dl_config.o
    0x00016ce0   0x00016ce0   0x00000003   Data   RO         1386    .rodata.gTIMER_G8ClockConfig  ti_msp_dl_config.o
    0x00016ce3   0x00016ce3   0x00000001   PAD
    0x00016ce4   0x00016ce4   0x00000014   Data   RO         1387    .rodata.gTIMER_G8TimerConfig  ti_msp_dl_config.o
    0x00016cf8   0x00016cf8   0x00000002   Data   RO         1391    .rodata.gUART_0ClockConfig  ti_msp_dl_config.o
    0x00016cfa   0x00016cfa   0x0000000a   Data   RO         1392    .rodata.gUART_0Config  ti_msp_dl_config.o
    0x00016d04   0x00016d04   0x00000002   Data   RO         1393    .rodata.gUART_1ClockConfig  ti_msp_dl_config.o
    0x00016d06   0x00016d06   0x0000000a   Data   RO         1394    .rodata.gUART_1Config  ti_msp_dl_config.o
    0x00016d10   0x00016d10   0x00000002   Data   RO         1395    .rodata.gUART_2ClockConfig  ti_msp_dl_config.o
    0x00016d12   0x00016d12   0x0000000a   Data   RO         1396    .rodata.gUART_2Config  ti_msp_dl_config.o
    0x00016d1c   0x00016d1c   0x000000b4   Data   RO         2626    .rodata.nav_point   subtask.o
    0x00016dd0   0x00016dd0   0x00000804   Data   RO         2068    .rodata.sinTable    wp_math.o
    0x000175d4   0x000175d4   0x0000028b   Data   RO         2100    .rodata.str1.1      ui.o
    0x0001785f   0x0001785f   0x00000001   PAD
    0x00017860   0x00017860   0x00000020   Data   RO         2941    Region$$Table       anon$$obj.o


    Execution Region RW_IRAM2 (Exec base: 0x20200000, Load base: 0x00017880, Size: 0x000053d8, Max: 0x00008000, ABSOLUTE, COMPRESSED[0x00000260])

    Exec Addr    Load Addr    Size         Type   Attr      Idx    E Section Name        Object

    0x20200000   COMPRESSED   0x00000004   Data   RW         2911    .data               mc_p.l(errno.o)
    0x20200004   COMPRESSED   0x00000001   Data   RW         1859    .data.IMU_ID        icm20608.o
    0x20200005   COMPRESSED   0x00000002   Data   RW         2502    .data.NCLink_End    nclink.o
    0x20200007   COMPRESSED   0x00000002   Data   RW         2500    .data.NCLink_Head   nclink.o
    0x20200009   COMPRESSED   0x00000003   PAD
    0x2020000c   COMPRESSED   0x0000003c   Data   RW         1708    .data.NEncoder      nqei.o
    0x20200048   COMPRESSED   0x00000001   Data   RW         2617    .data.auto_drive_smartcar_duty2.n  subtask.o
    0x20200049   COMPRESSED   0x00000001   Data   RW         2620    .data.auto_drive_smartcar_duty3.n  subtask.o
    0x2020004a   COMPRESSED   0x00000001   Data   RW         2625    .data.auto_drive_smartcar_duty4.n  subtask.o
    0x2020004b   COMPRESSED   0x00000001   Data   RW         2627    .data.auto_nav_point.n  subtask.o
    0x2020004c   COMPRESSED   0x00000001   Data   RW         2612    .data.auto_parallel_park.n  subtask.o
    0x2020004d   COMPRESSED   0x00000003   PAD
    0x20200050   COMPRESSED   0x00000004   Data   RW         2614    .data.auto_parallel_park.servo_ctrl_value  subtask.o
    0x20200054   COMPRESSED   0x00000001   Data   RW         2273    .data.balance_ctrl_loop_num  self_balancing.o
    0x20200055   COMPRESSED   0x00000001   Data   RW         2271    .data.balance_speed_ctrl_enable  self_balancing.o
    0x20200056   COMPRESSED   0x00000002   PAD
    0x20200058   COMPRESSED   0x00000004   Data   RW         2323    .data.balance_speed_expect  motor_control.o
    0x2020005c   COMPRESSED   0x00000004   Data   RW         2320    .data.balance_speed_ki  motor_control.o
    0x20200060   COMPRESSED   0x00000004   Data   RW         2319    .data.balance_speed_kp  motor_control.o
    0x20200064   COMPRESSED   0x00000001   Data   RW         2272    .data.balance_steer_ctrl_enable  self_balancing.o
    0x20200065   COMPRESSED   0x00000400   Data   RW         1627    .data.buffer        ssd1306.o
    0x20200465   COMPRESSED   0x00000001   Data   RW         2615    .data.flight_subtask_yaw_angle_ctrl.n  subtask.o
    0x20200466   COMPRESSED   0x00000005   Data   RW         1860    .data.icm_read_register  icm20608.o
    0x2020046b   COMPRESSED   0x00000001   Data   RW         1862    .data.imu_address   icm20608.o
    0x2020046c   COMPRESSED   0x00000004   Data   RW         2184    .data.kalman_filter.P  sensor.o
    0x20200470   COMPRESSED   0x00000004   Data   RW         2185    .data.kalman_filter.Q  sensor.o
    0x20200474   COMPRESSED   0x00000004   Data   RW         2186    .data.kalman_filter.R  sensor.o
    0x20200478   COMPRESSED   0x00000018   Data   RW         2036    .data.light_blue    rgb.o
    0x20200490   COMPRESSED   0x00000018   Data   RW         2035    .data.light_green   rgb.o
    0x202004a8   COMPRESSED   0x00000018   Data   RW         2034    .data.light_red     rgb.o
    0x202004c0   COMPRESSED   0x00000002   Data   RW         2309    .data.motion_test_pwm_default  motor_control.o
    0x202004c2   COMPRESSED   0x00000002   PAD
    0x202004c4   COMPRESSED   0x00000040   Data   RW         2494    .data.ngs_nav_ctrl  nclink.o
    0x20200504   COMPRESSED   0x0000002c   Data   RW         2608    .data.park_params   subtask.o
    0x20200530   COMPRESSED   0x00000004   Data   RW         2338    .data.period_X      motor_control.o
    0x20200534   COMPRESSED   0x00000004   Data   RW         2339    .data.period_Y      motor_control.o
    0x20200538   COMPRESSED   0x00000001   Data   RW         2101    .data.screen_display.ver_choose  ui.o
    0x20200539   COMPRESSED   0x00000001   Data   RW         2105    .data.screen_display.ver_choose.73  ui.o
    0x2020053a   COMPRESSED   0x00000001   Data   RW         2106    .data.screen_display.ver_choose.81  ui.o
    0x2020053b   COMPRESSED   0x00000001   Data   RW         2107    .data.screen_display.ver_choose.90  ui.o
    0x2020053c   COMPRESSED   0x000000dc   Data   RW         2274    .data.selfbalance_angle1_ctrl  self_balancing.o
    0x20200618   COMPRESSED   0x00000004   Data   RW         2445    .data.sign          vision.o
    0x2020061c   COMPRESSED   0x00000001   Data   RW         2305    .data.speed_ctrl_mode  motor_control.o
    0x2020061d   COMPRESSED   0x00000003   PAD
    0x20200620   COMPRESSED   0x00000008   Data   RW         2315    .data.speed_expect  motor_control.o
    0x20200628   COMPRESSED   0x00000004   Data   RW         2312    .data.speed_ki      motor_control.o
    0x2020062c   COMPRESSED   0x00000004   Data   RW         2311    .data.speed_kp      motor_control.o
    0x20200630   COMPRESSED   0x00000008   Data   RW         1625    .data.ssd1306_draw_fast_vline_internal.postmask  ssd1306.o
    0x20200638   COMPRESSED   0x00000008   Data   RW         1624    .data.ssd1306_draw_fast_vline_internal.premask  ssd1306.o
    0x20200640   COMPRESSED   0x00000004   Data   RW         2381    .data.steer_gyro_scale  sdk.o
    0x20200644   COMPRESSED   0x00000004   Data   RW         2201    .data.temp_expect   sensor.o
    0x20200648   COMPRESSED   0x00000004   Data   RW         2199    .data.temp_kd       sensor.o
    0x2020064c   COMPRESSED   0x00000004   Data   RW         2198    .data.temp_ki       sensor.o
    0x20200650   COMPRESSED   0x00000004   Data   RW         2197    .data.temp_kp       sensor.o
    0x20200654   COMPRESSED   0x00000010   Data   RW         2304    .data.trackless_motor  motor_control.o
    0x20200664   COMPRESSED   0x00000004   Data   RW         2238    .data.turn_scale    gray_detection.o
    0x20200668   COMPRESSED   0x00000001   Data   RW         2497    .data.unlock_flag   nclink.o
    0x20200669   COMPRESSED   0x00000003   PAD
    0x2020066c   COMPRESSED   0x00000014   Data   RW         1761    .data.vbat          nadc.o
    0x20200680        -       0x00000004   Zero   RW         2499    .bss.FloatUnion     nclink.o
    0x20200684        -       0x00000002   Zero   RW         1615    .bss.HEIGHT         ssd1306.o
    0x20200686        -       0x00000014   Zero   RW         2495    .bss.NCLINK_PPM_Databuf  nclink.o
    0x2020069a        -       0x00000001   Zero   RW         2506    .bss.NCLink_Data_Prase_Prepare_Lite.data_cnt  nclink.o
    0x2020069b        -       0x00000001   Zero   RW         2505    .bss.NCLink_Data_Prase_Prepare_Lite.data_len  nclink.o
    0x2020069c        -       0x00000001   Zero   RW         2507    .bss.NCLink_Data_Prase_Prepare_Lite.state  nclink.o
    0x2020069d   COMPRESSED   0x00000001   PAD
    0x2020069e        -       0x00000002   Zero   RW         2510    .bss.NCLink_SEND_StateMachine.nclink_cnt  nclink.o
    0x202006a0        -       0x0000000a   Zero   RW         2493    .bss.NCLink_Send_Ask_Flag  nclink.o
    0x202006aa        -       0x00000014   Zero   RW         2492    .bss.NCLink_Send_Check_Flag  nclink.o
    0x202006be        -       0x00000002   Zero   RW         2503    .bss.NCLink_Send_Check_Status_Parameter.cnt  nclink.o
    0x202006c0        -       0x000000b8   Zero   RW         2125    .bss.RC_Data        rc.o
    0x20200778        -       0x000000b8   Zero   RW         2126    .bss.RC_Pilot       rc.o
    0x20200830        -       0x00000004   Zero   RW         1664    .bss.TIMG0_IRQHandler._cnt  ntimer.o
    0x20200834        -       0x0000070c   Zero   RW         1928    .bss.Trackless_Params  neeprom.o
    0x20200f40        -       0x00001000   Zero   RW         1983    .bss.W25QXX_BUFFER  w25qxx.o
    0x20201f40        -       0x00000002   Zero   RW         1614    .bss.WIDTH          ssd1306.o
    0x20201f42   COMPRESSED   0x00000002   PAD
    0x20201f44        -       0x00000120   Zero   RW         1882    .bss._button        nbutton.o
    0x20202064        -       0x00000001   Zero   RW         1623    .bss._cp437         ssd1306.o
    0x20202065   COMPRESSED   0x00000003   PAD
    0x20202068        -       0x00000004   Zero   RW         2618    .bss._distance_ctrl_speed_max  subtask.o
    0x2020206c        -       0x00000002   Zero   RW         1612    .bss._height        ssd1306.o
    0x2020206e   COMPRESSED   0x00000002   PAD
    0x20202070        -       0x00000004   Zero   RW         2621    .bss._move_diagonal_angle1  subtask.o
    0x20202074        -       0x00000004   Zero   RW         2623    .bss._move_diagonal_angle2  subtask.o
    0x20202078        -       0x00000004   Zero   RW         2622    .bss._move_diagonal_distance1  subtask.o
    0x2020207c        -       0x00000004   Zero   RW         2624    .bss._move_diagonal_distance2  subtask.o
    0x20202080        -       0x00000004   Zero   RW         2619    .bss._self_guided_tracking_speed  subtask.o
    0x20202084        -       0x00000001   Zero   RW         1616    .bss._vccstate      ssd1306.o
    0x20202085   COMPRESSED   0x00000001   PAD
    0x20202086        -       0x00000002   Zero   RW         1611    .bss._width         ssd1306.o
    0x20202088        -       0x00000048   Zero   RW         2192    .bss.accel_filter_buf  sensor.o
    0x202020d0        -       0x00000018   Zero   RW         2190    .bss.accel_lpf_param  sensor.o
    0x202020e8        -       0x00000002   Zero   RW         1763    .bss.adc_value      nadc.o
    0x202020ea   COMPRESSED   0x00000002   PAD
    0x202020ec        -       0x00000064   Zero   RW         2195    .bss.ahrs           sensor.o
    0x20202150        -       0x00000002   Zero   RW         2628    .bss.auto_nav_point._times  subtask.o
    0x20202152   COMPRESSED   0x00000002   PAD
    0x20202154        -       0x00000004   Zero   RW         2613    .bss.auto_parallel_park.steer_gradient_cnt  subtask.o
    0x20202158        -       0x000000dc   Zero   RW         2387    .bss.azimuth_ctrl   sdk.o
    0x20202234        -       0x00000004   Zero   RW         2266    .bss.balance_angle_expect  self_balancing.o
    0x20202238        -       0x00000004   Zero   RW         2267    .bss.balance_angle_output  self_balancing.o
    0x2020223c        -       0x00000004   Zero   RW         2325    .bss.balance_last_speed_feedback  motor_control.o
    0x20202240        -       0x00000004   Zero   RW         2329    .bss.balance_last_speed_output  motor_control.o
    0x20202244        -       0x00000004   Zero   RW         2322    .bss.balance_speed_error  motor_control.o
    0x20202248        -       0x00000004   Zero   RW         2324    .bss.balance_speed_feedback  motor_control.o
    0x2020224c        -       0x00000004   Zero   RW         2326    .bss.balance_speed_feedback_filter  motor_control.o
    0x20202250        -       0x00000004   Zero   RW         2327    .bss.balance_speed_integral  motor_control.o
    0x20202254        -       0x00000004   Zero   RW         2321    .bss.balance_speed_kd  motor_control.o
    0x20202258        -       0x00000004   Zero   RW         2328    .bss.balance_speed_output  motor_control.o
    0x2020225c        -       0x0000001c   Zero   RW         1900    .bss.beep           ngpio.o
    0x20202278        -       0x00000001   Zero   RW         2516    .bss.bluetooth_app_prase.cnt  nclink.o
    0x20202279        -       0x00000001   Zero   RW         2517    .bss.bluetooth_app_prase.data_len  nclink.o
    0x2020227a        -       0x00000001   Zero   RW         2515    .bss.bluetooth_app_prase.state  nclink.o
    0x2020227b   COMPRESSED   0x00000001   PAD
    0x2020227c        -       0x00000010   Zero   RW         2513    .bss.bluetooth_ppm  nclink.o
    0x2020228c        -       0x00000032   Zero   RW         2518    .bss.bt_app_input_buf  nclink.o
    0x202022be        -       0x00000032   Zero   RW         2511    .bss.bt_app_output_buf  nclink.o
    0x202022f0        -       0x00000001   Zero   RW         2514    .bss.bt_update_flag  nclink.o
    0x202022f1   COMPRESSED   0x00000003   PAD
    0x202022f4        -       0x00000020   Zero   RW         2512    .bss.bt_user_data   nclink.o
    0x20202314        -       0x00000088   Zero   RW         2436    .bss.camera1        vision.o
    0x2020239c        -       0x00000002   Zero   RW         1617    .bss.cursor_x       ssd1306.o
    0x2020239e        -       0x00000002   Zero   RW         1618    .bss.cursor_y       ssd1306.o
    0x202023a0        -       0x000000dc   Zero   RW         2384    .bss.distance_ctrl  sdk.o
    0x2020247c        -       0x0000000c   Zero   RW         1926    .bss.eeprom_write_data  neeprom.o
    0x20202488        -       0x00000050   Zero   RW         2602    .bss.execute_time_ms  subtask.o
    0x202024d8        -       0x00000050   Zero   RW         2601    .bss.flight_global_cnt  subtask.o
    0x20202528        -       0x00000028   Zero   RW         2600    .bss.flight_subtask_cnt  subtask.o
    0x20202550        -       0x00000001   Zero   RW         2629    .bss.flight_subtask_jichu3.n  subtask.o
    0x20202551   COMPRESSED   0x00000003   PAD
    0x20202554        -       0x000000bc   Zero   RW         1371    .bss.gPWM_0Backup   ti_msp_dl_config.o
    0x20202610        -       0x000000bc   Zero   RW         1372    .bss.gPWM_1Backup   ti_msp_dl_config.o
    0x202026cc        -       0x00000078   Zero   RW         1373    .bss.gPWM_2Backup   ti_msp_dl_config.o
    0x20202744        -       0x00000078   Zero   RW         1374    .bss.gTIMER_G6Backup  ti_msp_dl_config.o
    0x202027bc        -       0x00000004   Zero   RW         1762    .bss.get_battery_voltage.value_filter  nadc.o
    0x202027c0        -       0x00000002   Zero   RW         1709    .bss.get_left_motor_speed.cnt1  nqei.o
    0x202027c2        -       0x00000002   Zero   RW         1710    .bss.get_right_motor_speed.cnt2  nqei.o
    0x202027c4        -       0x00000004   Zero   RW         2209    .bss.get_wheel_speed.cnt  sensor.o
    0x202027c8        -       0x00000002   Zero   RW         2248    .bss.gpio_input_check_from_vision.cnt  gray_detection.o
    0x202027ca        -       0x00000012   Zero   RW         2241    .bss.gray_state     gray_detection.o
    0x202027dc        -       0x00000008   Zero   RW         2234    .bss.gray_status    gray_detection.o
    0x202027e4        -       0x000000a0   Zero   RW         2235    .bss.gray_status_backup  gray_detection.o
    0x20202884        -       0x00000004   Zero   RW         2239    .bss.gray_status_worse  gray_detection.o
    0x20202888        -       0x00000048   Zero   RW         2191    .bss.gyro_filter_buf  sensor.o
    0x202028d0        -       0x00000018   Zero   RW         2189    .bss.gyro_lpf_param  sensor.o
    0x202028e8        -       0x00000004   Zero   RW         1442    .bss.hf_cnt         system.o
    0x202028ec        -       0x00000005   Zero   RW         1861    .bss.icm_read_check  icm20608.o
    0x202028f1   COMPRESSED   0x00000003   PAD
    0x202028f4        -       0x0000000c   Zero   RW         1865    .bss.imu_calibration.accel_sum  icm20608.o
    0x20202900        -       0x00000002   Zero   RW         1863    .bss.imu_calibration.cnt  icm20608.o
    0x20202902   COMPRESSED   0x00000002   PAD
    0x20202904        -       0x0000000c   Zero   RW         1866    .bss.imu_calibration.gyro_sum  icm20608.o
    0x20202910        -       0x0000000c   Zero   RW         1864    .bss.imu_calibration.last_gyro  icm20608.o
    0x2020291c        -       0x00000002   Zero   RW         2206    .bss.imu_temperature_ctrl.tmp_period_cnt  sensor.o
    0x2020291e   COMPRESSED   0x00000002   PAD
    0x20202920        -       0x00000040   Zero   RW         1440    .bss.irq_poriority  system.o
    0x20202960        -       0x00000001   Zero   RW         2182    .bss.kalman_filter.init  sensor.o
    0x20202961   COMPRESSED   0x00000003   PAD
    0x20202964        -       0x00000004   Zero   RW         2187    .bss.kalman_filter.k  sensor.o
    0x20202968        -       0x00000004   Zero   RW         2183    .bss.kalman_filter.x  sensor.o
    0x2020296c        -       0x00000004   Zero   RW         2336    .bss.left_pwm       motor_control.o
    0x20202970        -       0x00000004   Zero   RW         2307    .bss.motion_ctrl_pwm  motor_control.o
    0x20202974        -       0x00000064   Zero   RW         2508    .bss.nclink_buf     nclink.o
    0x202029d8        -       0x00000080   Zero   RW         2501    .bss.nclink_databuf  nclink.o
    0x20202a58        -       0x00000004   Zero   RW         2504    .bss.nclink_receive_fault_cnt  nclink.o
    0x20202a5c        -       0x00000010   Zero   RW         2509    .bss.ngs_sdk        nclink.o
    0x20202a6c        -       0x00000004   Zero   RW         1441    .bss.nmi_cnt        system.o
    0x20202a70        -       0x00000018   Zero   RW         2194    .bss.offset         sensor.o
    0x20202a88        -       0x00000002   Zero   RW         2099    .bss.page_number    ui.o
    0x20202a8a        -       0x00000014   Zero   RW         1745    .bss.ppm_rc         nppm.o
    0x20202a9e   COMPRESSED   0x00000002   PAD
    0x20202aa0        -       0x00000030   Zero   RW         2008    .bss.rangefinder    us100.o
    0x20202ad0        -       0x00000001   Zero   RW         2496    .bss.rc_update_flag  nclink.o
    0x20202ad1   COMPRESSED   0x00000003   PAD
    0x20202ad4        -       0x00000004   Zero   RW         2337    .bss.right_pwm      motor_control.o
    0x20202ad8        -       0x00000002   Zero   RW         2250    .bss.road_miss_cnt  gray_detection.o
    0x20202ada        -       0x00000001   Zero   RW         2251    .bss.road_miss_flag  gray_detection.o
    0x20202adb        -       0x00000001   Zero   RW         2252    .bss.road_restore_flag  gray_detection.o
    0x20202adc        -       0x00000001   Zero   RW         1613    .bss.rotation       ssd1306.o
    0x20202add        -       0x00000001   Zero   RW         2102    .bss.screen_display.ver_choose.36  ui.o
    0x20202ade        -       0x00000001   Zero   RW         2103    .bss.screen_display.ver_choose.43  ui.o
    0x20202adf        -       0x00000001   Zero   RW         2104    .bss.screen_display.ver_choose.64  ui.o
    0x20202ae0        -       0x00000002   Zero   RW         2556    .bss.sdk_work_mode  developer_mode.o
    0x20202ae2   COMPRESSED   0x00000002   PAD
    0x20202ae4        -       0x000001b8   Zero   RW         2247    .bss.seektrack_ctrl  gray_detection.o
    0x20202c9c        -       0x000000dc   Zero   RW         2276    .bss.selfbalance_gyro_ctrl  self_balancing.o
    0x20202d78        -       0x00000188   Zero   RW         2188    .bss.smartcar_imu   sensor.o
    0x20202f00        -       0x00000002   Zero   RW         2335    .bss.speed_control_100hz._cnt  motor_control.o
    0x20202f02   COMPRESSED   0x00000002   PAD
    0x20202f04        -       0x00000008   Zero   RW         2314    .bss.speed_error    motor_control.o
    0x20202f0c        -       0x00000008   Zero   RW         2334    .bss.speed_error_last  motor_control.o
    0x20202f14        -       0x00000008   Zero   RW         2316    .bss.speed_feedback  motor_control.o
    0x20202f1c        -       0x00000008   Zero   RW         2317    .bss.speed_integral  motor_control.o
    0x20202f24        -       0x00000004   Zero   RW         2313    .bss.speed_kd       motor_control.o
    0x20202f28        -       0x00000008   Zero   RW         2318    .bss.speed_output   motor_control.o
    0x20202f30        -       0x00000008   Zero   RW         2332    .bss.speed_output_delta  motor_control.o
    0x20202f38        -       0x00000008   Zero   RW         2333    .bss.speed_output_last  motor_control.o
    0x20202f40        -       0x00000001   Zero   RW         2306    .bss.speed_pid_mode  motor_control.o
    0x20202f41   COMPRESSED   0x00000003   PAD
    0x20202f44        -       0x00000004   Zero   RW         2310    .bss.speed_setup    motor_control.o
    0x20202f48        -       0x00000004   Zero   RW         2331    .bss.speed_smooth_output  motor_control.o
    0x20202f4c        -       0x00000002   Zero   RW         2330    .bss.speed_smooth_output_cnt  motor_control.o
    0x20202f4e        -       0x00000001   Zero   RW         2244    .bss.startpoint_check_flag  gray_detection.o
    0x20202f4f   COMPRESSED   0x00000001   PAD
    0x20202f50        -       0x00000004   Zero   RW         2243    .bss.startpoint_distance_cm  gray_detection.o
    0x20202f54        -       0x00000004   Zero   RW         2246    .bss.startpoint_straightaway_cm  gray_detection.o
    0x20202f58        -       0x00000004   Zero   RW         2443    .bss.state_my       vision.o
    0x20202f5c        -       0x00000004   Zero   RW         2377    .bss.steer_angle_error  sdk.o
    0x20202f60        -       0x00000004   Zero   RW         2376    .bss.steer_angle_expect  sdk.o
    0x20202f64        -       0x00000004   Zero   RW         2378    .bss.steer_angle_output  sdk.o
    0x20202f68        -       0x00000004   Zero   RW         2379    .bss.steer_gyro_expect  sdk.o
    0x20202f6c        -       0x00000004   Zero   RW         2380    .bss.steer_gyro_output  sdk.o
    0x20202f70        -       0x000000dc   Zero   RW         2383    .bss.steerangle_ctrl  sdk.o
    0x2020304c        -       0x000000dc   Zero   RW         2382    .bss.steergyro_ctrl  sdk.o
    0x20203128        -       0x000000dc   Zero   RW         2385    .bss.step_motor_X   sdk.o
    0x20203204        -       0x000000dc   Zero   RW         2386    .bss.step_motor_Y   sdk.o
    0x202032e0        -       0x00000004   Zero   RW         2390    .bss.step_motor_ctrl_dianshe.abs_pwm_x  sdk.o
    0x202032e4        -       0x00000004   Zero   RW         2391    .bss.step_motor_ctrl_dianshe.abs_pwm_y  sdk.o
    0x202032e8        -       0x00000004   Zero   RW         2388    .bss.step_motor_ctrl_dianshe.pwm_x  sdk.o
    0x202032ec        -       0x00000004   Zero   RW         2389    .bss.step_motor_ctrl_dianshe.pwm_y  sdk.o
    0x202032f0        -       0x00000004   Zero   RW         1439    .bss.sysTickUptime  system.o
    0x202032f4        -       0x00000010   Zero   RW         1663    .bss.t_g0           ntimer.o
    0x20203304        -       0x00000010   Zero   RW         1665    .bss.t_g1           ntimer.o
    0x20203314        -       0x00000010   Zero   RW         1667    .bss.t_g12          ntimer.o
    0x20203324        -       0x00000010   Zero   RW         1666    .bss.t_g8           ntimer.o
    0x20203334        -       0x00000001   Zero   RW         2498    .bss.takeoff_flag   nclink.o
    0x20203335   COMPRESSED   0x00000003   PAD
    0x20203338        -       0x00000008   Zero   RW         2396    .bss.target         sdk.o
    0x20203340        -       0x00000001   Zero   RW         2557    .bss.task_mode      developer_mode.o
    0x20203341   COMPRESSED   0x00000003   PAD
    0x20203344        -       0x00000004   Zero   RW         2200    .bss.temp_error     sensor.o
    0x20203348        -       0x00000004   Zero   RW         2202    .bss.temp_feedback  sensor.o
    0x2020334c        -       0x00000004   Zero   RW         2204    .bss.temp_integral  sensor.o
    0x20203350        -       0x00000004   Zero   RW         2203    .bss.temp_last_error  sensor.o
    0x20203354        -       0x00000004   Zero   RW         2205    .bss.temp_output    sensor.o
    0x20203358        -       0x00000002   Zero   RW         2207    .bss.temperature_state_check._cnt  sensor.o
    0x2020335a        -       0x00000002   Zero   RW         2208    .bss.temperature_state_check.temperature_crash_cnt  sensor.o
    0x2020335c        -       0x00000002   Zero   RW         1620    .bss.textbgcolor    ssd1306.o
    0x2020335e        -       0x00000002   Zero   RW         1621    .bss.textcolor      ssd1306.o
    0x20203360        -       0x00000001   Zero   RW         1619    .bss.textsize       ssd1306.o
    0x20203361        -       0x00000001   Zero   RW         2245    .bss.track_switch_flag  gray_detection.o
    0x20203362   COMPRESSED   0x00000002   PAD
    0x20203364        -       0x00000040   Zero   RW         2375    .bss.trackless_output  sdk.o
    0x202033a4        -       0x00000004   Zero   RW         2308    .bss.turn_ctrl_pwm  motor_control.o
    0x202033a8        -       0x00000004   Zero   RW         2236    .bss.turn_output    gray_detection.o
    0x202033ac        -       0x00000004   Zero   RW         2237    .bss.turn_output_last  gray_detection.o
    0x202033b0        -       0x00000010   Zero   RW         1813    .bss.uart2_dma_t    nuart.o
    0x202033c0        -       0x00000004   Zero   RW         2444    .bss.value1_my      vision.o
    0x202033c4        -       0x00000004   Zero   RW         2446    .bss.value2_my      vision.o
    0x202033c8        -       0x00000008   Zero   RW         2447    .bss.values         vision.o
    0x202033d0        -       0x00000002   Zero   RW         2249    .bss.vision_turn_control_50hz.cnt  gray_detection.o
    0x202033d2        -       0x00000002   Zero   RW         1982    .bss.w25qxx_id      w25qxx.o
    0x202033d4        -       0x00000001   Zero   RW         1622    .bss.wrap           ssd1306.o
    0x202033d5   COMPRESSED   0x00000003   PAD
    0x202033d8        -       0x00002000   Zero   RW         1182    STACK               startup_mspm0g350x_uvision.o



  Load Region LR_BCR (Base: 0x41c00000, Size: 0x00000000, Max: 0x00000100, ABSOLUTE)

    Execution Region BCR_CONFIG (Exec base: 0x41c00000, Load base: 0x41c00000, Size: 0x00000000, Max: 0x00000080, ABSOLUTE)

    **** No section assigned to this execution region ****



  Load Region LR_BSL (Base: 0x41c00100, Size: 0x00000000, Max: 0x00000100, ABSOLUTE)

    Execution Region BSL_CONFIG (Exec base: 0x41c00100, Load base: 0x41c00100, Size: 0x00000000, Max: 0x00000080, ABSOLUTE)

    **** No section assigned to this execution region ****


==============================================================================

Image component sizes


      Code (inc. data)   RO Data    RW Data    ZI Data      Debug   Object Name

      1836        232          0          0          3       1901   developer_mode.o
        20          0          0          0          0        638   dl_common.o
       250          4          0          0          0       4206   dl_dma.o
       340         16          0          0          0       8023   dl_i2c.o
       636         44          0          0          0      16373   dl_sysctl_mspm0g1x0x_g3x0x.o
      1206        172          0          0          0      23440   dl_timer.o
       256         12          0          0          0      10685   dl_uart.o
       702         12          0          0          0       1899   filter.o
      3852         24          0          0          0      10477   fusionahrs.o
       606         16          0          0          0       2726   fusioncompass.o
       550          8          0          0          0       2132   fusionoffset.o
      4752        432          0          4        656      10101   gray_detection.o
      2632         84          0          7         43       5508   icm20608.o
       668         48          0          0          0       4621   main.o
      2376        280          0         55        121       7815   motor_control.o
       106         28          0         20          6       1400   nadc.o
       582         24          0          0        288       5045   nbutton.o
      5010        196          0         69        463      13087   nclink.o
       240          4          0          0       1816       2763   neeprom.o
       290         12          0          0         28       4456   ngpio.o
       974         28          0          0          0       5426   ni2c.o
       310         20          0          0         20       6928   nppm.o
        20          0          0          0          0       3983   npwm.o
       638         44          0         60          4       5135   nqei.o
       412         76          0          0         68       9352   ntimer.o
       672         56          0          0         16       8273   nuart.o
      3434        136       1576          0          0      11567   oled.o
       634          0          0          0          0       4380   pid.o
       212         16          0          0        368       4040   rc.o
       482         28          0         72          0       5030   rgb.o
      5468        580          0          4       1428      14211   sdk.o
         0          0          0        223        228       2464   self_balancing.o
      4178        252          0         28        747      12349   sensor.o
      3394        140          0       1040         21      15715   ssd1306.o
        20          4        192          0       8192        776   startup_mspm0g350x_uvision.o
     11940        964        180         54        231      13952   subtask.o
       666         32          0          0         76       4915   system.o
      3770        324        227          0        616      43201   ti_msp_dl_config.o
     15508       1800        651          4          5      11638   ui.o
        96          4          0          0         48       3998   us100.o
       308         20          0          4        156       8807   vision.o
      1530         44          0          0       4098       8389   w25qxx.o
      1400         32       2052          0          0       3915   wp_math.o

    ----------------------------------------------------------------------
     83028       6248       4920       1660      19800     345740   Object Totals
         0          0         32          0          0          0   (incl. Generated)
        52          0         10         16         54          0   (incl. Padding)

    ----------------------------------------------------------------------

      Code (inc. data)   RO Data    RW Data    ZI Data      Debug   Library Member Name

       280         38          0          0          0         76   asinf.o
       540         68        152          0          0        112   atan.o
       668         76          0          0          0        120   atan2f.o
       376         58          0          0          0        104   cosf.o
        30          6          0          0          0        136   dunder.o
        44          4          0          0          0         60   fpclassify.o
        34          0          0          0          0         60   fpclassifyf.o
        72          0          0          0          0        408   funder.o
       172          0          0          0          0         76   poly.o
      1568         92        320          0          0        172   powf.o
       434         18         32          0          0        168   rredf.o
       388         58          0          0          0        104   sinf.o
        44          0          0          0          0         72   sqrtf.o
       368         56          0          0          0        100   tanf.o
        86          0          0          0          0          0   __dczerorl2.o
         0          0          0          0          0          0   entry.o
         0          0          0          0          0          0   entry10a.o
         0          0          0          0          0          0   entry11a.o
         8          4          0          0          0          0   entry2.o
         4          0          0          0          0          0   entry5.o
         0          0          0          0          0          0   entry7b.o
         0          0          0          0          0          0   entry8b.o
         8          4          0          0          0          0   entry9a.o
        12          6          0          4          0         60   errno.o
        30          0          0          0          0          0   handlers.o
        80          6          0          0          0         72   idiv_div0.o
        48         10          0          0          0         68   init.o
         0          0          0          0          0          0   iusefp.o
        32          0          0          0          0         68   llshl.o
        38          0          0          0          0         68   llsshr.o
        34          0          0          0          0         68   llushr.o
        36          0          0          0          0         60   memcpya.o
        36          0          0          0          0        100   memseta.o
        62          0          0          0          0         72   uidiv_div0.o
        56          0          0          0          0         68   d2f.o
       356          4          0          0          0        140   dadd.o
        44          0          0          0          0         68   dcmpgt.o
        44          0          0          0          0         68   dcmple.o
       240          6          0          0          0         84   ddiv.o
       236          0          0          0          0        216   depilogue.o
        40          6          0          0          0         68   dflti.o
       208          6          0          0          0         88   dmul.o
        44          0          0          0          0         72   dscalb.o
        40          0          0          0          0         60   f2d.o
       178          0          0          0          0        108   fadd.o
        28          0          0          0          0         60   fcmpeq.o
        28          0          0          0          0         60   fcmpge.o
        28          0          0          0          0         60   fcmpgt.o
        28          0          0          0          0         60   fcmple.o
        28          0          0          0          0         60   fcmplt.o
       124          0          0          0          0         72   fdiv.o
       130          0          0          0          0        144   fepilogue.o
        50          0          0          0          0         60   ffixi.o
        76          0          0          0          0         68   ffixir.o
        40          0          0          0          0         60   ffixui.o
        22          0          0          0          0         68   fflti.o
        14          0          0          0          0         68   ffltui.o
       122          0          0          0          0         72   fmul.o
         4          0          0          0          0         60   fpstat.o
        62          0          0          0          0         68   frnd.o
        24          0          0          0          0         60   fscalb.o
        88          0          0          0          0         72   fsqrt.o

    ----------------------------------------------------------------------
      7932        530        504          4          0       4616   Library Totals
        18          4          0          0          0          0   (incl. Padding)

    ----------------------------------------------------------------------

      Code (inc. data)   RO Data    RW Data    ZI Data      Debug   Library Name

      5018        474        504          0          0       1768   m_ps.l
       514         30          0          4          0        636   mc_p.l
      2382         22          0          0          0       2212   mf_p.l

    ----------------------------------------------------------------------
      7932        530        504          4          0       4616   Library Totals

    ----------------------------------------------------------------------

==============================================================================


      Code (inc. data)   RO Data    RW Data    ZI Data      Debug   

     90960       6778       5424       1664      19800     347316   Grand Totals
     90960       6778       5424        608      19800     347316   ELF Image Totals (compressed)
     90960       6778       5424        608          0          0   ROM Totals

==============================================================================

    Total RO  Size (Code + RO Data)                96384 (  94.12kB)
    Total RW  Size (RW Data + ZI Data)             21464 (  20.96kB)
    Total ROM Size (Code + RO Data + RW Data)      96992 (  94.72kB)

==============================================================================

